Component: ARM Compiler 5.06 update 6 (build 750) Tool: armlink [4d35ed]

==============================================================================

Section Cross References

    startup_stm32f103xe.o(RESET) refers to startup_stm32f103xe.o(STACK) for __initial_sp
    startup_stm32f103xe.o(RESET) refers to startup_stm32f103xe.o(.text) for Reset_Handler
    startup_stm32f103xe.o(RESET) refers to stm32f1xx_it.o(i.NMI_Handler) for NMI_Handler
    startup_stm32f103xe.o(RESET) refers to stm32f1xx_it.o(i.HardFault_Handler) for HardFault_Handler
    startup_stm32f103xe.o(RESET) refers to stm32f1xx_it.o(i.MemManage_Handler) for MemManage_Handler
    startup_stm32f103xe.o(RESET) refers to stm32f1xx_it.o(i.BusFault_Handler) for BusFault_Handler
    startup_stm32f103xe.o(RESET) refers to stm32f1xx_it.o(i.UsageFault_Handler) for UsageFault_Handler
    startup_stm32f103xe.o(RESET) refers to stm32f1xx_it.o(i.SVC_Handler) for SVC_Handler
    startup_stm32f103xe.o(RESET) refers to stm32f1xx_it.o(i.DebugMon_Handler) for DebugMon_Handler
    startup_stm32f103xe.o(RESET) refers to stm32f1xx_it.o(i.PendSV_Handler) for PendSV_Handler
    startup_stm32f103xe.o(RESET) refers to stm32f1xx_it.o(i.SysTick_Handler) for SysTick_Handler
    startup_stm32f103xe.o(RESET) refers to stm32f1xx_it.o(i.CAN1_RX1_IRQHandler) for CAN1_RX1_IRQHandler
    startup_stm32f103xe.o(RESET) refers to stm32f1xx_it.o(i.USART1_IRQHandler) for USART1_IRQHandler
    startup_stm32f103xe.o(.text) refers to system_stm32f1xx.o(i.SystemInit) for SystemInit
    startup_stm32f103xe.o(.text) refers to entry.o(.ARM.Collect$$$$00000000) for __main
    main.o(i.SystemClock_Config) refers to memseta.o(.text) for __aeabi_memclr4
    main.o(i.SystemClock_Config) refers to stm32f1xx_hal_rcc.o(i.HAL_RCC_OscConfig) for HAL_RCC_OscConfig
    main.o(i.SystemClock_Config) refers to main.o(i.Error_Handler) for Error_Handler
    main.o(i.SystemClock_Config) refers to stm32f1xx_hal_rcc.o(i.HAL_RCC_ClockConfig) for HAL_RCC_ClockConfig
    main.o(i.main) refers to stm32f1xx_hal.o(i.HAL_Init) for HAL_Init
    main.o(i.main) refers to main.o(i.SystemClock_Config) for SystemClock_Config
    main.o(i.main) refers to gpio.o(i.MX_GPIO_Init) for MX_GPIO_Init
    main.o(i.main) refers to can.o(i.MX_CAN_Init) for MX_CAN_Init
    main.o(i.main) refers to usart.o(i.MX_USART1_UART_Init) for MX_USART1_UART_Init
    main.o(i.main) refers to crc.o(i.MX_CRC_Init) for MX_CRC_Init
    main.o(i.main) refers to i2c.o(i.MX_I2C1_Init) for MX_I2C1_Init
    main.o(i.main) refers to spi.o(i.MX_SPI2_Init) for MX_SPI2_Init
    main.o(i.main) refers to app_update.o(i.App_update_init) for App_update_init
    main.o(i.main) refers to app_update.o(i.App_update_work) for App_update_work
    gpio.o(i.MX_GPIO_Init) refers to stm32f1xx_hal_gpio.o(i.HAL_GPIO_WritePin) for HAL_GPIO_WritePin
    gpio.o(i.MX_GPIO_Init) refers to stm32f1xx_hal_gpio.o(i.HAL_GPIO_Init) for HAL_GPIO_Init
    can.o(i.HAL_CAN_MspDeInit) refers to stm32f1xx_hal_gpio.o(i.HAL_GPIO_DeInit) for HAL_GPIO_DeInit
    can.o(i.HAL_CAN_MspDeInit) refers to stm32f1xx_hal_cortex.o(i.HAL_NVIC_DisableIRQ) for HAL_NVIC_DisableIRQ
    can.o(i.HAL_CAN_MspInit) refers to stm32f1xx_hal_gpio.o(i.HAL_GPIO_Init) for HAL_GPIO_Init
    can.o(i.HAL_CAN_MspInit) refers to stm32f1xx_hal_cortex.o(i.HAL_NVIC_SetPriority) for HAL_NVIC_SetPriority
    can.o(i.HAL_CAN_MspInit) refers to stm32f1xx_hal_cortex.o(i.HAL_NVIC_EnableIRQ) for HAL_NVIC_EnableIRQ
    can.o(i.MX_CAN_Init) refers to stm32f1xx_hal_can.o(i.HAL_CAN_Init) for HAL_CAN_Init
    can.o(i.MX_CAN_Init) refers to main.o(i.Error_Handler) for Error_Handler
    can.o(i.MX_CAN_Init) refers to can.o(.bss) for hcan
    crc.o(i.MX_CRC_Init) refers to stm32f1xx_hal_crc.o(i.HAL_CRC_Init) for HAL_CRC_Init
    crc.o(i.MX_CRC_Init) refers to main.o(i.Error_Handler) for Error_Handler
    crc.o(i.MX_CRC_Init) refers to crc.o(.data) for hcrc
    i2c.o(i.HAL_I2C_MspDeInit) refers to stm32f1xx_hal_gpio.o(i.HAL_GPIO_DeInit) for HAL_GPIO_DeInit
    i2c.o(i.HAL_I2C_MspInit) refers to stm32f1xx_hal_gpio.o(i.HAL_GPIO_Init) for HAL_GPIO_Init
    i2c.o(i.MX_I2C1_Init) refers to stm32f1xx_hal_i2c.o(i.HAL_I2C_Init) for HAL_I2C_Init
    i2c.o(i.MX_I2C1_Init) refers to main.o(i.Error_Handler) for Error_Handler
    i2c.o(i.MX_I2C1_Init) refers to i2c.o(.bss) for hi2c1
    spi.o(i.HAL_SPI_MspDeInit) refers to stm32f1xx_hal_gpio.o(i.HAL_GPIO_DeInit) for HAL_GPIO_DeInit
    spi.o(i.HAL_SPI_MspInit) refers to stm32f1xx_hal_gpio.o(i.HAL_GPIO_Init) for HAL_GPIO_Init
    spi.o(i.MX_SPI2_Init) refers to stm32f1xx_hal_spi.o(i.HAL_SPI_Init) for HAL_SPI_Init
    spi.o(i.MX_SPI2_Init) refers to main.o(i.Error_Handler) for Error_Handler
    spi.o(i.MX_SPI2_Init) refers to spi.o(.bss) for hspi2
    usart.o(i.HAL_UART_MspDeInit) refers to stm32f1xx_hal_gpio.o(i.HAL_GPIO_DeInit) for HAL_GPIO_DeInit
    usart.o(i.HAL_UART_MspDeInit) refers to stm32f1xx_hal_cortex.o(i.HAL_NVIC_DisableIRQ) for HAL_NVIC_DisableIRQ
[...]
    Removing stm32f1xx_hal_uart.o(i.HAL_UART_GetState), (20 bytes).
    Removing stm32f1xx_hal_uart.o(i.HAL_UART_MspDeInit), (2 bytes).
    Removing stm32f1xx_hal_uart.o(i.HAL_UART_MspInit), (2 bytes).
    Removing stm32f1xx_hal_uart.o(i.HAL_UART_Receive), (194 bytes).
    Removing stm32f1xx_hal_uart.o(i.HAL_UART_Receive_DMA), (44 bytes).
    Removing stm32f1xx_hal_uart.o(i.HAL_UART_Receive_IT), (44 bytes).
    Removing stm32f1xx_hal_uart.o(i.HAL_UART_RxHalfCpltCallback), (2 bytes).
    Removing stm32f1xx_hal_uart.o(i.HAL_UART_Transmit_DMA), (140 bytes).
    Removing stm32f1xx_hal_uart.o(i.HAL_UART_Transmit_IT), (56 bytes).
    Removing stm32f1xx_hal_uart.o(i.HAL_UART_TxHalfCpltCallback), (2 bytes).
    Removing stm32f1xx_hal_uart.o(i.UART_DMAError), (80 bytes).
    Removing stm32f1xx_hal_uart.o(i.UART_DMAReceiveCplt), (180 bytes).
    Removing stm32f1xx_hal_uart.o(i.UART_DMARxAbortCallback), (56 bytes).
    Removing stm32f1xx_hal_uart.o(i.UART_DMARxHalfCplt), (36 bytes).
    Removing stm32f1xx_hal_uart.o(i.UART_DMARxOnlyAbortCallback), (28 bytes).
    Removing stm32f1xx_hal_uart.o(i.UART_DMATransmitCplt), (88 bytes).
    Removing stm32f1xx_hal_uart.o(i.UART_DMATxAbortCallback), (56 bytes).
    Removing stm32f1xx_hal_uart.o(i.UART_DMATxHalfCplt), (14 bytes).
    Removing stm32f1xx_hal_uart.o(i.UART_DMATxOnlyAbortCallback), (24 bytes).
    Removing stm32f1xx_hal_uart.o(i.UART_EndTxTransfer), (38 bytes).
    Removing stm32f1xx_hal_uart.o(i.UART_Start_Receive_DMA), (200 bytes).
    Removing system_stm32f1xx.o(.rev16_text), (4 bytes).
    Removing system_stm32f1xx.o(.revsh_text), (4 bytes).
    Removing system_stm32f1xx.o(.rrx_text), (6 bytes).
    Removing system_stm32f1xx.o(i.SystemCoreClockUpdate), (164 bytes).
    Removing int_can.o(.rev16_text), (4 bytes).
    Removing int_can.o(.revsh_text), (4 bytes).
    Removing int_can.o(.rrx_text), (6 bytes).
    Removing int_can.o(i.Int_CAN_init), (20 bytes).
    Removing int_can.o(i.Int_CAN_receive_msg), (72 bytes).
    Removing app_update.o(.rev16_text), (4 bytes).
    Removing app_update.o(.revsh_text), (4 bytes).
    Removing app_update.o(.rrx_text), (6 bytes).
    Removing int_w24c02.o(.rev16_text), (4 bytes).
    Removing int_w24c02.o(.revsh_text), (4 bytes).
    Removing int_w24c02.o(.rrx_text), (6 bytes).
    Removing int_w24c02.o(i.Int_w24c02_read_byte), (40 bytes).
    Removing int_w24c02.o(i.Int_w24c02_read_bytes), (36 bytes).
    Removing int_w24c02.o(i.Int_w24c02_write_byte), (40 bytes).
    Removing int_w25q32.o(.rev16_text), (4 bytes).
    Removing int_w25q32.o(.revsh_text), (4 bytes).
    Removing int_w25q32.o(.rrx_text), (6 bytes).
    Removing int_w25q32.o(i.Int_w25q32_read_data), (94 bytes).
    Removing int_w25q32.o(i.Int_w25q32_read_id), (50 bytes).
    Removing int_w25q32.o(i.Int_w25q32_write_data), (94 bytes).
    Removing can_bus.o(.rev16_text), (4 bytes).
    Removing can_bus.o(.revsh_text), (4 bytes).
    Removing can_bus.o(.rrx_text), (6 bytes).
    Removing can_adapter.o(.rev16_text), (4 bytes).
    Removing can_adapter.o(.revsh_text), (4 bytes).
    Removing can_adapter.o(.rrx_text), (6 bytes).
    Removing storage_adapter.o(.rev16_text), (4 bytes).
    Removing storage_adapter.o(.revsh_text), (4 bytes).
    Removing storage_adapter.o(.rrx_text), (6 bytes).
    Removing dadd.o(.text), (334 bytes).
    Removing dmul.o(.text), (228 bytes).
    Removing ddiv.o(.text), (222 bytes).
    Removing dfixul.o(.text), (48 bytes).
    Removing cdrcmple.o(.text), (48 bytes).
    Removing depilogue.o(.text), (186 bytes).

430 unused section(s) (total 38954 bytes) removed from the image.

==============================================================================

Image Symbol Table

    Local Symbols

    Symbol Name                              Value     Ov Type        Size  Object(Section)

    ../Core/Src/can.c                        0x00000000   Number         0  can.o ABSOLUTE
    ../Core/Src/crc.c                        0x00000000   Number         0  crc.o ABSOLUTE
    ../Core/Src/gpio.c                       0x00000000   Number         0  gpio.o ABSOLUTE
    ../Core/Src/i2c.c                        0x00000000   Number         0  i2c.o ABSOLUTE
    ../Core/Src/main.c                       0x00000000   Number         0  main.o ABSOLUTE
    ../Core/Src/spi.c                        0x00000000   Number         0  spi.o ABSOLUTE
    ../Core/Src/stm32f1xx_hal_msp.c          0x00000000   Number         0  stm32f1xx_hal_msp.o ABSOLUTE
    ../Core/Src/stm32f1xx_it.c               0x00000000   Number         0  stm32f1xx_it.o ABSOLUTE
    ../Core/Src/system_stm32f1xx.c           0x00000000   Number         0  system_stm32f1xx.o ABSOLUTE
    ../Core/Src/usart.c                      0x00000000   Number         0  usart.o ABSOLUTE
    ../Drivers/STM32F1xx_HAL_Driver/Src/stm32f1xx_hal.c 0x00000000   Number         0  stm32f1xx_hal.o ABSOLUTE
    ../Drivers/STM32F1xx_HAL_Driver/Src/stm32f1xx_hal_can.c 0x00000000   Number         0  stm32f1xx_hal_can.o ABSOLUTE
    ../Drivers/STM32F1xx_HAL_Driver/Src/stm32f1xx_hal_cortex.c 0x00000000   Number         0  stm32f1xx_hal_cortex.o ABSOLUTE
    ../Drivers/STM32F1xx_HAL_Driver/Src/stm32f1xx_hal_crc.c 0x00000000   Number         0  stm32f1xx_hal_crc.o ABSOLUTE
    ../Drivers/STM32F1xx_HAL_Driver/Src/stm32f1xx_hal_dma.c 0x00000000   Number         0  stm32f1xx_hal_dma.o ABSOLUTE
    ../Drivers/STM32F1xx_HAL_Driver/Src/stm32f1xx_hal_exti.c 0x00000000   Number         0  stm32f1xx_hal_exti.o ABSOLUTE
    ../Drivers/STM32F1xx_HAL_Driver/Src/stm32f1xx_hal_flash.c 0x00000000   Number         0  stm32f1xx_hal_flash.o ABSOLUTE
    ../Drivers/STM32F1xx_HAL_Driver/Src/stm32f1xx_hal_flash_ex.c 0x00000000   Number         0  stm32f1xx_hal_flash_ex.o ABSOLUTE
    ../Drivers/STM32F1xx_HAL_Driver/Src/stm32f1xx_hal_gpio.c 0x00000000   Number         0  stm32f1xx_hal_gpio.o ABSOLUTE
    ../Drivers/STM32F1xx_HAL_Driver/Src/stm32f1xx_hal_gpio_ex.c 0x00000000   Number         0  stm32f1xx_hal_gpio_ex.o ABSOLUTE
    ../Drivers/STM32F1xx_HAL_Driver/Src/stm32f1xx_hal_i2c.c 0x00000000   Number         0  stm32f1xx_hal_i2c.o ABSOLUTE
    ../Drivers/STM32F1xx_HAL_Driver/Src/stm32f1xx_hal_pwr.c 0x00000000   Number         0  stm32f1xx_hal_pwr.o ABSOLUTE
    ../Drivers/STM32F1xx_HAL_Driver/Src/stm32f1xx_hal_rcc.c 0x00000000   Number         0  stm32f1xx_hal_rcc.o ABSOLUTE
    ../Drivers/STM32F1xx_HAL_Driver/Src/stm32f1xx_hal_rcc_ex.c 0x00000000   Number         0  stm32f1xx_hal_rcc_ex.o ABSOLUTE
    ../Drivers/STM32F1xx_HAL_Driver/Src/stm32f1xx_hal_spi.c 0x00000000   Number         0  stm32f1xx_hal_spi.o ABSOLUTE
    ../Drivers/STM32F1xx_HAL_Driver/Src/stm32f1xx_hal_uart.c 0x00000000   Number         0  stm32f1xx_hal_uart.o ABSOLUTE
    ../clib/microlib/division.c              0x00000000   Number         0  uidiv.o ABSOLUTE
    ../clib/microlib/division.c              0x00000000   Number         0  uldiv.o ABSOLUTE
    ../clib/microlib/init/entry.s            0x00000000   Number         0  entry8b.o ABSOLUTE
    ../clib/microlib/init/entry.s            0x00000000   Number         0  entry2.o ABSOLUTE
    ../clib/microlib/init/entry.s            0x00000000   Number         0  entry11b.o ABSOLUTE
    ../clib/microlib/init/entry.s            0x00000000   Number         0  entry.o ABSOLUTE
    ../clib/microlib/init/entry.s            0x00000000   Number         0  entry7a.o ABSOLUTE
    ../clib/microlib/init/entry.s            0x00000000   Number         0  entry7b.o ABSOLUTE
    ../clib/microlib/init/entry.s            0x00000000   Number         0  entry9a.o ABSOLUTE
    ../clib/microlib/init/entry.s            0x00000000   Number         0  entry10a.o ABSOLUTE
    ../clib/microlib/init/entry.s            0x00000000   Number         0  entry10b.o ABSOLUTE
    ../clib/microlib/init/entry.s            0x00000000   Number         0  entry11a.o ABSOLUTE
    ../clib/microlib/init/entry.s            0x00000000   Number         0  entry8a.o ABSOLUTE
    ../clib/microlib/init/entry.s            0x00000000   Number         0  entry9b.o ABSOLUTE
    ../clib/microlib/init/entry.s            0x00000000   Number         0  entry5.o ABSOLUTE
    ../clib/microlib/longlong.c              0x00000000   Number         0  llsshr.o ABSOLUTE
    ../clib/microlib/longlong.c              0x00000000   Number         0  llushr.o ABSOLUTE
    ../clib/microlib/longlong.c              0x00000000   Number         0  llshl.o ABSOLUTE
    ../clib/microlib/printf/printf.c         0x00000000   Number         0  printf2.o ABSOLUTE
    ../clib/microlib/printf/printf.c         0x00000000   Number         0  printf1.o ABSOLUTE
    ../clib/microlib/printf/printf.c         0x00000000   Number         0  printf0.o ABSOLUTE
    ../clib/microlib/printf/printf.c         0x00000000   Number         0  printfb.o ABSOLUTE
    ../clib/microlib/printf/printf.c         0x00000000   Number         0  printf4.o ABSOLUTE
    ../clib/microlib/printf/printf.c         0x00000000   Number         0  printf5.o ABSOLUTE
    ../clib/microlib/printf/printf.c         0x00000000   Number         0  printf3.o ABSOLUTE
    ../clib/microlib/printf/printf.c         0x00000000   Number         0  printf6.o ABSOLUTE
    ../clib/microlib/printf/printf.c         0x00000000   Number         0  printf7.o ABSOLUTE
    ../clib/microlib/printf/printf.c         0x00000000   Number         0  printf8.o ABSOLUTE
    ../clib/microlib/printf/printf.c         0x00000000   Number         0  printfa.o ABSOLUTE
    ../clib/microlib/printf/stubs.s          0x00000000   Number         0  stubs.o ABSOLUTE
    ../clib/microlib/stdio/streams.c         0x00000000   Number         0  stdout.o ABSOLUTE
    ../clib/microlib/string/memset.c         0x00000000   Number         0  memseta.o ABSOLUTE
    ../clib/microlib/string/strstr.c         0x00000000   Number         0  strstr.o ABSOLUTE
    ../clib/microlib/stubs.s                 0x00000000   Number         0  iusefp.o ABSOLUTE
    ../fplib/microlib/fpadd.c                0x00000000   Number         0  dadd.o ABSOLUTE
    ../fplib/microlib/fpdiv.c                0x00000000   Number         0  ddiv.o ABSOLUTE
    ../fplib/microlib/fpepilogue.c           0x00000000   Number         0  depilogue.o ABSOLUTE
    ../fplib/microlib/fpfix.c                0x00000000   Number         0  dfixul.o ABSOLUTE
    ../fplib/microlib/fpmul.c                0x00000000   Number         0  dmul.o ABSOLUTE
    ..\Core\Src\can.c                        0x00000000   Number         0  can.o ABSOLUTE
    ..\Core\Src\crc.c                        0x00000000   Number         0  crc.o ABSOLUTE
    ..\Core\Src\gpio.c                       0x00000000   Number         0  gpio.o ABSOLUTE
    ..\Core\Src\i2c.c                        0x00000000   Number         0  i2c.o ABSOLUTE
    ..\Core\Src\main.c                       0x00000000   Number         0  main.o ABSOLUTE
    ..\Core\Src\spi.c                        0x00000000   Number         0  spi.o ABSOLUTE
    ..\Core\Src\stm32f1xx_hal_msp.c          0x00000000   Number         0  stm32f1xx_hal_msp.o ABSOLUTE
    ..\Core\Src\stm32f1xx_it.c               0x00000000   Number         0  stm32f1xx_it.o ABSOLUTE
    ..\Core\Src\system_stm32f1xx.c           0x00000000   Number         0  system_stm32f1xx.o ABSOLUTE
    ..\Core\Src\usart.c                      0x00000000   Number         0  usart.o ABSOLUTE
    ..\Drivers\BSP\Int_can.c                 0x00000000   Number         0  int_can.o ABSOLUTE
    ..\Drivers\BSP\Int_w24c02.c              0x00000000   Number         0  int_w24c02.o ABSOLUTE
    ..\Drivers\BSP\Int_w25q32.c              0x00000000   Number         0  int_w25q32.o ABSOLUTE
    ..\Drivers\BSP\app_update.c              0x00000000   Number         0  app_update.o ABSOLUTE
    ..\Drivers\BSP\can_adapter.c             0x00000000   Number         0  can_adapter.o ABSOLUTE
    ..\Drivers\BSP\can_bus.c                 0x00000000   Number         0  can_bus.o ABSOLUTE
    ..\Drivers\BSP\storage.c                 0x00000000   Number         0  storage.o ABSOLUTE
    ..\Drivers\BSP\storage_adapter.c         0x00000000   Number         0  storage_adapter.o ABSOLUTE
    ..\Drivers\STM32F1xx_HAL_Driver\Src\stm32f1xx_hal.c 0x00000000   Number         0  stm32f1xx_hal.o ABSOLUTE
    ..\Drivers\STM32F1xx_HAL_Driver\Src\stm32f1xx_hal_can.c 0x00000000   Number         0  stm32f1xx_hal_can.o ABSOLUTE
    ..\Drivers\STM32F1xx_HAL_Driver\Src\stm32f1xx_hal_cortex.c 0x00000000   Number         0  stm32f1xx_hal_cortex.o ABSOLUTE
    ..\Drivers\STM32F1xx_HAL_Driver\Src\stm32f1xx_hal_crc.c 0x00000000   Number         0  stm32f1xx_hal_crc.o ABSOLUTE
    ..\Drivers\STM32F1xx_HAL_Driver\Src\stm32f1xx_hal_dma.c 0x00000000   Number         0  stm32f1xx_hal_dma.o ABSOLUTE
    ..\Drivers\STM32F1xx_HAL_Driver\Src\stm32f1xx_hal_exti.c 0x00000000   Number         0  stm32f1xx_hal_exti.o ABSOLUTE
    ..\Drivers\STM32F1xx_HAL_Driver\Src\stm32f1xx_hal_flash.c 0x00000000   Number         0  stm32f1xx_hal_flash.o ABSOLUTE
    ..\Drivers\STM32F1xx_HAL_Driver\Src\stm32f1xx_hal_flash_ex.c 0x00000000   Number         0  stm32f1xx_hal_flash_ex.o ABSOLUTE
    ..\Drivers\STM32F1xx_HAL_Driver\Src\stm32f1xx_hal_gpio.c 0x00000000   Number         0  stm32f1xx_hal_gpio.o ABSOLUTE
    ..\Drivers\STM32F1xx_HAL_Driver\Src\stm32f1xx_hal_gpio_ex.c 0x00000000   Number         0  stm32f1xx_hal_gpio_ex.o ABSOLUTE
    ..\Drivers\STM32F1xx_HAL_Driver\Src\stm32f1xx_hal_i2c.c 0x00000000   Number         0  stm32f1xx_hal_i2c.o ABSOLUTE
    ..\Drivers\STM32F1xx_HAL_Driver\Src\stm32f1xx_hal_pwr.c 0x00000000   Number         0  stm32f1xx_hal_pwr.o ABSOLUTE
    ..\Drivers\STM32F1xx_HAL_Driver\Src\stm32f1xx_hal_rcc.c 0x00000000   Number         0  stm32f1xx_hal_rcc.o ABSOLUTE
    ..\Drivers\STM32F1xx_HAL_Driver\Src\stm32f1xx_hal_rcc_ex.c 0x00000000   Number         0  stm32f1xx_hal_rcc_ex.o ABSOLUTE
    ..\Drivers\STM32F1xx_HAL_Driver\Src\stm32f1xx_hal_spi.c 0x00000000   Number         0  stm32f1xx_hal_spi.o ABSOLUTE
    ..\Drivers\STM32F1xx_HAL_Driver\Src\stm32f1xx_hal_uart.c 0x00000000   Number         0  stm32f1xx_hal_uart.o ABSOLUTE
    ..\\Drivers\\BSP\\Int_can.c              0x00000000   Number         0  int_can.o ABSOLUTE
    ..\\Drivers\\BSP\\Int_w24c02.c           0x00000000   Number         0  int_w24c02.o ABSOLUTE
    ..\\Drivers\\BSP\\Int_w25q32.c           0x00000000   Number         0  int_w25q32.o ABSOLUTE
    ..\\Drivers\\BSP\\app_update.c           0x00000000   Number         0  app_update.o ABSOLUTE
    ..\\Drivers\\BSP\\can_adapter.c          0x00000000   Number         0  can_adapter.o ABSOLUTE
    ..\\Drivers\\BSP\\can_bus.c              0x00000000   Number         0  can_bus.o ABSOLUTE
    ..\\Drivers\\BSP\\storage_adapter.c      0x00000000   Number         0  storage_adapter.o ABSOLUTE
    cdrcmple.s                               0x00000000   Number         0  cdrcmple.o ABSOLUTE
    dc.s                                     0x00000000   Number         0  dc.o ABSOLUTE
    handlers.s                               0x00000000   Number         0  handlers.o ABSOLUTE
    init.s                                   0x00000000   Number         0  init.o ABSOLUTE
    startup_stm32f103xe.s                    0x00000000   Number         0  startup_stm32f103xe.o ABSOLUTE
    RESET                                    0x0800c000   Section      304  startup_stm32f103xe.o(RESET)
    .ARM.Collect$$$$00000000                 0x0800c130   Section        0  entry.o(.ARM.Collect$$$$00000000)
    .ARM.Collect$$$$00000001                 0x0800c130   Section        4  entry2.o(.ARM.Collect$$$$00000001)
    .ARM.Collect$$$$00000004                 0x0800c134   Section        4  entry5.o(.ARM.Collect$$$$00000004)
    .ARM.Collect$$$$00000008                 0x0800c138   Section        0  entry7b.o(.ARM.Collect$$$$00000008)
    .ARM.Collect$$$$0000000A                 0x0800c138   Section        0  entry8b.o(.ARM.Collect$$$$0000000A)
    .ARM.Collect$$$$0000000B                 0x0800c138   Section        8  entry9a.o(.ARM.Collect$$$$0000000B)
    .ARM.Collect$$$$0000000D                 0x0800c140   Section        0  entry10a.o(.ARM.Collect$$$$0000000D)
    .ARM.Collect$$$$0000000F                 0x0800c140   Section        0  entry11a.o(.ARM.Collect$$$$0000000F)
    .ARM.Collect$$$$00002712                 0x0800c140   Section        4  entry2.o(.ARM.Collect$$$$00002712)
    __lit__00000000                          0x0800c140   Data           4  entry2.o(.ARM.Collect$$$$00002712)
    .text                                    0x0800c144   Section       36  startup_stm32f103xe.o(.text)
    .text                                    0x0800c168   Section        0  llushr.o(.text)
    .text                                    0x0800c188   Section        0  memseta.o(.text)
    .text                                    0x0800c1ac   Section        0  strstr.o(.text)
    .text                                    0x0800c1d0   Section        0  uldiv.o(.text)
    .text                                    0x0800c234   Section       36  init.o(.text)
    .text                                    0x0800c258   Section        0  llshl.o(.text)
    i.App_update_init                        0x0800c278   Section        0  app_update.o(i.App_update_init)
    i.App_update_work                        0x0800c2d0   Section        0  app_update.o(i.App_update_work)
    i.BusFault_Handler                       0x0800c324   Section        0  stm32f1xx_it.o(i.BusFault_Handler)
    i.CAN1_RX1_IRQHandler                    0x0800c328   Section        0  stm32f1xx_it.o(i.CAN1_RX1_IRQHandler)
    i.DebugMon_Handler                       0x0800c338   Section        0  stm32f1xx_it.o(i.DebugMon_Handler)
    i.Error_Handler                          0x0800c33a   Section        0  main.o(i.Error_Handler)
    i.HAL_CAN_ActivateNotification           0x0800c340   Section        0  stm32f1xx_hal_can.o(i.HAL_CAN_ActivateNotification)
    i.HAL_CAN_AddTxMessage                   0x0800c36a   Section        0  stm32f1xx_hal_can.o(i.HAL_CAN_AddTxMessage)
    i.HAL_CAN_ConfigFilter                   0x0800c4b4   Section        0  stm32f1xx_hal_can.o(i.HAL_CAN_ConfigFilter)
    i.HAL_CAN_ErrorCallback                  0x0800c5be   Section        0  stm32f1xx_hal_can.o(i.HAL_CAN_ErrorCallback)
    i.HAL_CAN_GetRxMessage                   0x0800c5c0   Section        0  stm32f1xx_hal_can.o(i.HAL_CAN_GetRxMessage)
    i.HAL_CAN_GetTxMailboxesFreeLevel        0x0800c754   Section        0  stm32f1xx_hal_can.o(i.HAL_CAN_GetTxMailboxesFreeLevel)
    i.HAL_CAN_IRQHandler                     0x0800c78a   Section        0  stm32f1xx_hal_can.o(i.HAL_CAN_IRQHandler)
    i.HAL_CAN_Init                           0x0800c9d8   Section        0  stm32f1xx_hal_can.o(i.HAL_CAN_Init)
    i.HAL_CAN_MspInit                        0x0800cb4c   Section        0  can.o(i.HAL_CAN_MspInit)
    i.HAL_CAN_RxFifo0FullCallback            0x0800cbe4   Section        0  stm32f1xx_hal_can.o(i.HAL_CAN_RxFifo0FullCallback)
    i.HAL_CAN_RxFifo0MsgPendingCallback      0x0800cbe6   Section        0  stm32f1xx_hal_can.o(i.HAL_CAN_RxFifo0MsgPendingCallback)
    i.HAL_CAN_RxFifo1FullCallback            0x0800cbe8   Section        0  stm32f1xx_hal_can.o(i.HAL_CAN_RxFifo1FullCallback)
    i.HAL_CAN_RxFifo1MsgPendingCallback      0x0800cbec   Section        0  app_update.o(i.HAL_CAN_RxFifo1MsgPendingCallback)
    i.HAL_CAN_SleepCallback                  0x0800cd18   Section        0  stm32f1xx_hal_can.o(i.HAL_CAN_SleepCallback)
    i.HAL_CAN_Start                          0x0800cd1a   Section        0  stm32f1xx_hal_can.o(i.HAL_CAN_Start)
    i.HAL_CAN_TxMailbox0AbortCallback        0x0800cd78   Section        0  stm32f1xx_hal_can.o(i.HAL_CAN_TxMailbox0AbortCallback)
    i.HAL_CAN_TxMailbox0CompleteCallback     0x0800cd7a   Section        0  stm32f1xx_hal_can.o(i.HAL_CAN_TxMailbox0CompleteCallback)
    i.HAL_CAN_TxMailbox1AbortCallback        0x0800cd7c   Section        0  stm32f1xx_hal_can.o(i.HAL_CAN_TxMailbox1AbortCallback)
    i.HAL_CAN_TxMailbox1CompleteCallback     0x0800cd7e   Section        0  stm32f1xx_hal_can.o(i.HAL_CAN_TxMailbox1CompleteCallback)
    i.HAL_CAN_TxMailbox2AbortCallback        0x0800cd80   Section        0  stm32f1xx_hal_can.o(i.HAL_CAN_TxMailbox2AbortCallback)
    i.HAL_CAN_TxMailbox2CompleteCallback     0x0800cd82   Section        0  stm32f1xx_hal_can.o(i.HAL_CAN_TxMailbox2CompleteCallback)
    i.HAL_CAN_WakeUpFromRxMsgCallback        0x0800cd84   Section        0  stm32f1xx_hal_can.o(i.HAL_CAN_WakeUpFromRxMsgCallback)
    i.HAL_CRC_Accumulate                     0x0800cd86   Section        0  stm32f1xx_hal_crc.o(i.HAL_CRC_Accumulate)
    i.HAL_CRC_Init                           0x0800cdae   Section        0  stm32f1xx_hal_crc.o(i.HAL_CRC_Init)
    i.HAL_CRC_MspInit                        0x0800cdd0   Section        0  crc.o(i.HAL_CRC_MspInit)
    i.HAL_DMA_Abort                          0x0800ce00   Section        0  stm32f1xx_hal_dma.o(i.HAL_DMA_Abort)
    i.HAL_DMA_Abort_IT                       0x0800ce58   Section        0  stm32f1xx_hal_dma.o(i.HAL_DMA_Abort_IT)
    i.HAL_Delay                              0x0800d000   Section        0  stm32f1xx_hal.o(i.HAL_Delay)
    i.HAL_GPIO_Init                          0x0800d028   Section        0  stm32f1xx_hal_gpio.o(i.HAL_GPIO_Init)
    i.HAL_GPIO_WritePin                      0x0800d368   Section        0  stm32f1xx_hal_gpio.o(i.HAL_GPIO_WritePin)
    i.HAL_GetTick                            0x0800d374   Section        0  stm32f1xx_hal.o(i.HAL_GetTick)
    i.HAL_I2C_Init                           0x0800d380   Section        0  stm32f1xx_hal_i2c.o(i.HAL_I2C_Init)
    i.HAL_I2C_Mem_Write                      0x0800d550   Section        0  stm32f1xx_hal_i2c.o(i.HAL_I2C_Mem_Write)
    i.HAL_I2C_MspInit                        0x0800d6b4   Section        0  i2c.o(i.HAL_I2C_MspInit)
    i.HAL_IncTick                            0x0800d728   Section        0  stm32f1xx_hal.o(i.HAL_IncTick)
    i.HAL_Init                               0x0800d740   Section        0  stm32f1xx_hal.o(i.HAL_Init)
    i.HAL_InitTick                           0x0800d768   Section        0  stm32f1xx_hal.o(i.HAL_InitTick)
    i.HAL_MspInit                            0x0800d7b4   Section        0  stm32f1xx_hal_msp.o(i.HAL_MspInit)
    i.HAL_NVIC_EnableIRQ                     0x0800d808   Section        0  stm32f1xx_hal_cortex.o(i.HAL_NVIC_EnableIRQ)
    i.HAL_NVIC_SetPriority                   0x0800d828   Section        0  stm32f1xx_hal_cortex.o(i.HAL_NVIC_SetPriority)
    i.HAL_NVIC_SetPriorityGrouping           0x0800d8a4   Section        0  stm32f1xx_hal_cortex.o(i.HAL_NVIC_SetPriorityGrouping)
    i.HAL_NVIC_SystemReset                   0x0800d8cc   Section        0  stm32f1xx_hal_cortex.o(i.HAL_NVIC_SystemReset)
    i.HAL_RCC_ClockConfig                    0x0800d910   Section        0  stm32f1xx_hal_rcc.o(i.HAL_RCC_ClockConfig)
    i.HAL_RCC_GetHCLKFreq                    0x0800da9c   Section        0  stm32f1xx_hal_rcc.o(i.HAL_RCC_GetHCLKFreq)
    i.HAL_RCC_GetPCLK1Freq                   0x0800daa8   Section        0  stm32f1xx_hal_rcc.o(i.HAL_RCC_GetPCLK1Freq)
    i.HAL_RCC_GetPCLK2Freq                   0x0800dac8   Section        0  stm32f1xx_hal_rcc.o(i.HAL_RCC_GetPCLK2Freq)
    i.HAL_RCC_GetSysClockFreq                0x0800dae8   Section        0  stm32f1xx_hal_rcc.o(i.HAL_RCC_GetSysClockFreq)
    i.HAL_RCC_OscConfig                      0x0800db58   Section        0  stm32f1xx_hal_rcc.o(i.HAL_RCC_OscConfig)
    i.HAL_SPI_Init                           0x0800dfbc   Section        0  stm32f1xx_hal_spi.o(i.HAL_SPI_Init)
    i.HAL_SPI_MspInit                        0x0800e07c   Section        0  spi.o(i.HAL_SPI_MspInit)
    i.HAL_SPI_Receive                        0x0800e104   Section        0  stm32f1xx_hal_spi.o(i.HAL_SPI_Receive)
    i.HAL_SPI_Transmit                       0x0800e286   Section        0  stm32f1xx_hal_spi.o(i.HAL_SPI_Transmit)
    i.HAL_SPI_TransmitReceive                0x0800e444   Section        0  stm32f1xx_hal_spi.o(i.HAL_SPI_TransmitReceive)
    i.HAL_SYSTICK_Config                     0x0800e68c   Section        0  stm32f1xx_hal_cortex.o(i.HAL_SYSTICK_Config)
    i.HAL_UARTEx_ReceiveToIdle_IT            0x0800e6c0   Section        0  stm32f1xx_hal_uart.o(i.HAL_UARTEx_ReceiveToIdle_IT)
    i.HAL_UARTEx_RxEventCallback             0x0800e734   Section        0  app_update.o(i.HAL_UARTEx_RxEventCallback)
    i.HAL_UART_ErrorCallback                 0x0800e7ac   Section        0  stm32f1xx_hal_uart.o(i.HAL_UART_ErrorCallback)
    i.HAL_UART_IRQHandler                    0x0800e7b0   Section        0  stm32f1xx_hal_uart.o(i.HAL_UART_IRQHandler)
    i.HAL_UART_Init                          0x0800ea94   Section        0  stm32f1xx_hal_uart.o(i.HAL_UART_Init)
    i.HAL_UART_MspInit                       0x0800eb0c   Section        0  usart.o(i.HAL_UART_MspInit)
    i.HAL_UART_RxCpltCallback                0x0800eba4   Section        0  stm32f1xx_hal_uart.o(i.HAL_UART_RxCpltCallback)
    i.HAL_UART_Transmit                      0x0800eba6   Section        0  stm32f1xx_hal_uart.o(i.HAL_UART_Transmit)
    i.HAL_UART_TxCpltCallback                0x0800ec64   Section        0  stm32f1xx_hal_uart.o(i.HAL_UART_TxCpltCallback)
    i.HardFault_Handler                      0x0800ec66   Section        0  stm32f1xx_it.o(i.HardFault_Handler)
    i.I2C_IsAcknowledgeFailed                0x0800ec6a   Section        0  stm32f1xx_hal_i2c.o(i.I2C_IsAcknowledgeFailed)
    I2C_IsAcknowledgeFailed                  0x0800ec6b   Thumb Code    62  stm32f1xx_hal_i2c.o(i.I2C_IsAcknowledgeFailed)
    i.I2C_RequestMemoryWrite                 0x0800eca8   Section        0  stm32f1xx_hal_i2c.o(i.I2C_RequestMemoryWrite)
    I2C_RequestMemoryWrite                   0x0800eca9   Thumb Code   220  stm32f1xx_hal_i2c.o(i.I2C_RequestMemoryWrite)
    i.I2C_WaitOnBTFFlagUntilTimeout          0x0800ed88   Section        0  stm32f1xx_hal_i2c.o(i.I2C_WaitOnBTFFlagUntilTimeout)
    I2C_WaitOnBTFFlagUntilTimeout            0x0800ed89   Thumb Code   102  stm32f1xx_hal_i2c.o(i.I2C_WaitOnBTFFlagUntilTimeout)
    i.I2C_WaitOnFlagUntilTimeout             0x0800edee   Section        0  stm32f1xx_hal_i2c.o(i.I2C_WaitOnFlagUntilTimeout)
    I2C_WaitOnFlagUntilTimeout               0x0800edef   Thumb Code   190  stm32f1xx_hal_i2c.o(i.I2C_WaitOnFlagUntilTimeout)
    i.I2C_WaitOnMasterAddressFlagUntilTimeout 0x0800eeac   Section        0  stm32f1xx_hal_i2c.o(i.I2C_WaitOnMasterAddressFlagUntilTimeout)
    I2C_WaitOnMasterAddressFlagUntilTimeout  0x0800eead   Thumb Code   250  stm32f1xx_hal_i2c.o(i.I2C_WaitOnMasterAddressFlagUntilTimeout)
    i.I2C_WaitOnTXEFlagUntilTimeout          0x0800efa6   Section        0  stm32f1xx_hal_i2c.o(i.I2C_WaitOnTXEFlagUntilTimeout)
    I2C_WaitOnTXEFlagUntilTimeout            0x0800efa7   Thumb Code   102  stm32f1xx_hal_i2c.o(i.I2C_WaitOnTXEFlagUntilTimeout)
    i.Int_CAN_config_filter                  0x0800f00c   Section        0  int_can.o(i.Int_CAN_config_filter)
    Int_CAN_config_filter                    0x0800f00d   Thumb Code    60  int_can.o(i.Int_CAN_config_filter)
    i.Int_CAN_init_IT                        0x0800f04c   Section        0  int_can.o(i.Int_CAN_init_IT)
    i.Int_CAN_send                           0x0800f078   Section        0  int_can.o(i.Int_CAN_send)
    i.Int_w24c02_write_bytes                 0x0800f0b8   Section        0  int_w24c02.o(i.Int_w24c02_write_bytes)
    i.Int_w25q32_erase_sector                0x0800f184   Section        0  int_w25q32.o(i.Int_w25q32_erase_sector)
    i.Int_w25q32_read_byte                   0x0800f1bc   Section        0  int_w25q32.o(i.Int_w25q32_read_byte)
    i.Int_w25q32_read_data_with_32addr       0x0800f1d4   Section        0  int_w25q32.o(i.Int_w25q32_read_data_with_32addr)
    i.Int_w25q32_start                       0x0800f21c   Section        0  int_w25q32.o(i.Int_w25q32_start)
    i.Int_w25q32_stop                        0x0800f230   Section        0  int_w25q32.o(i.Int_w25q32_stop)
    i.Int_w25q32_wait_busy                   0x0800f244   Section        0  int_w25q32.o(i.Int_w25q32_wait_busy)
    Int_w25q32_wait_busy                     0x0800f245   Thumb Code    40  int_w25q32.o(i.Int_w25q32_wait_busy)
    i.Int_w25q32_write_byte                  0x0800f26c   Section        0  int_w25q32.o(i.Int_w25q32_write_byte)
    i.Int_w25q32_write_data_with_32addr      0x0800f280   Section        0  int_w25q32.o(i.Int_w25q32_write_data_with_32addr)
    i.Int_w25q32_write_enable                0x0800f2c8   Section        0  int_w25q32.o(i.Int_w25q32_write_enable)
    Int_w25q32_write_enable                  0x0800f2c9   Thumb Code    22  int_w25q32.o(i.Int_w25q32_write_enable)
    i.MX_CAN_Init                            0x0800f2e0   Section        0  can.o(i.MX_CAN_Init)
    i.MX_CRC_Init                            0x0800f324   Section        0  crc.o(i.MX_CRC_Init)
    i.MX_GPIO_Init                           0x0800f344   Section        0  gpio.o(i.MX_GPIO_Init)
    i.MX_I2C1_Init                           0x0800f428   Section        0  i2c.o(i.MX_I2C1_Init)
    i.MX_SPI2_Init                           0x0800f464   Section        0  spi.o(i.MX_SPI2_Init)
    i.MX_USART1_UART_Init                    0x0800f4a8   Section        0  usart.o(i.MX_USART1_UART_Init)
    i.MemManage_Handler                      0x0800f4e0   Section        0  stm32f1xx_it.o(i.MemManage_Handler)
    i.NMI_Handler                            0x0800f4e4   Section        0  stm32f1xx_it.o(i.NMI_Handler)
    i.PendSV_Handler                         0x0800f4e8   Section        0  stm32f1xx_it.o(i.PendSV_Handler)
    i.RCC_Delay                              0x0800f4ec   Section        0  stm32f1xx_hal_rcc.o(i.RCC_Delay)
    RCC_Delay                                0x0800f4ed   Thumb Code    36  stm32f1xx_hal_rcc.o(i.RCC_Delay)
    i.SPI_EndRxTransaction                   0x0800f514   Section        0  stm32f1xx_hal_spi.o(i.SPI_EndRxTransaction)
    SPI_EndRxTransaction                     0x0800f515   Thumb Code   120  stm32f1xx_hal_spi.o(i.SPI_EndRxTransaction)
    i.SPI_EndRxTxTransaction                 0x0800f58c   Section        0  stm32f1xx_hal_spi.o(i.SPI_EndRxTxTransaction)
    SPI_EndRxTxTransaction                   0x0800f58d   Thumb Code    68  stm32f1xx_hal_spi.o(i.SPI_EndRxTxTransaction)
    i.SPI_WaitFlagStateUntilTimeout          0x0800f5d0   Section        0  stm32f1xx_hal_spi.o(i.SPI_WaitFlagStateUntilTimeout)
    SPI_WaitFlagStateUntilTimeout            0x0800f5d1   Thumb Code   210  stm32f1xx_hal_spi.o(i.SPI_WaitFlagStateUntilTimeout)
    i.SVC_Handler                            0x0800f6a8   Section        0  stm32f1xx_it.o(i.SVC_Handler)
    i.SysTick_Handler                        0x0800f6aa   Section        0  stm32f1xx_it.o(i.SysTick_Handler)
    i.SystemClock_Config                     0x0800f6b2   Section        0  main.o(i.SystemClock_Config)
    i.SystemInit                             0x0800f718   Section        0  system_stm32f1xx.o(i.SystemInit)
    i.UART_DMAAbortOnError                   0x0800f71a   Section        0  stm32f1xx_hal_uart.o(i.UART_DMAAbortOnError)
    UART_DMAAbortOnError                     0x0800f71b   Thumb Code    20  stm32f1xx_hal_uart.o(i.UART_DMAAbortOnError)
    i.UART_EndRxTransfer                     0x0800f72e   Section        0  stm32f1xx_hal_uart.o(i.UART_EndRxTransfer)
    UART_EndRxTransfer                       0x0800f72f   Thumb Code   108  stm32f1xx_hal_uart.o(i.UART_EndRxTransfer)
    i.UART_EndTransmit_IT                    0x0800f79a   Section        0  stm32f1xx_hal_uart.o(i.UART_EndTransmit_IT)
    UART_EndTransmit_IT                      0x0800f79b   Thumb Code    32  stm32f1xx_hal_uart.o(i.UART_EndTransmit_IT)
    i.UART_Receive_IT                        0x0800f7ba   Section        0  stm32f1xx_hal_uart.o(i.UART_Receive_IT)
    UART_Receive_IT                          0x0800f7bb   Thumb Code   252  stm32f1xx_hal_uart.o(i.UART_Receive_IT)
    i.UART_SetConfig                         0x0800f8b8   Section        0  stm32f1xx_hal_uart.o(i.UART_SetConfig)
    UART_SetConfig                           0x0800f8b9   Thumb Code   248  stm32f1xx_hal_uart.o(i.UART_SetConfig)
    i.UART_Start_Receive_IT                  0x0800f9b4   Section        0  stm32f1xx_hal_uart.o(i.UART_Start_Receive_IT)
    i.UART_Transmit_IT                       0x0800f9f4   Section        0  stm32f1xx_hal_uart.o(i.UART_Transmit_IT)
    UART_Transmit_IT                         0x0800f9f5   Thumb Code    96  stm32f1xx_hal_uart.o(i.UART_Transmit_IT)
    i.UART_WaitOnFlagUntilTimeout            0x0800fa54   Section        0  stm32f1xx_hal_uart.o(i.UART_WaitOnFlagUntilTimeout)
    UART_WaitOnFlagUntilTimeout              0x0800fa55   Thumb Code   140  stm32f1xx_hal_uart.o(i.UART_WaitOnFlagUntilTimeout)
    i.USART1_IRQHandler                      0x0800fae0   Section        0  stm32f1xx_it.o(i.USART1_IRQHandler)
    i.UsageFault_Handler                     0x0800faf0   Section        0  stm32f1xx_it.o(i.UsageFault_Handler)
    i.__0printf$8                            0x0800faf4   Section        0  printf8.o(i.__0printf$8)
    i.__NVIC_GetPriorityGrouping             0x0800fb14   Section        0  stm32f1xx_hal_cortex.o(i.__NVIC_GetPriorityGrouping)
    __NVIC_GetPriorityGrouping               0x0800fb15   Thumb Code    10  stm32f1xx_hal_cortex.o(i.__NVIC_GetPriorityGrouping)
    i.__NVIC_SetPriority                     0x0800fb24   Section        0  stm32f1xx_hal_cortex.o(i.__NVIC_SetPriority)
    __NVIC_SetPriority                       0x0800fb25   Thumb Code    32  stm32f1xx_hal_cortex.o(i.__NVIC_SetPriority)
    i.__scatterload_copy                     0x0800fb4c   Section       14  handlers.o(i.__scatterload_copy)
    i.__scatterload_null                     0x0800fb5a   Section        2  handlers.o(i.__scatterload_null)
    i.__scatterload_zeroinit                 0x0800fb5c   Section       14  handlers.o(i.__scatterload_zeroinit)
    i._printf_core                           0x0800fb6c   Section        0  printf8.o(i._printf_core)
    _printf_core                             0x0800fb6d   Thumb Code   996  printf8.o(i._printf_core)
    i._printf_post_padding                   0x0800ff7c   Section        0  printf8.o(i._printf_post_padding)
    _printf_post_padding                     0x0800ff7d   Thumb Code    36  printf8.o(i._printf_post_padding)
    i._printf_pre_padding                    0x0800ffa0   Section        0  printf8.o(i._printf_pre_padding)
    _printf_pre_padding                      0x0800ffa1   Thumb Code    46  printf8.o(i._printf_pre_padding)
    i.can_adapter_init                       0x0800ffce   Section        0  can_adapter.o(i.can_adapter_init)
    i.can_adapter_send                       0x0800ffd6   Section        0  can_adapter.o(i.can_adapter_send)
    i.can_bus_init                           0x0800ffea   Section        0  can_bus.o(i.can_bus_init)
    i.can_bus_send                           0x0800fff2   Section        0  can_bus.o(i.can_bus_send)
    i.fputc                                  0x08010008   Section        0  usart.o(i.fputc)
    i.handle_boot_update                     0x08010024   Section        0  app_update.o(i.handle_boot_update)
    handle_boot_update                       0x08010025   Thumb Code    34  app_update.o(i.handle_boot_update)
    i.handle_check_data                      0x08010054   Section        0  app_update.o(i.handle_check_data)
    handle_check_data                        0x08010055   Thumb Code   178  app_update.o(i.handle_check_data)
    i.handle_recv_data                       0x0801015c   Section        0  app_update.o(i.handle_recv_data)
    handle_recv_data                         0x0801015d   Thumb Code   110  app_update.o(i.handle_recv_data)
    i.handle_send_cmd                        0x08010200   Section        0  app_update.o(i.handle_send_cmd)
    handle_send_cmd                          0x08010201   Thumb Code   108  app_update.o(i.handle_send_cmd)
    i.main                                   0x080102dc   Section        0  main.o(i.main)
    i.storage_adapter_erase_sector           0x0801031c   Section        0  storage_adapter.o(i.storage_adapter_erase_sector)
    i.storage_adapter_read_flash             0x0801032c   Section        0  storage_adapter.o(i.storage_adapter_read_flash)
    i.storage_adapter_write_eeprom           0x08010340   Section        0  storage_adapter.o(i.storage_adapter_write_eeprom)
    i.storage_adapter_write_flash            0x08010354   Section        0  storage_adapter.o(i.storage_adapter_write_flash)
    i.storage_erase_firmware_area            0x08010368   Section        0  storage.o(i.storage_erase_firmware_area)
    i.storage_read_firmware                  0x08010380   Section        0  storage.o(i.storage_read_firmware)
    i.storage_set_boot_flag                  0x08010394   Section        0  storage.o(i.storage_set_boot_flag)
    i.storage_write_firmware                 0x080103b8   Section        0  storage.o(i.storage_write_firmware)
    i.storage_write_metadata                 0x080103cc   Section        0  storage.o(i.storage_write_metadata)
    .constdata                               0x0801041c   Section       18  stm32f1xx_hal_rcc.o(.constdata)
    aPLLMULFactorTable                       0x0801041c   Data          16  stm32f1xx_hal_rcc.o(.constdata)
    aPredivFactorTable                       0x0801042c   Data           2  stm32f1xx_hal_rcc.o(.constdata)
    .constdata                               0x0801042e   Section       24  system_stm32f1xx.o(.constdata)
    .data                                    0x20000000   Section        8  crc.o(.data)
    .data                                    0x20000008   Section        9  stm32f1xx_hal.o(.data)
    .data                                    0x20000014   Section        4  system_stm32f1xx.o(.data)
    .data                                    0x20000018   Section       48  app_update.o(.data)
    active_buf                               0x2000001c   Data           4  app_update.o(.data)
    ready_buf                                0x20000020   Data           4  app_update.o(.data)
    page_offset                              0x20000024   Data           2  app_update.o(.data)
    crc_data                                 0x20000036   Data           4  app_update.o(.data)
    reset_tick                               0x2000003c   Data           4  app_update.o(.data)
    last_print_tick                          0x20000040   Data           4  app_update.o(.data)
    frame_count                              0x20000044   Data           4  app_update.o(.data)
    .data                                    0x20000048   Section        4  stdout.o(.data)
    .bss                                     0x2000004c   Section       40  can.o(.bss)
    .bss                                     0x20000074   Section       84  i2c.o(.bss)
    .bss                                     0x200000c8   Section       88  spi.o(.bss)
    .bss                                     0x20000120   Section       72  usart.o(.bss)
    .bss                                     0x20000168   Section      544  app_update.o(.bss)
    page_buf_a                               0x20000168   Data         256  app_update.o(.bss)
    page_buf_b                               0x20000268   Data         256  app_update.o(.bss)
    uart_rec_buf                             0x20000368   Data          32  app_update.o(.bss)
    STACK                                    0x20000388   Section     1024  startup_stm32f103xe.o(STACK)

    Global Symbols

    Symbol Name                              Value     Ov Type        Size  Object(Section)

    BuildAttributes$$THM_ISAv4$P$D$K$B$S$PE$A:L22UL41UL21$X:L11$S22US41US21$IEEE1$IW$USESV6$~STKCKD$USESV7$~SHL$OSPACE$ROPI$EBA8$MICROLIB$REQ8$PRES8$EABIv2 0x00000000   Number         0  anon$$obj.o ABSOLUTE
    __ARM_use_no_argv                        0x00000000   Number         0  main.o ABSOLUTE
    _printf_a                                0x00000000   Number         0  stubs.o ABSOLUTE
    _printf_c                                0x00000000   Number         0  stubs.o ABSOLUTE
    _printf_charcount                        0x00000000   Number         0  stubs.o ABSOLUTE
    _printf_d                                0x00000000   Number         0  stubs.o ABSOLUTE
    _printf_e                                0x00000000   Number         0  stubs.o ABSOLUTE
    _printf_f                                0x00000000   Number         0  stubs.o ABSOLUTE
    _printf_flags                            0x00000000   Number         0  stubs.o ABSOLUTE
    _printf_fp_dec                           0x00000000   Number         0  stubs.o ABSOLUTE
    _printf_fp_hex                           0x00000000   Number         0  stubs.o ABSOLUTE
    _printf_g                                0x00000000   Number         0  stubs.o ABSOLUTE
    _printf_i                                0x00000000   Number         0  stubs.o ABSOLUTE
    _printf_int_dec                          0x00000000   Number         0  stubs.o ABSOLUTE
    _printf_l                                0x00000000   Number         0  stubs.o ABSOLUTE
    _printf_lc                               0x00000000   Number         0  stubs.o ABSOLUTE
    _printf_ll                               0x00000000   Number         0  stubs.o ABSOLUTE
    _printf_lld                              0x00000000   Number         0  stubs.o ABSOLUTE
    _printf_lli                              0x00000000   Number         0  stubs.o ABSOLUTE
    _printf_llo                              0x00000000   Number         0  stubs.o ABSOLUTE
    _printf_llu                              0x00000000   Number         0  stubs.o ABSOLUTE
    _printf_llx                              0x00000000   Number         0  stubs.o ABSOLUTE
    _printf_longlong_dec                     0x00000000   Number         0  stubs.o ABSOLUTE
    _printf_longlong_hex                     0x00000000   Number         0  stubs.o ABSOLUTE
    _printf_longlong_oct                     0x00000000   Number         0  stubs.o ABSOLUTE
    _printf_ls                               0x00000000   Number         0  stubs.o ABSOLUTE
    _printf_mbtowc                           0x00000000   Number         0  stubs.o ABSOLUTE
    _printf_n                                0x00000000   Number         0  stubs.o ABSOLUTE
    _printf_o                                0x00000000   Number         0  stubs.o ABSOLUTE
    _printf_p                                0x00000000   Number         0  stubs.o ABSOLUTE
    _printf_percent                          0x00000000   Number         0  stubs.o ABSOLUTE
    _printf_pre_padding                      0x00000000   Number         0  stubs.o ABSOLUTE
    _printf_return_value                     0x00000000   Number         0  stubs.o ABSOLUTE
    _printf_s                                0x00000000   Number         0  stubs.o ABSOLUTE
    _printf_sizespec                         0x00000000   Number         0  stubs.o ABSOLUTE
    _printf_str                              0x00000000   Number         0  stubs.o ABSOLUTE
    _printf_truncate_signed                  0x00000000   Number         0  stubs.o ABSOLUTE
    _printf_truncate_unsigned                0x00000000   Number         0  stubs.o ABSOLUTE
    _printf_u                                0x00000000   Number         0  stubs.o ABSOLUTE
    _printf_wc                               0x00000000   Number         0  stubs.o ABSOLUTE
    _printf_wctomb                           0x00000000   Number         0  stubs.o ABSOLUTE
    _printf_widthprec                        0x00000000   Number         0  stubs.o ABSOLUTE
    _printf_x                                0x00000000   Number         0  stubs.o ABSOLUTE
    __cpp_initialize__aeabi_                  - Undefined Weak Reference
    __cxa_finalize                            - Undefined Weak Reference
    __decompress                              - Undefined Weak Reference
    _clock_init                               - Undefined Weak Reference
    _microlib_exit                            - Undefined Weak Reference
    __Vectors_Size                           0x00000130   Number         0  startup_stm32f103xe.o ABSOLUTE
    __Vectors                                0x0800c000   Data           4  startup_stm32f103xe.o(RESET)
    __Vectors_End                            0x0800c130   Data           0  startup_stm32f103xe.o(RESET)
    __main                                   0x0800c131   Thumb Code     0  entry.o(.ARM.Collect$$$$00000000)
    _main_stk                                0x0800c131   Thumb Code     0  entry2.o(.ARM.Collect$$$$00000001)
    _main_scatterload                        0x0800c135   Thumb Code     0  entry5.o(.ARM.Collect$$$$00000004)
    __main_after_scatterload                 0x0800c139   Thumb Code     0  entry5.o(.ARM.Collect$$$$00000004)
    _main_clock                              0x0800c139   Thumb Code     0  entry7b.o(.ARM.Collect$$$$00000008)
    _main_cpp_init                           0x0800c139   Thumb Code     0  entry8b.o(.ARM.Collect$$$$0000000A)
    _main_init                               0x0800c139   Thumb Code     0  entry9a.o(.ARM.Collect$$$$0000000B)
    __rt_final_cpp                           0x0800c141   Thumb Code     0  entry10a.o(.ARM.Collect$$$$0000000D)
    __rt_final_exit                          0x0800c141   Thumb Code     0  entry11a.o(.ARM.Collect$$$$0000000F)
    Reset_Handler                            0x0800c145   Thumb Code     8  startup_stm32f103xe.o(.text)
    ADC1_2_IRQHandler                        0x0800c15f   Thumb Code     0  startup_stm32f103xe.o(.text)
    ADC3_IRQHandler                          0x0800c15f   Thumb Code     0  startup_stm32f103xe.o(.text)
    CAN1_SCE_IRQHandler                      0x0800c15f   Thumb Code     0  startup_stm32f103xe.o(.text)
    DMA1_Channel1_IRQHandler                 0x0800c15f   Thumb Code     0  startup_stm32f103xe.o(.text)
    DMA1_Channel2_IRQHandler                 0x0800c15f   Thumb Code     0  startup_stm32f103xe.o(.text)
    DMA1_Channel3_IRQHandler                 0x0800c15f   Thumb Code     0  startup_stm32f103xe.o(.text)
    DMA1_Channel4_IRQHandler                 0x0800c15f   Thumb Code     0  startup_stm32f103xe.o(.text)
    DMA1_Channel5_IRQHandler                 0x0800c15f   Thumb Code     0  startup_stm32f103xe.o(.text)
    DMA1_Channel6_IRQHandler                 0x0800c15f   Thumb Code     0  startup_stm32f103xe.o(.text)
    DMA1_Channel7_IRQHandler                 0x0800c15f   Thumb Code     0  startup_stm32f103xe.o(.text)
    DMA2_Channel1_IRQHandler                 0x0800c15f   Thumb Code     0  startup_stm32f103xe.o(.text)
    DMA2_Channel2_IRQHandler                 0x0800c15f   Thumb Code     0  startup_stm32f103xe.o(.text)
    DMA2_Channel3_IRQHandler                 0x0800c15f   Thumb Code     0  startup_stm32f103xe.o(.text)
    DMA2_Channel4_5_IRQHandler               0x0800c15f   Thumb Code     0  startup_stm32f103xe.o(.text)
    EXTI0_IRQHandler                         0x0800c15f   Thumb Code     0  startup_stm32f103xe.o(.text)
    EXTI15_10_IRQHandler                     0x0800c15f   Thumb Code     0  startup_stm32f103xe.o(.text)
    EXTI1_IRQHandler                         0x0800c15f   Thumb Code     0  startup_stm32f103xe.o(.text)
    EXTI2_IRQHandler                         0x0800c15f   Thumb Code     0  startup_stm32f103xe.o(.text)
    EXTI3_IRQHandler                         0x0800c15f   Thumb Code     0  startup_stm32f103xe.o(.text)
    EXTI4_IRQHandler                         0x0800c15f   Thumb Code     0  startup_stm32f103xe.o(.text)
    EXTI9_5_IRQHandler                       0x0800c15f   Thumb Code     0  startup_stm32f103xe.o(.text)
    FLASH_IRQHandler                         0x0800c15f   Thumb Code     0  startup_stm32f103xe.o(.text)
    FSMC_IRQHandler                          0x0800c15f   Thumb Code     0  startup_stm32f103xe.o(.text)
    I2C1_ER_IRQHandler                       0x0800c15f   Thumb Code     0  startup_stm32f103xe.o(.text)
    I2C1_EV_IRQHandler                       0x0800c15f   Thumb Code     0  startup_stm32f103xe.o(.text)
    I2C2_ER_IRQHandler                       0x0800c15f   Thumb Code     0  startup_stm32f103xe.o(.text)
    I2C2_EV_IRQHandler                       0x0800c15f   Thumb Code     0  startup_stm32f103xe.o(.text)
    PVD_IRQHandler                           0x0800c15f   Thumb Code     0  startup_stm32f103xe.o(.text)
    RCC_IRQHandler                           0x0800c15f   Thumb Code     0  startup_stm32f103xe.o(.text)
    RTC_Alarm_IRQHandler                     0x0800c15f   Thumb Code     0  startup_stm32f103xe.o(.text)
    RTC_IRQHandler                           0x0800c15f   Thumb Code     0  startup_stm32f103xe.o(.text)
    SDIO_IRQHandler                          0x0800c15f   Thumb Code     0  startup_stm32f103xe.o(.text)
    SPI1_IRQHandler                          0x0800c15f   Thumb Code     0  startup_stm32f103xe.o(.text)
    SPI2_IRQHandler                          0x0800c15f   Thumb Code     0  startup_stm32f103xe.o(.text)
    SPI3_IRQHandler                          0x0800c15f   Thumb Code     0  startup_stm32f103xe.o(.text)
    TAMPER_IRQHandler                        0x0800c15f   Thumb Code     0  startup_stm32f103xe.o(.text)
    TIM1_BRK_IRQHandler                      0x0800c15f   Thumb Code     0  startup_stm32f103xe.o(.text)
    TIM1_CC_IRQHandler                       0x0800c15f   Thumb Code     0  startup_stm32f103xe.o(.text)
    TIM1_TRG_COM_IRQHandler                  0x0800c15f   Thumb Code     0  startup_stm32f103xe.o(.text)
    TIM1_UP_IRQHandler                       0x0800c15f   Thumb Code     0  startup_stm32f103xe.o(.text)
    TIM2_IRQHandler                          0x0800c15f   Thumb Code     0  startup_stm32f103xe.o(.text)
    TIM3_IRQHandler                          0x0800c15f   Thumb Code     0  startup_stm32f103xe.o(.text)
    TIM4_IRQHandler                          0x0800c15f   Thumb Code     0  startup_stm32f103xe.o(.text)
    TIM5_IRQHandler                          0x0800c15f   Thumb Code     0  startup_stm32f103xe.o(.text)
    TIM6_IRQHandler                          0x0800c15f   Thumb Code     0  startup_stm32f103xe.o(.text)
    TIM7_IRQHandler                          0x0800c15f   Thumb Code     0  startup_stm32f103xe.o(.text)
    TIM8_BRK_IRQHandler                      0x0800c15f   Thumb Code     0  startup_stm32f103xe.o(.text)
    TIM8_CC_IRQHandler                       0x0800c15f   Thumb Code     0  startup_stm32f103xe.o(.text)
    TIM8_TRG_COM_IRQHandler                  0x0800c15f   Thumb Code     0  startup_stm32f103xe.o(.text)
    TIM8_UP_IRQHandler                       0x0800c15f   Thumb Code     0  startup_stm32f103xe.o(.text)
    UART4_IRQHandler                         0x0800c15f   Thumb Code     0  startup_stm32f103xe.o(.text)
    UART5_IRQHandler                         0x0800c15f   Thumb Code     0  startup_stm32f103xe.o(.text)
    USART2_IRQHandler                        0x0800c15f   Thumb Code     0  startup_stm32f103xe.o(.text)
    USART3_IRQHandler                        0x0800c15f   Thumb Code     0  startup_stm32f103xe.o(.text)
    USBWakeUp_IRQHandler                     0x0800c15f   Thumb Code     0  startup_stm32f103xe.o(.text)
    USB_HP_CAN1_TX_IRQHandler                0x0800c15f   Thumb Code     0  startup_stm32f103xe.o(.text)
    USB_LP_CAN1_RX0_IRQHandler               0x0800c15f   Thumb Code     0  startup_stm32f103xe.o(.text)
    WWDG_IRQHandler                          0x0800c15f   Thumb Code     0  startup_stm32f103xe.o(.text)
    __aeabi_llsr                             0x0800c169   Thumb Code    32  llushr.o(.text)
    _ll_ushift_r                             0x0800c169   Thumb Code     0  llushr.o(.text)
    __aeabi_memset                           0x0800c189   Thumb Code    14  memseta.o(.text)
    __aeabi_memset4                          0x0800c189   Thumb Code     0  memseta.o(.text)
    __aeabi_memset8                          0x0800c189   Thumb Code     0  memseta.o(.text)
    __aeabi_memclr                           0x0800c197   Thumb Code     4  memseta.o(.text)
    __aeabi_memclr4                          0x0800c197   Thumb Code     0  memseta.o(.text)
    __aeabi_memclr8                          0x0800c197   Thumb Code     0  memseta.o(.text)
    _memset$wrapper                          0x0800c19b   Thumb Code    18  memseta.o(.text)
    strstr                                   0x0800c1ad   Thumb Code    36  strstr.o(.text)
    __aeabi_uldivmod                         0x0800c1d1   Thumb Code    98  uldiv.o(.text)
    __scatterload                            0x0800c235   Thumb Code    28  init.o(.text)
    __scatterload_rt2                        0x0800c235   Thumb Code     0  init.o(.text)
    __aeabi_llsl                             0x0800c259   Thumb Code    30  llshl.o(.text)
    _ll_shift_l                              0x0800c259   Thumb Code     0  llshl.o(.text)
    App_update_init                          0x0800c279   Thumb Code    76  app_update.o(i.App_update_init)
    App_update_work                          0x0800c2d1   Thumb Code    74  app_update.o(i.App_update_work)
    BusFault_Handler                         0x0800c325   Thumb Code     4  stm32f1xx_it.o(i.BusFault_Handler)
    CAN1_RX1_IRQHandler                      0x0800c329   Thumb Code    10  stm32f1xx_it.o(i.CAN1_RX1_IRQHandler)
    DebugMon_Handler                         0x0800c339   Thumb Code     2  stm32f1xx_it.o(i.DebugMon_Handler)
    Error_Handler                            0x0800c33b   Thumb Code     6  main.o(i.Error_Handler)
    HAL_CAN_ActivateNotification             0x0800c341   Thumb Code    42  stm32f1xx_hal_can.o(i.HAL_CAN_ActivateNotification)
    HAL_CAN_AddTxMessage                     0x0800c36b   Thumb Code   330  stm32f1xx_hal_can.o(i.HAL_CAN_AddTxMessage)
    HAL_CAN_ConfigFilter                     0x0800c4b5   Thumb Code   266  stm32f1xx_hal_can.o(i.HAL_CAN_ConfigFilter)
    HAL_CAN_ErrorCallback                    0x0800c5bf   Thumb Code     2  stm32f1xx_hal_can.o(i.HAL_CAN_ErrorCallback)
    HAL_CAN_GetRxMessage                     0x0800c5c1   Thumb Code   404  stm32f1xx_hal_can.o(i.HAL_CAN_GetRxMessage)
    HAL_CAN_GetTxMailboxesFreeLevel          0x0800c755   Thumb Code    54  stm32f1xx_hal_can.o(i.HAL_CAN_GetTxMailboxesFreeLevel)
    HAL_CAN_IRQHandler                       0x0800c78b   Thumb Code   590  stm32f1xx_hal_can.o(i.HAL_CAN_IRQHandler)
    HAL_CAN_Init                             0x0800c9d9   Thumb Code   372  stm32f1xx_hal_can.o(i.HAL_CAN_Init)
    HAL_CAN_MspInit                          0x0800cb4d   Thumb Code   138  can.o(i.HAL_CAN_MspInit)
    HAL_CAN_RxFifo0FullCallback              0x0800cbe5   Thumb Code     2  stm32f1xx_hal_can.o(i.HAL_CAN_RxFifo0FullCallback)
    HAL_CAN_RxFifo0MsgPendingCallback        0x0800cbe7   Thumb Code     2  stm32f1xx_hal_can.o(i.HAL_CAN_RxFifo0MsgPendingCallback)
    HAL_CAN_RxFifo1FullCallback              0x0800cbe9   Thumb Code     2  stm32f1xx_hal_can.o(i.HAL_CAN_RxFifo1FullCallback)
    HAL_CAN_RxFifo1MsgPendingCallback        0x0800cbed   Thumb Code   220  app_update.o(i.HAL_CAN_RxFifo1MsgPendingCallback)
    HAL_CAN_SleepCallback                    0x0800cd19   Thumb Code     2  stm32f1xx_hal_can.o(i.HAL_CAN_SleepCallback)
    HAL_CAN_Start                            0x0800cd1b   Thumb Code    94  stm32f1xx_hal_can.o(i.HAL_CAN_Start)
    HAL_CAN_TxMailbox0AbortCallback          0x0800cd79   Thumb Code     2  stm32f1xx_hal_can.o(i.HAL_CAN_TxMailbox0AbortCallback)
    HAL_CAN_TxMailbox0CompleteCallback       0x0800cd7b   Thumb Code     2  stm32f1xx_hal_can.o(i.HAL_CAN_TxMailbox0CompleteCallback)
    HAL_CAN_TxMailbox1AbortCallback          0x0800cd7d   Thumb Code     2  stm32f1xx_hal_can.o(i.HAL_CAN_TxMailbox1AbortCallback)
    HAL_CAN_TxMailbox1CompleteCallback       0x0800cd7f   Thumb Code     2  stm32f1xx_hal_can.o(i.HAL_CAN_TxMailbox1CompleteCallback)
    HAL_CAN_TxMailbox2AbortCallback          0x0800cd81   Thumb Code     2  stm32f1xx_hal_can.o(i.HAL_CAN_TxMailbox2AbortCallback)
    HAL_CAN_TxMailbox2CompleteCallback       0x0800cd83   Thumb Code     2  stm32f1xx_hal_can.o(i.HAL_CAN_TxMailbox2CompleteCallback)
    HAL_CAN_WakeUpFromRxMsgCallback          0x0800cd85   Thumb Code     2  stm32f1xx_hal_can.o(i.HAL_CAN_WakeUpFromRxMsgCallback)
    HAL_CRC_Accumulate                       0x0800cd87   Thumb Code    40  stm32f1xx_hal_crc.o(i.HAL_CRC_Accumulate)
    HAL_CRC_Init                             0x0800cdaf   Thumb Code    32  stm32f1xx_hal_crc.o(i.HAL_CRC_Init)
    HAL_CRC_MspInit                          0x0800cdd1   Thumb Code    40  crc.o(i.HAL_CRC_MspInit)
    HAL_DMA_Abort                            0x0800ce01   Thumb Code    86  stm32f1xx_hal_dma.o(i.HAL_DMA_Abort)
    HAL_DMA_Abort_IT                         0x0800ce59   Thumb Code   414  stm32f1xx_hal_dma.o(i.HAL_DMA_Abort_IT)
    HAL_Delay                                0x0800d001   Thumb Code    36  stm32f1xx_hal.o(i.HAL_Delay)
    HAL_GPIO_Init                            0x0800d029   Thumb Code   792  stm32f1xx_hal_gpio.o(i.HAL_GPIO_Init)
    HAL_GPIO_WritePin                        0x0800d369   Thumb Code    12  stm32f1xx_hal_gpio.o(i.HAL_GPIO_WritePin)
    HAL_GetTick                              0x0800d375   Thumb Code     6  stm32f1xx_hal.o(i.HAL_GetTick)
    HAL_I2C_Init                             0x0800d381   Thumb Code   446  stm32f1xx_hal_i2c.o(i.HAL_I2C_Init)
    HAL_I2C_Mem_Write                        0x0800d551   Thumb Code   348  stm32f1xx_hal_i2c.o(i.HAL_I2C_Mem_Write)
    HAL_I2C_MspInit                          0x0800d6b5   Thumb Code   104  i2c.o(i.HAL_I2C_MspInit)
    HAL_IncTick                              0x0800d729   Thumb Code    16  stm32f1xx_hal.o(i.HAL_IncTick)
    HAL_Init                                 0x0800d741   Thumb Code    34  stm32f1xx_hal.o(i.HAL_Init)
    HAL_InitTick                             0x0800d769   Thumb Code    64  stm32f1xx_hal.o(i.HAL_InitTick)
    HAL_MspInit                              0x0800d7b5   Thumb Code    76  stm32f1xx_hal_msp.o(i.HAL_MspInit)
    HAL_NVIC_EnableIRQ                       0x0800d809   Thumb Code    32  stm32f1xx_hal_cortex.o(i.HAL_NVIC_EnableIRQ)
    HAL_NVIC_SetPriority                     0x0800d829   Thumb Code   124  stm32f1xx_hal_cortex.o(i.HAL_NVIC_SetPriority)
    HAL_NVIC_SetPriorityGrouping             0x0800d8a5   Thumb Code    32  stm32f1xx_hal_cortex.o(i.HAL_NVIC_SetPriorityGrouping)
    HAL_NVIC_SystemReset                     0x0800d8cd   Thumb Code    60  stm32f1xx_hal_cortex.o(i.HAL_NVIC_SystemReset)
    HAL_RCC_ClockConfig                      0x0800d911   Thumb Code   376  stm32f1xx_hal_rcc.o(i.HAL_RCC_ClockConfig)
    HAL_RCC_GetHCLKFreq                      0x0800da9d   Thumb Code     6  stm32f1xx_hal_rcc.o(i.HAL_RCC_GetHCLKFreq)
    HAL_RCC_GetPCLK1Freq                     0x0800daa9   Thumb Code    22  stm32f1xx_hal_rcc.o(i.HAL_RCC_GetPCLK1Freq)
    HAL_RCC_GetPCLK2Freq                     0x0800dac9   Thumb Code    22  stm32f1xx_hal_rcc.o(i.HAL_RCC_GetPCLK2Freq)
    HAL_RCC_GetSysClockFreq                  0x0800dae9   Thumb Code    92  stm32f1xx_hal_rcc.o(i.HAL_RCC_GetSysClockFreq)
    HAL_RCC_OscConfig                        0x0800db59   Thumb Code  1114  stm32f1xx_hal_rcc.o(i.HAL_RCC_OscConfig)
    HAL_SPI_Init                             0x0800dfbd   Thumb Code   190  stm32f1xx_hal_spi.o(i.HAL_SPI_Init)
    HAL_SPI_MspInit                          0x0800e07d   Thumb Code   124  spi.o(i.HAL_SPI_MspInit)
    HAL_SPI_Receive                          0x0800e105   Thumb Code   386  stm32f1xx_hal_spi.o(i.HAL_SPI_Receive)
    HAL_SPI_Transmit                         0x0800e287   Thumb Code   446  stm32f1xx_hal_spi.o(i.HAL_SPI_Transmit)
    HAL_SPI_TransmitReceive                  0x0800e445   Thumb Code   584  stm32f1xx_hal_spi.o(i.HAL_SPI_TransmitReceive)
    HAL_SYSTICK_Config                       0x0800e68d   Thumb Code    52  stm32f1xx_hal_cortex.o(i.HAL_SYSTICK_Config)
    HAL_UARTEx_ReceiveToIdle_IT              0x0800e6c1   Thumb Code   114  stm32f1xx_hal_uart.o(i.HAL_UARTEx_ReceiveToIdle_IT)
    HAL_UARTEx_RxEventCallback               0x0800e735   Thumb Code   100  app_update.o(i.HAL_UARTEx_RxEventCallback)
    HAL_UART_ErrorCallback                   0x0800e7ad   Thumb Code     2  stm32f1xx_hal_uart.o(i.HAL_UART_ErrorCallback)
    HAL_UART_IRQHandler                      0x0800e7b1   Thumb Code   736  stm32f1xx_hal_uart.o(i.HAL_UART_IRQHandler)
    HAL_UART_Init                            0x0800ea95   Thumb Code   118  stm32f1xx_hal_uart.o(i.HAL_UART_Init)
    HAL_UART_MspInit                         0x0800eb0d   Thumb Code   138  usart.o(i.HAL_UART_MspInit)
    HAL_UART_RxCpltCallback                  0x0800eba5   Thumb Code     2  stm32f1xx_hal_uart.o(i.HAL_UART_RxCpltCallback)
    HAL_UART_Transmit                        0x0800eba7   Thumb Code   190  stm32f1xx_hal_uart.o(i.HAL_UART_Transmit)
    HAL_UART_TxCpltCallback                  0x0800ec65   Thumb Code     2  stm32f1xx_hal_uart.o(i.HAL_UART_TxCpltCallback)
    HardFault_Handler                        0x0800ec67   Thumb Code     4  stm32f1xx_it.o(i.HardFault_Handler)
    Int_CAN_init_IT                          0x0800f04d   Thumb Code    40  int_can.o(i.Int_CAN_init_IT)
    Int_CAN_send                             0x0800f079   Thumb Code    58  int_can.o(i.Int_CAN_send)
    Int_w24c02_write_bytes                   0x0800f0b9   Thumb Code   168  int_w24c02.o(i.Int_w24c02_write_bytes)
    Int_w25q32_erase_sector                  0x0800f185   Thumb Code    54  int_w25q32.o(i.Int_w25q32_erase_sector)
    Int_w25q32_read_byte                     0x0800f1bd   Thumb Code    20  int_w25q32.o(i.Int_w25q32_read_byte)
    Int_w25q32_read_data_with_32addr         0x0800f1d5   Thumb Code    72  int_w25q32.o(i.Int_w25q32_read_data_with_32addr)
    Int_w25q32_start                         0x0800f21d   Thumb Code    16  int_w25q32.o(i.Int_w25q32_start)
    Int_w25q32_stop                          0x0800f231   Thumb Code    14  int_w25q32.o(i.Int_w25q32_stop)
    Int_w25q32_write_byte                    0x0800f26d   Thumb Code    16  int_w25q32.o(i.Int_w25q32_write_byte)
    Int_w25q32_write_data_with_32addr        0x0800f281   Thumb Code    72  int_w25q32.o(i.Int_w25q32_write_data_with_32addr)
    MX_CAN_Init                              0x0800f2e1   Thumb Code    60  can.o(i.MX_CAN_Init)
    MX_CRC_Init                              0x0800f325   Thumb Code    22  crc.o(i.MX_CRC_Init)
    MX_GPIO_Init                             0x0800f345   Thumb Code   216  gpio.o(i.MX_GPIO_Init)
    MX_I2C1_Init                             0x0800f429   Thumb Code    48  i2c.o(i.MX_I2C1_Init)
    MX_SPI2_Init                             0x0800f465   Thumb Code    60  spi.o(i.MX_SPI2_Init)
    MX_USART1_UART_Init                      0x0800f4a9   Thumb Code    46  usart.o(i.MX_USART1_UART_Init)
    MemManage_Handler                        0x0800f4e1   Thumb Code     4  stm32f1xx_it.o(i.MemManage_Handler)
    NMI_Handler                              0x0800f4e5   Thumb Code     4  stm32f1xx_it.o(i.NMI_Handler)
    PendSV_Handler                           0x0800f4e9   Thumb Code     2  stm32f1xx_it.o(i.PendSV_Handler)
    SVC_Handler                              0x0800f6a9   Thumb Code     2  stm32f1xx_it.o(i.SVC_Handler)
    SysTick_Handler                          0x0800f6ab   Thumb Code     8  stm32f1xx_it.o(i.SysTick_Handler)
    SystemClock_Config                       0x0800f6b3   Thumb Code   102  main.o(i.SystemClock_Config)
    SystemInit                               0x0800f719   Thumb Code     2  system_stm32f1xx.o(i.SystemInit)
    UART_Start_Receive_IT                    0x0800f9b5   Thumb Code    64  stm32f1xx_hal_uart.o(i.UART_Start_Receive_IT)
    USART1_IRQHandler                        0x0800fae1   Thumb Code    10  stm32f1xx_it.o(i.USART1_IRQHandler)
    UsageFault_Handler                       0x0800faf1   Thumb Code     4  stm32f1xx_it.o(i.UsageFault_Handler)
    __0printf$8                              0x0800faf5   Thumb Code    22  printf8.o(i.__0printf$8)
    __1printf$8                              0x0800faf5   Thumb Code     0  printf8.o(i.__0printf$8)
    __2printf                                0x0800faf5   Thumb Code     0  printf8.o(i.__0printf$8)
    __scatterload_copy                       0x0800fb4d   Thumb Code    14  handlers.o(i.__scatterload_copy)
    __scatterload_null                       0x0800fb5b   Thumb Code     2  handlers.o(i.__scatterload_null)
    __scatterload_zeroinit                   0x0800fb5d   Thumb Code    14  handlers.o(i.__scatterload_zeroinit)
    can_adapter_init                         0x0800ffcf   Thumb Code     8  can_adapter.o(i.can_adapter_init)
    can_adapter_send                         0x0800ffd7   Thumb Code    20  can_adapter.o(i.can_adapter_send)
    can_bus_init                             0x0800ffeb   Thumb Code     8  can_bus.o(i.can_bus_init)
    can_bus_send                             0x0800fff3   Thumb Code    20  can_bus.o(i.can_bus_send)
    fputc                                    0x08010009   Thumb Code    22  usart.o(i.fputc)
    main                                     0x080102dd   Thumb Code    54  main.o(i.main)
    storage_adapter_erase_sector             0x0801031d   Thumb Code    16  storage_adapter.o(i.storage_adapter_erase_sector)
    storage_adapter_read_flash               0x0801032d   Thumb Code    20  storage_adapter.o(i.storage_adapter_read_flash)
    storage_adapter_write_eeprom             0x08010341   Thumb Code    20  storage_adapter.o(i.storage_adapter_write_eeprom)
    storage_adapter_write_flash              0x08010355   Thumb Code    20  storage_adapter.o(i.storage_adapter_write_flash)
    storage_erase_firmware_area              0x08010369   Thumb Code    24  storage.o(i.storage_erase_firmware_area)
    storage_read_firmware                    0x08010381   Thumb Code    20  storage.o(i.storage_read_firmware)
    storage_set_boot_flag                    0x08010395   Thumb Code    36  storage.o(i.storage_set_boot_flag)
    storage_write_firmware                   0x080103b9   Thumb Code    20  storage.o(i.storage_write_firmware)
    storage_write_metadata                   0x080103cd   Thumb Code    80  storage.o(i.storage_write_metadata)
    AHBPrescTable                            0x0801042e   Data          16  system_stm32f1xx.o(.constdata)
    APBPrescTable                            0x0801043e   Data           8  system_stm32f1xx.o(.constdata)
    Region$$Table$$Base                      0x08010448   Number         0  anon$$obj.o(Region$$Table)
    Region$$Table$$Limit                     0x08010468   Number         0  anon$$obj.o(Region$$Table)
    hcrc                                     0x20000000   Data           8  crc.o(.data)
    uwTick                                   0x20000008   Data           4  stm32f1xx_hal.o(.data)
    uwTickPrio                               0x2000000c   Data           4  stm32f1xx_hal.o(.data)
    uwTickFreq                               0x20000010   Data           1  stm32f1xx_hal.o(.data)
    SystemCoreClock                          0x20000014   Data           4  system_stm32f1xx.o(.data)
    update_state                             0x20000018   Data           1  app_update.o(.data)
    total_rec_len                            0x20000028   Data           4  app_update.o(.data)
    flash_write_addr                         0x2000002c   Data           4  app_update.o(.data)
    can_last_tick                            0x20000030   Data           4  app_update.o(.data)
    page_ready                               0x20000034   Data           1  app_update.o(.data)
    crc_rx_flag                              0x20000035   Data           1  app_update.o(.data)
    __stdout                                 0x20000048   Data           4  stdout.o(.data)
    hcan                                     0x2000004c   Data          40  can.o(.bss)
    hi2c1                                    0x20000074   Data          84  i2c.o(.bss)
    hspi2                                    0x200000c8   Data          88  spi.o(.bss)
    huart1                                   0x20000120   Data          72  usart.o(.bss)
    __initial_sp                             0x20000788   Data           0  startup_stm32f103xe.o(STACK)



==============================================================================

Memory Map of the image

  Image Entry point : 0x0800c131

  Load Region LR_IROM1 (Base: 0x0800c000, Size: 0x000044b4, Max: 0x00074000, ABSOLUTE)

    Execution Region ER_IROM1 (Exec base: 0x0800c000, Load base: 0x0800c000, Size: 0x00004468, Max: 0x00074000, ABSOLUTE)

    Exec Addr    Load Addr    Size         Type   Attr      Idx    E Section Name        Object

    0x0800c000   0x0800c000   0x00000130   Data   RO            3    RESET               startup_stm32f103xe.o
    0x0800c130   0x0800c130   0x00000000   Code   RO         3481  * .ARM.Collect$$$$00000000  mc_w.l(entry.o)
    0x0800c130   0x0800c130   0x00000004   Code   RO         3751    .ARM.Collect$$$$00000001  mc_w.l(entry2.o)
    0x0800c134   0x0800c134   0x00000004   Code   RO         3754    .ARM.Collect$$$$00000004  mc_w.l(entry5.o)
    0x0800c138   0x0800c138   0x00000000   Code   RO         3756    .ARM.Collect$$$$00000008  mc_w.l(entry7b.o)
    0x0800c138   0x0800c138   0x00000000   Code   RO         3758    .ARM.Collect$$$$0000000A  mc_w.l(entry8b.o)
    0x0800c138   0x0800c138   0x00000008   Code   RO         3759    .ARM.Collect$$$$0000000B  mc_w.l(entry9a.o)
    0x0800c140   0x0800c140   0x00000000   Code   RO         3761    .ARM.Collect$$$$0000000D  mc_w.l(entry10a.o)
    0x0800c140   0x0800c140   0x00000000   Code   RO         3763    .ARM.Collect$$$$0000000F  mc_w.l(entry11a.o)
    0x0800c140   0x0800c140   0x00000004   Code   RO         3752    .ARM.Collect$$$$00002712  mc_w.l(entry2.o)
    0x0800c144   0x0800c144   0x00000024   Code   RO            4    .text               startup_stm32f103xe.o
    0x0800c168   0x0800c168   0x00000020   Code   RO         3484    .text               mc_w.l(llushr.o)
    0x0800c188   0x0800c188   0x00000024   Code   RO         3486    .text               mc_w.l(memseta.o)
    0x0800c1ac   0x0800c1ac   0x00000024   Code   RO         3488    .text               mc_w.l(strstr.o)
    0x0800c1d0   0x0800c1d0   0x00000062   Code   RO         3768    .text               mc_w.l(uldiv.o)
    0x0800c232   0x0800c232   0x00000002   PAD
    0x0800c234   0x0800c234   0x00000024   Code   RO         3781    .text               mc_w.l(init.o)
    0x0800c258   0x0800c258   0x0000001e   Code   RO         3783    .text               mc_w.l(llshl.o)
    0x0800c276   0x0800c276   0x00000002   PAD
    0x0800c278   0x0800c278   0x00000058   Code   RO         3129    i.App_update_init   app_update.o
    0x0800c2d0   0x0800c2d0   0x00000054   Code   RO         3130    i.App_update_work   app_update.o
    0x0800c324   0x0800c324   0x00000004   Code   RO          420    i.BusFault_Handler  stm32f1xx_it.o
    0x0800c328   0x0800c328   0x00000010   Code   RO          421    i.CAN1_RX1_IRQHandler  stm32f1xx_it.o
    0x0800c338   0x0800c338   0x00000002   Code   RO          422    i.DebugMon_Handler  stm32f1xx_it.o
    0x0800c33a   0x0800c33a   0x00000006   Code   RO           13    i.Error_Handler     main.o
    0x0800c340   0x0800c340   0x0000002a   Code   RO          569    i.HAL_CAN_ActivateNotification  stm32f1xx_hal_can.o
    0x0800c36a   0x0800c36a   0x0000014a   Code   RO          570    i.HAL_CAN_AddTxMessage  stm32f1xx_hal_can.o
    0x0800c4b4   0x0800c4b4   0x0000010a   Code   RO          571    i.HAL_CAN_ConfigFilter  stm32f1xx_hal_can.o
    0x0800c5be   0x0800c5be   0x00000002   Code   RO          574    i.HAL_CAN_ErrorCallback  stm32f1xx_hal_can.o
    0x0800c5c0   0x0800c5c0   0x00000194   Code   RO          577    i.HAL_CAN_GetRxMessage  stm32f1xx_hal_can.o
    0x0800c754   0x0800c754   0x00000036   Code   RO          579    i.HAL_CAN_GetTxMailboxesFreeLevel  stm32f1xx_hal_can.o
    0x0800c78a   0x0800c78a   0x0000024e   Code   RO          581    i.HAL_CAN_IRQHandler  stm32f1xx_hal_can.o
    0x0800c9d8   0x0800c9d8   0x00000174   Code   RO          582    i.HAL_CAN_Init      stm32f1xx_hal_can.o
    0x0800cb4c   0x0800cb4c   0x00000098   Code   RO          205    i.HAL_CAN_MspInit   can.o
    0x0800cbe4   0x0800cbe4   0x00000002   Code   RO          589    i.HAL_CAN_RxFifo0FullCallback  stm32f1xx_hal_can.o
    0x0800cbe6   0x0800cbe6   0x00000002   Code   RO          590    i.HAL_CAN_RxFifo0MsgPendingCallback  stm32f1xx_hal_can.o
    0x0800cbe8   0x0800cbe8   0x00000002   Code   RO          591    i.HAL_CAN_RxFifo1FullCallback  stm32f1xx_hal_can.o
    0x0800cbea   0x0800cbea   0x00000002   PAD
    0x0800cbec   0x0800cbec   0x0000012c   Code   RO         3131    i.HAL_CAN_RxFifo1MsgPendingCallback  app_update.o
    0x0800cd18   0x0800cd18   0x00000002   Code   RO          593    i.HAL_CAN_SleepCallback  stm32f1xx_hal_can.o
    0x0800cd1a   0x0800cd1a   0x0000005e   Code   RO          594    i.HAL_CAN_Start     stm32f1xx_hal_can.o
    0x0800cd78   0x0800cd78   0x00000002   Code   RO          596    i.HAL_CAN_TxMailbox0AbortCallback  stm32f1xx_hal_can.o
    0x0800cd7a   0x0800cd7a   0x00000002   Code   RO          597    i.HAL_CAN_TxMailbox0CompleteCallback  stm32f1xx_hal_can.o
    0x0800cd7c   0x0800cd7c   0x00000002   Code   RO          598    i.HAL_CAN_TxMailbox1AbortCallback  stm32f1xx_hal_can.o
    0x0800cd7e   0x0800cd7e   0x00000002   Code   RO          599    i.HAL_CAN_TxMailbox1CompleteCallback  stm32f1xx_hal_can.o
    0x0800cd80   0x0800cd80   0x00000002   Code   RO          600    i.HAL_CAN_TxMailbox2AbortCallback  stm32f1xx_hal_can.o
    0x0800cd82   0x0800cd82   0x00000002   Code   RO          601    i.HAL_CAN_TxMailbox2CompleteCallback  stm32f1xx_hal_can.o
    0x0800cd84   0x0800cd84   0x00000002   Code   RO          603    i.HAL_CAN_WakeUpFromRxMsgCallback  stm32f1xx_hal_can.o
    0x0800cd86   0x0800cd86   0x00000028   Code   RO         1810    i.HAL_CRC_Accumulate  stm32f1xx_hal_crc.o
    0x0800cdae   0x0800cdae   0x00000020   Code   RO         1814    i.HAL_CRC_Init      stm32f1xx_hal_crc.o
    0x0800cdce   0x0800cdce   0x00000002   PAD
    0x0800cdd0   0x0800cdd0   0x00000030   Code   RO          247    i.HAL_CRC_MspInit   crc.o
    0x0800ce00   0x0800ce00   0x00000056   Code   RO         1188    i.HAL_DMA_Abort     stm32f1xx_hal_dma.o
    0x0800ce56   0x0800ce56   0x00000002   PAD
    0x0800ce58   0x0800ce58   0x000001a8   Code   RO         1189    i.HAL_DMA_Abort_IT  stm32f1xx_hal_dma.o
    0x0800d000   0x0800d000   0x00000028   Code   RO          809    i.HAL_Delay         stm32f1xx_hal.o
    0x0800d028   0x0800d028   0x00000340   Code   RO         1124    i.HAL_GPIO_Init     stm32f1xx_hal_gpio.o
    0x0800d368   0x0800d368   0x0000000c   Code   RO         1128    i.HAL_GPIO_WritePin  stm32f1xx_hal_gpio.o
    0x0800d374   0x0800d374   0x0000000c   Code   RO          813    i.HAL_GetTick       stm32f1xx_hal.o
    0x0800d380   0x0800d380   0x000001d0   Code   RO         1881    i.HAL_I2C_Init      stm32f1xx_hal_i2c.o
    0x0800d550   0x0800d550   0x00000164   Code   RO         1902    i.HAL_I2C_Mem_Write  stm32f1xx_hal_i2c.o
    0x0800d6b4   0x0800d6b4   0x00000074   Code   RO          289    i.HAL_I2C_MspInit   i2c.o
    0x0800d728   0x0800d728   0x00000018   Code   RO          819    i.HAL_IncTick       stm32f1xx_hal.o
    0x0800d740   0x0800d740   0x00000028   Code   RO          820    i.HAL_Init          stm32f1xx_hal.o
    0x0800d768   0x0800d768   0x0000004c   Code   RO          821    i.HAL_InitTick      stm32f1xx_hal.o
    0x0800d7b4   0x0800d7b4   0x00000054   Code   RO          508    i.HAL_MspInit       stm32f1xx_hal_msp.o
    0x0800d808   0x0800d808   0x00000020   Code   RO         1284    i.HAL_NVIC_EnableIRQ  stm32f1xx_hal_cortex.o
    0x0800d828   0x0800d828   0x0000007c   Code   RO         1290    i.HAL_NVIC_SetPriority  stm32f1xx_hal_cortex.o
    0x0800d8a4   0x0800d8a4   0x00000028   Code   RO         1291    i.HAL_NVIC_SetPriorityGrouping  stm32f1xx_hal_cortex.o
    0x0800d8cc   0x0800d8cc   0x00000044   Code   RO         1292    i.HAL_NVIC_SystemReset  stm32f1xx_hal_cortex.o
    0x0800d910   0x0800d910   0x0000018c   Code   RO          977    i.HAL_RCC_ClockConfig  stm32f1xx_hal_rcc.o
    0x0800da9c   0x0800da9c   0x0000000c   Code   RO          982    i.HAL_RCC_GetHCLKFreq  stm32f1xx_hal_rcc.o
    0x0800daa8   0x0800daa8   0x00000020   Code   RO          984    i.HAL_RCC_GetPCLK1Freq  stm32f1xx_hal_rcc.o
    0x0800dac8   0x0800dac8   0x00000020   Code   RO          985    i.HAL_RCC_GetPCLK2Freq  stm32f1xx_hal_rcc.o
    0x0800dae8   0x0800dae8   0x00000070   Code   RO          986    i.HAL_RCC_GetSysClockFreq  stm32f1xx_hal_rcc.o
    0x0800db58   0x0800db58   0x00000464   Code   RO          989    i.HAL_RCC_OscConfig  stm32f1xx_hal_rcc.o
    0x0800dfbc   0x0800dfbc   0x000000be   Code   RO         2358    i.HAL_SPI_Init      stm32f1xx_hal_spi.o
    0x0800e07a   0x0800e07a   0x00000002   PAD
    0x0800e07c   0x0800e07c   0x00000088   Code   RO          331    i.HAL_SPI_MspInit   spi.o
    0x0800e104   0x0800e104   0x00000182   Code   RO         2361    i.HAL_SPI_Receive   stm32f1xx_hal_spi.o
    0x0800e286   0x0800e286   0x000001be   Code   RO         2366    i.HAL_SPI_Transmit  stm32f1xx_hal_spi.o
    0x0800e444   0x0800e444   0x00000248   Code   RO         2367    i.HAL_SPI_TransmitReceive  stm32f1xx_hal_spi.o
    0x0800e68c   0x0800e68c   0x00000034   Code   RO         1295    i.HAL_SYSTICK_Config  stm32f1xx_hal_cortex.o
    0x0800e6c0   0x0800e6c0   0x00000072   Code   RO         2680    i.HAL_UARTEx_ReceiveToIdle_IT  stm32f1xx_hal_uart.o
    0x0800e732   0x0800e732   0x00000002   PAD
    0x0800e734   0x0800e734   0x00000078   Code   RO         3132    i.HAL_UARTEx_RxEventCallback  app_update.o
    0x0800e7ac   0x0800e7ac   0x00000002   Code   RO         2695    i.HAL_UART_ErrorCallback  stm32f1xx_hal_uart.o
    0x0800e7ae   0x0800e7ae   0x00000002   PAD
    0x0800e7b0   0x0800e7b0   0x000002e4   Code   RO         2698    i.HAL_UART_IRQHandler  stm32f1xx_hal_uart.o
    0x0800ea94   0x0800ea94   0x00000076   Code   RO         2699    i.HAL_UART_Init     stm32f1xx_hal_uart.o
    0x0800eb0a   0x0800eb0a   0x00000002   PAD
    0x0800eb0c   0x0800eb0c   0x00000098   Code   RO          373    i.HAL_UART_MspInit  usart.o
    0x0800eba4   0x0800eba4   0x00000002   Code   RO         2705    i.HAL_UART_RxCpltCallback  stm32f1xx_hal_uart.o
    0x0800eba6   0x0800eba6   0x000000be   Code   RO         2707    i.HAL_UART_Transmit  stm32f1xx_hal_uart.o
    0x0800ec64   0x0800ec64   0x00000002   Code   RO         2710    i.HAL_UART_TxCpltCallback  stm32f1xx_hal_uart.o
    0x0800ec66   0x0800ec66   0x00000004   Code   RO          423    i.HardFault_Handler  stm32f1xx_it.o
    0x0800ec6a   0x0800ec6a   0x0000003e   Code   RO         1925    i.I2C_IsAcknowledgeFailed  stm32f1xx_hal_i2c.o
    0x0800eca8   0x0800eca8   0x000000e0   Code   RO         1937    i.I2C_RequestMemoryWrite  stm32f1xx_hal_i2c.o
    0x0800ed88   0x0800ed88   0x00000066   Code   RO         1945    i.I2C_WaitOnBTFFlagUntilTimeout  stm32f1xx_hal_i2c.o
    0x0800edee   0x0800edee   0x000000be   Code   RO         1946    i.I2C_WaitOnFlagUntilTimeout  stm32f1xx_hal_i2c.o
    0x0800eeac   0x0800eeac   0x000000fa   Code   RO         1947    i.I2C_WaitOnMasterAddressFlagUntilTimeout  stm32f1xx_hal_i2c.o
    0x0800efa6   0x0800efa6   0x00000066   Code   RO         1951    i.I2C_WaitOnTXEFlagUntilTimeout  stm32f1xx_hal_i2c.o
    0x0800f00c   0x0800f00c   0x00000040   Code   RO         3079    i.Int_CAN_config_filter  int_can.o
    0x0800f04c   0x0800f04c   0x0000002c   Code   RO         3081    i.Int_CAN_init_IT   int_can.o
    0x0800f078   0x0800f078   0x00000040   Code   RO         3083    i.Int_CAN_send      int_can.o
    0x0800f0b8   0x0800f0b8   0x000000cc   Code   RO         3207    i.Int_w24c02_write_bytes  int_w24c02.o
    0x0800f184   0x0800f184   0x00000036   Code   RO         3249    i.Int_w25q32_erase_sector  int_w25q32.o
    0x0800f1ba   0x0800f1ba   0x00000002   PAD
    0x0800f1bc   0x0800f1bc   0x00000018   Code   RO         3250    i.Int_w25q32_read_byte  int_w25q32.o
    0x0800f1d4   0x0800f1d4   0x00000048   Code   RO         3252    i.Int_w25q32_read_data_with_32addr  int_w25q32.o
    0x0800f21c   0x0800f21c   0x00000014   Code   RO         3254    i.Int_w25q32_start  int_w25q32.o
    0x0800f230   0x0800f230   0x00000014   Code   RO         3255    i.Int_w25q32_stop   int_w25q32.o
    0x0800f244   0x0800f244   0x00000028   Code   RO         3256    i.Int_w25q32_wait_busy  int_w25q32.o
    0x0800f26c   0x0800f26c   0x00000014   Code   RO         3257    i.Int_w25q32_write_byte  int_w25q32.o
    0x0800f280   0x0800f280   0x00000048   Code   RO         3259    i.Int_w25q32_write_data_with_32addr  int_w25q32.o
    0x0800f2c8   0x0800f2c8   0x00000016   Code   RO         3260    i.Int_w25q32_write_enable  int_w25q32.o
    0x0800f2de   0x0800f2de   0x00000002   PAD
    0x0800f2e0   0x0800f2e0   0x00000044   Code   RO          206    i.MX_CAN_Init       can.o
    0x0800f324   0x0800f324   0x00000020   Code   RO          248    i.MX_CRC_Init       crc.o
    0x0800f344   0x0800f344   0x000000e4   Code   RO          180    i.MX_GPIO_Init      gpio.o
    0x0800f428   0x0800f428   0x0000003c   Code   RO          290    i.MX_I2C1_Init      i2c.o
    0x0800f464   0x0800f464   0x00000044   Code   RO          332    i.MX_SPI2_Init      spi.o
    0x0800f4a8   0x0800f4a8   0x00000038   Code   RO          374    i.MX_USART1_UART_Init  usart.o
    0x0800f4e0   0x0800f4e0   0x00000004   Code   RO          424    i.MemManage_Handler  stm32f1xx_it.o
    0x0800f4e4   0x0800f4e4   0x00000004   Code   RO          425    i.NMI_Handler       stm32f1xx_it.o
    0x0800f4e8   0x0800f4e8   0x00000002   Code   RO          426    i.PendSV_Handler    stm32f1xx_it.o
    0x0800f4ea   0x0800f4ea   0x00000002   PAD
    0x0800f4ec   0x0800f4ec   0x00000028   Code   RO          990    i.RCC_Delay         stm32f1xx_hal_rcc.o
    0x0800f514   0x0800f514   0x00000078   Code   RO         2395    i.SPI_EndRxTransaction  stm32f1xx_hal_spi.o
    0x0800f58c   0x0800f58c   0x00000044   Code   RO         2396    i.SPI_EndRxTxTransaction  stm32f1xx_hal_spi.o
    0x0800f5d0   0x0800f5d0   0x000000d8   Code   RO         2401    i.SPI_WaitFlagStateUntilTimeout  stm32f1xx_hal_spi.o
    0x0800f6a8   0x0800f6a8   0x00000002   Code   RO          427    i.SVC_Handler       stm32f1xx_it.o
    0x0800f6aa   0x0800f6aa   0x00000008   Code   RO          428    i.SysTick_Handler   stm32f1xx_it.o
    0x0800f6b2   0x0800f6b2   0x00000066   Code   RO           14    i.SystemClock_Config  main.o
    0x0800f718   0x0800f718   0x00000002   Code   RO         3043    i.SystemInit        system_stm32f1xx.o
    0x0800f71a   0x0800f71a   0x00000014   Code   RO         2712    i.UART_DMAAbortOnError  stm32f1xx_hal_uart.o
    0x0800f72e   0x0800f72e   0x0000006c   Code   RO         2722    i.UART_EndRxTransfer  stm32f1xx_hal_uart.o
    0x0800f79a   0x0800f79a   0x00000020   Code   RO         2723    i.UART_EndTransmit_IT  stm32f1xx_hal_uart.o
    0x0800f7ba   0x0800f7ba   0x000000fc   Code   RO         2725    i.UART_Receive_IT   stm32f1xx_hal_uart.o
    0x0800f8b6   0x0800f8b6   0x00000002   PAD
    0x0800f8b8   0x0800f8b8   0x000000fc   Code   RO         2726    i.UART_SetConfig    stm32f1xx_hal_uart.o
    0x0800f9b4   0x0800f9b4   0x00000040   Code   RO         2728    i.UART_Start_Receive_IT  stm32f1xx_hal_uart.o
    0x0800f9f4   0x0800f9f4   0x00000060   Code   RO         2729    i.UART_Transmit_IT  stm32f1xx_hal_uart.o
    0x0800fa54   0x0800fa54   0x0000008c   Code   RO         2730    i.UART_WaitOnFlagUntilTimeout  stm32f1xx_hal_uart.o
    0x0800fae0   0x0800fae0   0x00000010   Code   RO          429    i.USART1_IRQHandler  stm32f1xx_it.o
    0x0800faf0   0x0800faf0   0x00000004   Code   RO          430    i.UsageFault_Handler  stm32f1xx_it.o
    0x0800faf4   0x0800faf4   0x00000020   Code   RO         3697    i.__0printf$8       mc_w.l(printf8.o)
    0x0800fb14   0x0800fb14   0x00000010   Code   RO         1297    i.__NVIC_GetPriorityGrouping  stm32f1xx_hal_cortex.o
    0x0800fb24   0x0800fb24   0x00000028   Code   RO         1298    i.__NVIC_SetPriority  stm32f1xx_hal_cortex.o
    0x0800fb4c   0x0800fb4c   0x0000000e   Code   RO         3791    i.__scatterload_copy  mc_w.l(handlers.o)
    0x0800fb5a   0x0800fb5a   0x00000002   Code   RO         3792    i.__scatterload_null  mc_w.l(handlers.o)
    0x0800fb5c   0x0800fb5c   0x0000000e   Code   RO         3793    i.__scatterload_zeroinit  mc_w.l(handlers.o)
    0x0800fb6a   0x0800fb6a   0x00000002   PAD
    0x0800fb6c   0x0800fb6c   0x00000410   Code   RO         3704    i._printf_core      mc_w.l(printf8.o)
    0x0800ff7c   0x0800ff7c   0x00000024   Code   RO         3705    i._printf_post_padding  mc_w.l(printf8.o)
    0x0800ffa0   0x0800ffa0   0x0000002e   Code   RO         3706    i._printf_pre_padding  mc_w.l(printf8.o)
    0x0800ffce   0x0800ffce   0x00000008   Code   RO         3373    i.can_adapter_init  can_adapter.o
    0x0800ffd6   0x0800ffd6   0x00000014   Code   RO         3374    i.can_adapter_send  can_adapter.o
    0x0800ffea   0x0800ffea   0x00000008   Code   RO         3340    i.can_bus_init      can_bus.o
    0x0800fff2   0x0800fff2   0x00000014   Code   RO         3341    i.can_bus_send      can_bus.o
    0x08010006   0x08010006   0x00000002   PAD
    0x08010008   0x08010008   0x0000001c   Code   RO          375    i.fputc             usart.o
    0x08010024   0x08010024   0x00000030   Code   RO         3133    i.handle_boot_update  app_update.o
    0x08010054   0x08010054   0x00000108   Code   RO         3134    i.handle_check_data  app_update.o
    0x0801015c   0x0801015c   0x000000a4   Code   RO         3135    i.handle_recv_data  app_update.o
    0x08010200   0x08010200   0x000000dc   Code   RO         3136    i.handle_send_cmd   app_update.o
    0x080102dc   0x080102dc   0x00000040   Code   RO           15    i.main              main.o
    0x0801031c   0x0801031c   0x00000010   Code   RO         3442    i.storage_adapter_erase_sector  storage_adapter.o
    0x0801032c   0x0801032c   0x00000014   Code   RO         3443    i.storage_adapter_read_flash  storage_adapter.o
    0x08010340   0x08010340   0x00000014   Code   RO         3444    i.storage_adapter_write_eeprom  storage_adapter.o
    0x08010354   0x08010354   0x00000014   Code   RO         3445    i.storage_adapter_write_flash  storage_adapter.o
    0x08010368   0x08010368   0x00000018   Code   RO         3400    i.storage_erase_firmware_area  storage.o
    0x08010380   0x08010380   0x00000014   Code   RO         3401    i.storage_read_firmware  storage.o
    0x08010394   0x08010394   0x00000024   Code   RO         3402    i.storage_set_boot_flag  storage.o
    0x080103b8   0x080103b8   0x00000014   Code   RO         3403    i.storage_write_firmware  storage.o
    0x080103cc   0x080103cc   0x00000050   Code   RO         3404    i.storage_write_metadata  storage.o
    0x0801041c   0x0801041c   0x00000012   Data   RO          991    .constdata          stm32f1xx_hal_rcc.o
    0x0801042e   0x0801042e   0x00000018   Data   RO         3044    .constdata          system_stm32f1xx.o
    0x08010446   0x08010446   0x00000002   PAD
    0x08010448   0x08010448   0x00000020   Data   RO         3789    Region$$Table       anon$$obj.o


    Execution Region RW_IRAM1 (Exec base: 0x20000000, Load base: 0x08010468, Size: 0x00000788, Max: 0x00010000, ABSOLUTE)

    Exec Addr    Load Addr    Size         Type   Attr      Idx    E Section Name        Object

    0x20000000   0x08010468   0x00000008   Data   RW          249    .data               crc.o
    0x20000008   0x08010470   0x00000009   Data   RW          827    .data               stm32f1xx_hal.o
    0x20000011   0x08010479   0x00000003   PAD
    0x20000014   0x0801047c   0x00000004   Data   RW         3045    .data               system_stm32f1xx.o
    0x20000018   0x08010480   0x00000030   Data   RW         3138    .data               app_update.o
    0x20000048   0x080104b0   0x00000004   Data   RW         3765    .data               mc_w.l(stdout.o)
    0x2000004c        -       0x00000028   Zero   RW          207    .bss                can.o
    0x20000074        -       0x00000054   Zero   RW          291    .bss                i2c.o
    0x200000c8        -       0x00000058   Zero   RW          333    .bss                spi.o
    0x20000120        -       0x00000048   Zero   RW          376    .bss                usart.o
    0x20000168        -       0x00000220   Zero   RW         3137    .bss                app_update.o
    0x20000388        -       0x00000400   Zero   RW            1    STACK               startup_stm32f103xe.o


==============================================================================

Image component sizes


      Code (inc. data)   RO Data    RW Data    ZI Data      Debug   Object Name

      1288        394          0         48        544       6344   app_update.o
       220         22          0          0         40       1511   can.o
        28          0          0          0          0       1290   can_adapter.o
        28          0          0          0          0       1250   can_bus.o
        80         18          0          8          0       1327   crc.o
       228         12          0          0          0        919   gpio.o
       176         24          0          0         84       1481   i2c.o
       172         14          0          0          0       2265   int_can.o
       204         36          0          0          0       1101   int_w24c02.o
       344         18          0          0          0       4969   int_w25q32.o
       172         10          0          0          0     481760   main.o
       204         20          0          0         88       1509   spi.o
        36          8        304          0       1024        772   startup_stm32f103xe.o
       192         36          0          9          0       6245   stm32f1xx_hal.o
      2176          0          0          0          0      13769   stm32f1xx_hal_can.o
       372         30          0          0          0      29770   stm32f1xx_hal_cortex.o
        72          0          0          0          0       1692   stm32f1xx_hal_crc.o
       510         10          0          0          0       1795   stm32f1xx_hal_dma.o
       844         40          0          0          0       2596   stm32f1xx_hal_gpio.o
      1750         30          0          0          0       7907   stm32f1xx_hal_i2c.o
        84          8          0          0          0        834   stm32f1xx_hal_msp.o
      1748         98         18          0          0       5720   stm32f1xx_hal_rcc.o
      2010          6          0          0          0       7230   stm32f1xx_hal_spi.o
      2132          8          0          0          0      11613   stm32f1xx_hal_uart.o
        66         12          0          0          0       4504   stm32f1xx_it.o
       180          0          0          0          0       3032   storage.o
        76          0          0          0          0       2705   storage_adapter.o
         2          0         24          4          0       1023   system_stm32f1xx.o
       236         30          0          0         72       2014   usart.o

    ----------------------------------------------------------------------
     15654        884        380         72       1852     608947   Object Totals
         0          0         32          0          0          0   (incl. Generated)
        24          0          2          3          0          0   (incl. Padding)

    ----------------------------------------------------------------------

      Code (inc. data)   RO Data    RW Data    ZI Data      Debug   Library Member Name

         0          0          0          0          0          0   entry.o
         0          0          0          0          0          0   entry10a.o
         0          0          0          0          0          0   entry11a.o
         8          4          0          0          0          0   entry2.o
         4          0          0          0          0          0   entry5.o
         0          0          0          0          0          0   entry7b.o
         0          0          0          0          0          0   entry8b.o
         8          4          0          0          0          0   entry9a.o
        30          0          0          0          0          0   handlers.o
        36          8          0          0          0         68   init.o
        30          0          0          0          0         68   llshl.o
        32          0          0          0          0         68   llushr.o
        36          0          0          0          0        108   memseta.o
      1154         54          0          0          0        352   printf8.o
         0          0          0          4          0          0   stdout.o
        36          0          0          0          0         80   strstr.o
        98          0          0          0          0         92   uldiv.o

    ----------------------------------------------------------------------
      1478         70          0          4          0        836   Library Totals
         6          0          0          0          0          0   (incl. Padding)

    ----------------------------------------------------------------------

      Code (inc. data)   RO Data    RW Data    ZI Data      Debug   Library Name

      1472         70          0          4          0        836   mc_w.l

    ----------------------------------------------------------------------
      1478         70          0          4          0        836   Library Totals

    ----------------------------------------------------------------------

==============================================================================


      Code (inc. data)   RO Data    RW Data    ZI Data      Debug   

     17132        954        380         76       1852     602707   Grand Totals
     17132        954        380         76       1852     602707   ELF Image Totals
     17132        954        380         76          0          0   ROM Totals

==============================================================================

    Total RO  Size (Code + RO Data)                17512 (  17.10kB)
    Total RW  Size (RW Data + ZI Data)              1928 (   1.88kB)
    Total ROM Size (Code + RO Data + RW Data)      17588 (  17.18kB)

==============================================================================

