Component: ARM Compiler 5.06 update 6 (build 750) Tool: armlink [4d35ed]

==============================================================================

Section Cross References

    startup_stm32f103xe.o(RESET) refers to startup_stm32f103xe.o(STACK) for __initial_sp
    startup_stm32f103xe.o(RESET) refers to startup_stm32f103xe.o(.text) for Reset_Handler
    startup_stm32f103xe.o(RESET) refers to stm32f1xx_it.o(i.NMI_Handler) for NMI_Handler
    startup_stm32f103xe.o(RESET) refers to stm32f1xx_it.o(i.HardFault_Handler) for HardFault_Handler
    startup_stm32f103xe.o(RESET) refers to stm32f1xx_it.o(i.MemManage_Handler) for MemManage_Handler
    startup_stm32f103xe.o(RESET) refers to stm32f1xx_it.o(i.BusFault_Handler) for BusFault_Handler
    startup_stm32f103xe.o(RESET) refers to stm32f1xx_it.o(i.UsageFault_Handler) for UsageFault_Handler
    startup_stm32f103xe.o(RESET) refers to port.o(.emb_text) for SVC_Handler
    startup_stm32f103xe.o(RESET) refers to stm32f1xx_it.o(i.DebugMon_Handler) for DebugMon_Handler
    startup_stm32f103xe.o(RESET) refers to cmsis_os2.o(i.SysTick_Handler) for SysTick_Handler
    startup_stm32f103xe.o(RESET) refers to stm32f1xx_it.o(i.DMA1_Channel3_IRQHandler) for DMA1_Channel3_IRQHandler
    startup_stm32f103xe.o(RESET) refers to stm32f1xx_it.o(i.USB_LP_CAN1_RX0_IRQHandler) for USB_LP_CAN1_RX0_IRQHandler
    startup_stm32f103xe.o(RESET) refers to stm32f1xx_it.o(i.CAN1_RX1_IRQHandler) for CAN1_RX1_IRQHandler
    startup_stm32f103xe.o(RESET) refers to stm32f1xx_it.o(i.TIM4_IRQHandler) for TIM4_IRQHandler
    startup_stm32f103xe.o(RESET) refers to stm32f1xx_it.o(i.USART1_IRQHandler) for USART1_IRQHandler
    startup_stm32f103xe.o(RESET) refers to stm32f1xx_it.o(i.USART2_IRQHandler) for USART2_IRQHandler
    startup_stm32f103xe.o(RESET) refers to stm32f1xx_it.o(i.USART3_IRQHandler) for USART3_IRQHandler
    startup_stm32f103xe.o(.text) refers to system_stm32f1xx.o(i.SystemInit) for SystemInit
    startup_stm32f103xe.o(.text) refers to entry.o(.ARM.Collect$$$$00000000) for __main
    main.o(i.HAL_TIM_PeriodElapsedCallback) refers to stm32f1xx_hal.o(i.HAL_IncTick) for HAL_IncTick
    main.o(i.SystemClock_Config) refers to memseta.o(.text) for __aeabi_memclr4
    main.o(i.SystemClock_Config) refers to stm32f1xx_hal_rcc.o(i.HAL_RCC_OscConfig) for HAL_RCC_OscConfig
    main.o(i.SystemClock_Config) refers to main.o(i.Error_Handler) for Error_Handler
    main.o(i.SystemClock_Config) refers to stm32f1xx_hal_rcc.o(i.HAL_RCC_ClockConfig) for HAL_RCC_ClockConfig
    main.o(i.main) refers to stm32f1xx_hal.o(i.HAL_Init) for HAL_Init
    main.o(i.main) refers to main.o(i.SystemClock_Config) for SystemClock_Config
    main.o(i.main) refers to gpio.o(i.MX_GPIO_Init) for MX_GPIO_Init
    main.o(i.main) refers to dma.o(i.MX_DMA_Init) for MX_DMA_Init
    main.o(i.main) refers to can.o(i.MX_CAN_Init) for MX_CAN_Init
    main.o(i.main) refers to usart.o(i.MX_USART3_UART_Init) for MX_USART3_UART_Init
    main.o(i.main) refers to usart.o(i.MX_USART1_UART_Init) for MX_USART1_UART_Init
    main.o(i.main) refers to usart.o(i.MX_USART2_UART_Init) for MX_USART2_UART_Init
    main.o(i.main) refers to i2c.o(i.MX_I2C1_Init) for MX_I2C1_Init
    main.o(i.main) refers to spi.o(i.MX_SPI2_Init) for MX_SPI2_Init
    main.o(i.main) refers to crc.o(i.MX_CRC_Init) for MX_CRC_Init
    main.o(i.main) refers to oled.o(i.OLED_Init) for OLED_Init
    main.o(i.main) refers to stm32f1xx_hal_can.o(i.HAL_CAN_Start) for HAL_CAN_Start
    main.o(i.main) refers to can.o(i.CAN_FilterConfig) for CAN_FilterConfig
    main.o(i.main) refers to cmsis_os2.o(i.osKernelInitialize) for osKernelInitialize
    main.o(i.main) refers to freertos.o(i.MX_FREERTOS_Init) for MX_FREERTOS_Init
    main.o(i.main) refers to cmsis_os2.o(i.osKernelStart) for osKernelStart
    main.o(i.main) refers to can.o(.bss) for hcan
    gpio.o(i.MX_GPIO_Init) refers to stm32f1xx_hal_gpio.o(i.HAL_GPIO_WritePin) for HAL_GPIO_WritePin
    gpio.o(i.MX_GPIO_Init) refers to stm32f1xx_hal_gpio.o(i.HAL_GPIO_Init) for HAL_GPIO_Init
    freertos.o(i.MQTTSmart_handler) refers to printfa.o(i.__0printf) for __2printf
    freertos.o(i.MQTTSmart_handler) refers to strstr.o(.text) for strstr
    freertos.o(i.MQTTSmart_handler) refers to strlen.o(.text) for strlen
    freertos.o(i.MQTTSmart_handler) refers to can.o(i.CAN_SendMsg) for CAN_SendMsg
    freertos.o(i.MQTTSmart_handler) refers to freertos.o(.conststring) for .conststring
    freertos.o(i.MQTTSmart_handler) refers to freertos.o(.constdata) for __FUNCTION__
    freertos.o(i.MQTT_Task) refers to printfa.o(i.__0printf) for __2printf
    freertos.o(i.MQTT_Task) refers to stm32f1xx_hal_uart.o(i.HAL_UART_Receive_DMA) for HAL_UART_Receive_DMA
    freertos.o(i.MQTT_Task) refers to mqttclient.o(i.mqtt_lease) for mqtt_lease
    freertos.o(i.MQTT_Task) refers to mqttclient.o(i.mqtt_set_port) for mqtt_set_port
    freertos.o(i.MQTT_Task) refers to mqttclient.o(i.mqtt_set_host) for mqtt_set_host
[...]

    BuildAttributes$$THM_ISAv4$P$D$K$B$S$PE$A:L22UL41UL21$X:L11$S22US41US21$IEEE1$IW$USESV6$~STKCKD$USESV7$~SHL$OTIME$ROPI$IEEEX$EBA8$MICROLIB$REQ8$PRES8$EABIv2 0x00000000   Number         0  anon$$obj.o ABSOLUTE
    __ARM_use_no_argv                        0x00000000   Number         0  main.o ABSOLUTE
    _printf_a                                0x00000000   Number         0  stubs.o ABSOLUTE
    _printf_c                                0x00000000   Number         0  stubs.o ABSOLUTE
    _printf_charcount                        0x00000000   Number         0  stubs.o ABSOLUTE
    _printf_d                                0x00000000   Number         0  stubs.o ABSOLUTE
    _printf_e                                0x00000000   Number         0  stubs.o ABSOLUTE
    _printf_f                                0x00000000   Number         0  stubs.o ABSOLUTE
    _printf_flags                            0x00000000   Number         0  stubs.o ABSOLUTE
    _printf_fp_dec                           0x00000000   Number         0  stubs.o ABSOLUTE
    _printf_fp_hex                           0x00000000   Number         0  stubs.o ABSOLUTE
    _printf_g                                0x00000000   Number         0  stubs.o ABSOLUTE
    _printf_i                                0x00000000   Number         0  stubs.o ABSOLUTE
    _printf_int_dec                          0x00000000   Number         0  stubs.o ABSOLUTE
    _printf_l                                0x00000000   Number         0  stubs.o ABSOLUTE
    _printf_lc                               0x00000000   Number         0  stubs.o ABSOLUTE
    _printf_ll                               0x00000000   Number         0  stubs.o ABSOLUTE
    _printf_lld                              0x00000000   Number         0  stubs.o ABSOLUTE
    _printf_lli                              0x00000000   Number         0  stubs.o ABSOLUTE
    _printf_llo                              0x00000000   Number         0  stubs.o ABSOLUTE
    _printf_llu                              0x00000000   Number         0  stubs.o ABSOLUTE
    _printf_llx                              0x00000000   Number         0  stubs.o ABSOLUTE
    _printf_longlong_dec                     0x00000000   Number         0  stubs.o ABSOLUTE
    _printf_longlong_hex                     0x00000000   Number         0  stubs.o ABSOLUTE
    _printf_longlong_oct                     0x00000000   Number         0  stubs.o ABSOLUTE
    _printf_ls                               0x00000000   Number         0  stubs.o ABSOLUTE
    _printf_mbtowc                           0x00000000   Number         0  stubs.o ABSOLUTE
    _printf_n                                0x00000000   Number         0  stubs.o ABSOLUTE
    _printf_o                                0x00000000   Number         0  stubs.o ABSOLUTE
    _printf_p                                0x00000000   Number         0  stubs.o ABSOLUTE
    _printf_percent                          0x00000000   Number         0  stubs.o ABSOLUTE
    _printf_pre_padding                      0x00000000   Number         0  stubs.o ABSOLUTE
    _printf_return_value                     0x00000000   Number         0  stubs.o ABSOLUTE
    _printf_s                                0x00000000   Number         0  stubs.o ABSOLUTE
    _printf_sizespec                         0x00000000   Number         0  stubs.o ABSOLUTE
    _printf_str                              0x00000000   Number         0  stubs.o ABSOLUTE
    _printf_truncate_signed                  0x00000000   Number         0  stubs.o ABSOLUTE
    _printf_truncate_unsigned                0x00000000   Number         0  stubs.o ABSOLUTE
    _printf_u                                0x00000000   Number         0  stubs.o ABSOLUTE
    _printf_wc                               0x00000000   Number         0  stubs.o ABSOLUTE
    _printf_wctomb                           0x00000000   Number         0  stubs.o ABSOLUTE
    _printf_widthprec                        0x00000000   Number         0  stubs.o ABSOLUTE
    _printf_x                                0x00000000   Number         0  stubs.o ABSOLUTE
    __cpp_initialize__aeabi_                  - Undefined Weak Reference
    __cxa_finalize                            - Undefined Weak Reference
    __decompress                              - Undefined Weak Reference
    _clock_init                               - Undefined Weak Reference
    _microlib_exit                            - Undefined Weak Reference
    __Vectors_Size                           0x00000130   Number         0  startup_stm32f103xe.o ABSOLUTE
    __Vectors                                0x0800c000   Data           4  startup_stm32f103xe.o(RESET)
    __Vectors_End                            0x0800c130   Data           0  startup_stm32f103xe.o(RESET)
    __main                                   0x0800c131   Thumb Code     0  entry.o(.ARM.Collect$$$$00000000)
    _main_stk                                0x0800c131   Thumb Code     0  entry2.o(.ARM.Collect$$$$00000001)
    _main_scatterload                        0x0800c135   Thumb Code     0  entry5.o(.ARM.Collect$$$$00000004)
    __main_after_scatterload                 0x0800c139   Thumb Code     0  entry5.o(.ARM.Collect$$$$00000004)
    _main_clock                              0x0800c139   Thumb Code     0  entry7b.o(.ARM.Collect$$$$00000008)
    _main_cpp_init                           0x0800c139   Thumb Code     0  entry8b.o(.ARM.Collect$$$$0000000A)
    _main_init                               0x0800c139   Thumb Code     0  entry9a.o(.ARM.Collect$$$$0000000B)
    __rt_final_cpp                           0x0800c141   Thumb Code     0  entry10a.o(.ARM.Collect$$$$0000000D)
    __rt_final_exit                          0x0800c141   Thumb Code     0  entry11a.o(.ARM.Collect$$$$0000000F)
    SVC_Handler                              0x0800c145   Thumb Code    32  port.o(.emb_text)
    __asm___6_port_c_39a90d8d__prvStartFirstTask 0x0800c169   Thumb Code    28  port.o(.emb_text)
    PendSV_Handler                           0x0800c189   Thumb Code    72  port.o(.emb_text)
    vPortGetIPSR                             0x0800c1d5   Thumb Code     6  port.o(.emb_text)
    Reset_Handler                            0x0800c1dd   Thumb Code     8  startup_stm32f103xe.o(.text)
    ADC1_2_IRQHandler                        0x0800c1f7   Thumb Code     0  startup_stm32f103xe.o(.text)
    ADC3_IRQHandler                          0x0800c1f7   Thumb Code     0  startup_stm32f103xe.o(.text)
    CAN1_SCE_IRQHandler                      0x0800c1f7   Thumb Code     0  startup_stm32f103xe.o(.text)
    DMA1_Channel1_IRQHandler                 0x0800c1f7   Thumb Code     0  startup_stm32f103xe.o(.text)
    DMA1_Channel2_IRQHandler                 0x0800c1f7   Thumb Code     0  startup_stm32f103xe.o(.text)
    DMA1_Channel4_IRQHandler                 0x0800c1f7   Thumb Code     0  startup_stm32f103xe.o(.text)
    DMA1_Channel5_IRQHandler                 0x0800c1f7   Thumb Code     0  startup_stm32f103xe.o(.text)
    DMA1_Channel6_IRQHandler                 0x0800c1f7   Thumb Code     0  startup_stm32f103xe.o(.text)
    DMA1_Channel7_IRQHandler                 0x0800c1f7   Thumb Code     0  startup_stm32f103xe.o(.text)
    DMA2_Channel1_IRQHandler                 0x0800c1f7   Thumb Code     0  startup_stm32f103xe.o(.text)
    DMA2_Channel2_IRQHandler                 0x0800c1f7   Thumb Code     0  startup_stm32f103xe.o(.text)
    DMA2_Channel3_IRQHandler                 0x0800c1f7   Thumb Code     0  startup_stm32f103xe.o(.text)
    DMA2_Channel4_5_IRQHandler               0x0800c1f7   Thumb Code     0  startup_stm32f103xe.o(.text)
    EXTI0_IRQHandler                         0x0800c1f7   Thumb Code     0  startup_stm32f103xe.o(.text)
    EXTI15_10_IRQHandler                     0x0800c1f7   Thumb Code     0  startup_stm32f103xe.o(.text)
    EXTI1_IRQHandler                         0x0800c1f7   Thumb Code     0  startup_stm32f103xe.o(.text)
    EXTI2_IRQHandler                         0x0800c1f7   Thumb Code     0  startup_stm32f103xe.o(.text)
    EXTI3_IRQHandler                         0x0800c1f7   Thumb Code     0  startup_stm32f103xe.o(.text)
    EXTI4_IRQHandler                         0x0800c1f7   Thumb Code     0  startup_stm32f103xe.o(.text)
    EXTI9_5_IRQHandler                       0x0800c1f7   Thumb Code     0  startup_stm32f103xe.o(.text)
    FLASH_IRQHandler                         0x0800c1f7   Thumb Code     0  startup_stm32f103xe.o(.text)
    FSMC_IRQHandler                          0x0800c1f7   Thumb Code     0  startup_stm32f103xe.o(.text)
    I2C1_ER_IRQHandler                       0x0800c1f7   Thumb Code     0  startup_stm32f103xe.o(.text)
    I2C1_EV_IRQHandler                       0x0800c1f7   Thumb Code     0  startup_stm32f103xe.o(.text)
    I2C2_ER_IRQHandler                       0x0800c1f7   Thumb Code     0  startup_stm32f103xe.o(.text)
    I2C2_EV_IRQHandler                       0x0800c1f7   Thumb Code     0  startup_stm32f103xe.o(.text)
    PVD_IRQHandler                           0x0800c1f7   Thumb Code     0  startup_stm32f103xe.o(.text)
    RCC_IRQHandler                           0x0800c1f7   Thumb Code     0  startup_stm32f103xe.o(.text)
    RTC_Alarm_IRQHandler                     0x0800c1f7   Thumb Code     0  startup_stm32f103xe.o(.text)
    RTC_IRQHandler                           0x0800c1f7   Thumb Code     0  startup_stm32f103xe.o(.text)
    SDIO_IRQHandler                          0x0800c1f7   Thumb Code     0  startup_stm32f103xe.o(.text)
    SPI1_IRQHandler                          0x0800c1f7   Thumb Code     0  startup_stm32f103xe.o(.text)
    SPI2_IRQHandler                          0x0800c1f7   Thumb Code     0  startup_stm32f103xe.o(.text)
    SPI3_IRQHandler                          0x0800c1f7   Thumb Code     0  startup_stm32f103xe.o(.text)
    TAMPER_IRQHandler                        0x0800c1f7   Thumb Code     0  startup_stm32f103xe.o(.text)
    TIM1_BRK_IRQHandler                      0x0800c1f7   Thumb Code     0  startup_stm32f103xe.o(.text)
    TIM1_CC_IRQHandler                       0x0800c1f7   Thumb Code     0  startup_stm32f103xe.o(.text)
    TIM1_TRG_COM_IRQHandler                  0x0800c1f7   Thumb Code     0  startup_stm32f103xe.o(.text)
    TIM1_UP_IRQHandler                       0x0800c1f7   Thumb Code     0  startup_stm32f103xe.o(.text)
    TIM2_IRQHandler                          0x0800c1f7   Thumb Code     0  startup_stm32f103xe.o(.text)
    TIM3_IRQHandler                          0x0800c1f7   Thumb Code     0  startup_stm32f103xe.o(.text)
    TIM5_IRQHandler                          0x0800c1f7   Thumb Code     0  startup_stm32f103xe.o(.text)
    TIM6_IRQHandler                          0x0800c1f7   Thumb Code     0  startup_stm32f103xe.o(.text)
    TIM7_IRQHandler                          0x0800c1f7   Thumb Code     0  startup_stm32f103xe.o(.text)
    TIM8_BRK_IRQHandler                      0x0800c1f7   Thumb Code     0  startup_stm32f103xe.o(.text)
    TIM8_CC_IRQHandler                       0x0800c1f7   Thumb Code     0  startup_stm32f103xe.o(.text)
    TIM8_TRG_COM_IRQHandler                  0x0800c1f7   Thumb Code     0  startup_stm32f103xe.o(.text)
    TIM8_UP_IRQHandler                       0x0800c1f7   Thumb Code     0  startup_stm32f103xe.o(.text)
    UART4_IRQHandler                         0x0800c1f7   Thumb Code     0  startup_stm32f103xe.o(.text)
    UART5_IRQHandler                         0x0800c1f7   Thumb Code     0  startup_stm32f103xe.o(.text)
    USBWakeUp_IRQHandler                     0x0800c1f7   Thumb Code     0  startup_stm32f103xe.o(.text)
    USB_HP_CAN1_TX_IRQHandler                0x0800c1f7   Thumb Code     0  startup_stm32f103xe.o(.text)
    WWDG_IRQHandler                          0x0800c1f7   Thumb Code     0  startup_stm32f103xe.o(.text)
    __aeabi_llsr                             0x0800c201   Thumb Code    32  llushr.o(.text)
    _ll_ushift_r                             0x0800c201   Thumb Code     0  llushr.o(.text)
    __aeabi_memcpy                           0x0800c221   Thumb Code    36  memcpya.o(.text)
    __aeabi_memcpy4                          0x0800c221   Thumb Code     0  memcpya.o(.text)
    __aeabi_memcpy8                          0x0800c221   Thumb Code     0  memcpya.o(.text)
    __aeabi_memset                           0x0800c245   Thumb Code    14  memseta.o(.text)
    __aeabi_memset4                          0x0800c245   Thumb Code     0  memseta.o(.text)
    __aeabi_memset8                          0x0800c245   Thumb Code     0  memseta.o(.text)
    __aeabi_memclr                           0x0800c253   Thumb Code     4  memseta.o(.text)
    __aeabi_memclr4                          0x0800c253   Thumb Code     0  memseta.o(.text)
    __aeabi_memclr8                          0x0800c253   Thumb Code     0  memseta.o(.text)
    memset                                   0x0800c257   Thumb Code    18  memseta.o(.text)
    strstr                                   0x0800c269   Thumb Code    36  strstr.o(.text)
    strlen                                   0x0800c28d   Thumb Code    14  strlen.o(.text)
    strcmp                                   0x0800c29b   Thumb Code    28  strcmp.o(.text)
    __aeabi_dadd                             0x0800c2b7   Thumb Code   322  dadd.o(.text)
    __aeabi_dsub                             0x0800c3f9   Thumb Code     6  dadd.o(.text)
    __aeabi_drsub                            0x0800c3ff   Thumb Code     6  dadd.o(.text)
    __aeabi_dmul                             0x0800c405   Thumb Code   228  dmul.o(.text)
    __aeabi_ddiv                             0x0800c4e9   Thumb Code   222  ddiv.o(.text)
    __aeabi_cdrcmple                         0x0800c5c9   Thumb Code    48  cdrcmple.o(.text)
    __aeabi_uidiv                            0x0800c5f9   Thumb Code     0  uidiv.o(.text)
    __aeabi_uidivmod                         0x0800c5f9   Thumb Code    44  uidiv.o(.text)
    __aeabi_uldivmod                         0x0800c625   Thumb Code    98  uldiv.o(.text)
    __aeabi_llsl                             0x0800c687   Thumb Code    30  llshl.o(.text)
    _ll_shift_l                              0x0800c687   Thumb Code     0  llshl.o(.text)
    __aeabi_lasr                             0x0800c6a5   Thumb Code    36  llsshr.o(.text)
    _ll_sshift_r                             0x0800c6a5   Thumb Code     0  llsshr.o(.text)
    __I$use$fp                               0x0800c6c9   Thumb Code     0  iusefp.o(.text)
    _double_round                            0x0800c6c9   Thumb Code    30  depilogue.o(.text)
    _double_epilogue                         0x0800c6e7   Thumb Code   156  depilogue.o(.text)
    __aeabi_d2ulz                            0x0800c783   Thumb Code    48  dfixul.o(.text)
    __scatterload                            0x0800c7b5   Thumb Code    28  init.o(.text)
    __scatterload_rt2                        0x0800c7b5   Thumb Code     0  init.o(.text)
    AT_Init                                  0x0800c7d9   Thumb Code    48  platform_esp8266_at.o(i.AT_Init)
    App_update_init                          0x0800c81d   Thumb Code    14  app_update.o(i.App_update_init)
    App_update_work                          0x0800c831   Thumb Code    74  app_update.o(i.App_update_work)
    BusFault_Handler                         0x0800c885   Thumb Code     4  stm32f1xx_it.o(i.BusFault_Handler)
    CAN1_RX1_IRQHandler                      0x0800c889   Thumb Code    10  stm32f1xx_it.o(i.CAN1_RX1_IRQHandler)
    CAN_FilterConfig                         0x0800c899   Thumb Code    88  can.o(i.CAN_FilterConfig)
    CAN_ReceiveMsg                           0x0800c8f5   Thumb Code    78  can.o(i.CAN_ReceiveMsg)
    CAN_SendMsg                              0x0800c949   Thumb Code    64  can.o(i.CAN_SendMsg)
    DMA1_Channel3_IRQHandler                 0x0800c98d   Thumb Code    10  stm32f1xx_it.o(i.DMA1_Channel3_IRQHandler)
    DebugMon_Handler                         0x0800c9c9   Thumb Code     2  stm32f1xx_it.o(i.DebugMon_Handler)
    Error_Handler                            0x0800c9cb   Thumb Code     6  main.o(i.Error_Handler)
    HAL_CAN_ActivateNotification             0x0800c9d1   Thumb Code    42  stm32f1xx_hal_can.o(i.HAL_CAN_ActivateNotification)
    HAL_CAN_AddTxMessage                     0x0800c9fb   Thumb Code   330  stm32f1xx_hal_can.o(i.HAL_CAN_AddTxMessage)
    HAL_CAN_ConfigFilter                     0x0800cb45   Thumb Code   266  stm32f1xx_hal_can.o(i.HAL_CAN_ConfigFilter)
    HAL_CAN_ErrorCallback                    0x0800cc4f   Thumb Code     2  stm32f1xx_hal_can.o(i.HAL_CAN_ErrorCallback)
    HAL_CAN_GetRxFifoFillLevel               0x0800cc51   Thumb Code    40  stm32f1xx_hal_can.o(i.HAL_CAN_GetRxFifoFillLevel)
    HAL_CAN_GetRxMessage                     0x0800cc79   Thumb Code   404  stm32f1xx_hal_can.o(i.HAL_CAN_GetRxMessage)
    HAL_CAN_GetTxMailboxesFreeLevel          0x0800ce0d   Thumb Code    54  stm32f1xx_hal_can.o(i.HAL_CAN_GetTxMailboxesFreeLevel)
    HAL_CAN_IRQHandler                       0x0800ce43   Thumb Code   590  stm32f1xx_hal_can.o(i.HAL_CAN_IRQHandler)
    HAL_CAN_Init                             0x0800d091   Thumb Code   372  stm32f1xx_hal_can.o(i.HAL_CAN_Init)
    HAL_CAN_MspInit                          0x0800d205   Thumb Code   154  can.o(i.HAL_CAN_MspInit)
    HAL_CAN_RxFifo0FullCallback              0x0800d2ad   Thumb Code     2  stm32f1xx_hal_can.o(i.HAL_CAN_RxFifo0FullCallback)
    HAL_CAN_RxFifo0MsgPendingCallback        0x0800d2b1   Thumb Code   140  can.o(i.HAL_CAN_RxFifo0MsgPendingCallback)
    HAL_CAN_RxFifo1FullCallback              0x0800d349   Thumb Code     2  stm32f1xx_hal_can.o(i.HAL_CAN_RxFifo1FullCallback)
    HAL_CAN_RxFifo1MsgPendingCallback        0x0800d34d   Thumb Code   172  app_update.o(i.HAL_CAN_RxFifo1MsgPendingCallback)
    HAL_CAN_SleepCallback                    0x0800d425   Thumb Code     2  stm32f1xx_hal_can.o(i.HAL_CAN_SleepCallback)
    HAL_CAN_Start                            0x0800d427   Thumb Code    94  stm32f1xx_hal_can.o(i.HAL_CAN_Start)
    HAL_CAN_TxMailbox0AbortCallback          0x0800d485   Thumb Code     2  stm32f1xx_hal_can.o(i.HAL_CAN_TxMailbox0AbortCallback)
    HAL_CAN_TxMailbox0CompleteCallback       0x0800d487   Thumb Code     2  stm32f1xx_hal_can.o(i.HAL_CAN_TxMailbox0CompleteCallback)
    HAL_CAN_TxMailbox1AbortCallback          0x0800d489   Thumb Code     2  stm32f1xx_hal_can.o(i.HAL_CAN_TxMailbox1AbortCallback)
    HAL_CAN_TxMailbox1CompleteCallback       0x0800d48b   Thumb Code     2  stm32f1xx_hal_can.o(i.HAL_CAN_TxMailbox1CompleteCallback)
    HAL_CAN_TxMailbox2AbortCallback          0x0800d48d   Thumb Code     2  stm32f1xx_hal_can.o(i.HAL_CAN_TxMailbox2AbortCallback)
    HAL_CAN_TxMailbox2CompleteCallback       0x0800d48f   Thumb Code     2  stm32f1xx_hal_can.o(i.HAL_CAN_TxMailbox2CompleteCallback)
    HAL_CAN_WakeUpFromRxMsgCallback          0x0800d491   Thumb Code     2  stm32f1xx_hal_can.o(i.HAL_CAN_WakeUpFromRxMsgCallback)
    HAL_CRC_Accumulate                       0x0800d493   Thumb Code    40  stm32f1xx_hal_crc.o(i.HAL_CRC_Accumulate)
    HAL_CRC_Init                             0x0800d4bb   Thumb Code    32  stm32f1xx_hal_crc.o(i.HAL_CRC_Init)
    HAL_CRC_MspInit                          0x0800d4dd   Thumb Code    40  crc.o(i.HAL_CRC_MspInit)
    HAL_DMA_Abort                            0x0800d50d   Thumb Code    86  stm32f1xx_hal_dma.o(i.HAL_DMA_Abort)
    HAL_DMA_Abort_IT                         0x0800d565   Thumb Code   414  stm32f1xx_hal_dma.o(i.HAL_DMA_Abort_IT)
    HAL_DMA_IRQHandler                       0x0800d70d   Thumb Code   910  stm32f1xx_hal_dma.o(i.HAL_DMA_IRQHandler)
    HAL_DMA_Init                             0x0800daa5   Thumb Code   132  stm32f1xx_hal_dma.o(i.HAL_DMA_Init)
    HAL_DMA_Start_IT                         0x0800db31   Thumb Code   156  stm32f1xx_hal_dma.o(i.HAL_DMA_Start_IT)
    HAL_Delay                                0x0800dbcd   Thumb Code    36  stm32f1xx_hal.o(i.HAL_Delay)
    HAL_GPIO_Init                            0x0800dbf5   Thumb Code   792  stm32f1xx_hal_gpio.o(i.HAL_GPIO_Init)
    HAL_GPIO_TogglePin                       0x0800df35   Thumb Code    20  stm32f1xx_hal_gpio.o(i.HAL_GPIO_TogglePin)
    HAL_GPIO_WritePin                        0x0800df49   Thumb Code    12  stm32f1xx_hal_gpio.o(i.HAL_GPIO_WritePin)
    HAL_GetTick                              0x0800df55   Thumb Code     6  stm32f1xx_hal.o(i.HAL_GetTick)
    HAL_I2C_Init                             0x0800df61   Thumb Code   446  stm32f1xx_hal_i2c.o(i.HAL_I2C_Init)
    HAL_I2C_Mem_Write                        0x0800e131   Thumb Code   348  stm32f1xx_hal_i2c.o(i.HAL_I2C_Mem_Write)
    HAL_I2C_MspInit                          0x0800e295   Thumb Code   104  i2c.o(i.HAL_I2C_MspInit)
    HAL_IncTick                              0x0800e309   Thumb Code    16  stm32f1xx_hal.o(i.HAL_IncTick)
    HAL_Init                                 0x0800e321   Thumb Code    34  stm32f1xx_hal.o(i.HAL_Init)
    HAL_InitTick                             0x0800e349   Thumb Code   158  stm32f1xx_hal_timebase_tim.o(i.HAL_InitTick)
    HAL_MspInit                              0x0800e3fd   Thumb Code    86  stm32f1xx_hal_msp.o(i.HAL_MspInit)
    HAL_NVIC_EnableIRQ                       0x0800e45d   Thumb Code    32  stm32f1xx_hal_cortex.o(i.HAL_NVIC_EnableIRQ)
    HAL_NVIC_SetPriority                     0x0800e47d   Thumb Code   124  stm32f1xx_hal_cortex.o(i.HAL_NVIC_SetPriority)
    HAL_NVIC_SetPriorityGrouping             0x0800e4f9   Thumb Code    32  stm32f1xx_hal_cortex.o(i.HAL_NVIC_SetPriorityGrouping)
    HAL_NVIC_SystemReset                     0x0800e521   Thumb Code    60  stm32f1xx_hal_cortex.o(i.HAL_NVIC_SystemReset)
    HAL_RCC_ClockConfig                      0x0800e565   Thumb Code   376  stm32f1xx_hal_rcc.o(i.HAL_RCC_ClockConfig)
    HAL_RCC_GetClockConfig                   0x0800e6f1   Thumb Code    58  stm32f1xx_hal_rcc.o(i.HAL_RCC_GetClockConfig)
    HAL_RCC_GetHCLKFreq                      0x0800e735   Thumb Code     6  stm32f1xx_hal_rcc.o(i.HAL_RCC_GetHCLKFreq)
    HAL_RCC_GetPCLK1Freq                     0x0800e741   Thumb Code    22  stm32f1xx_hal_rcc.o(i.HAL_RCC_GetPCLK1Freq)
    HAL_RCC_GetPCLK2Freq                     0x0800e761   Thumb Code    22  stm32f1xx_hal_rcc.o(i.HAL_RCC_GetPCLK2Freq)
    HAL_RCC_GetSysClockFreq                  0x0800e781   Thumb Code    92  stm32f1xx_hal_rcc.o(i.HAL_RCC_GetSysClockFreq)
    HAL_RCC_OscConfig                        0x0800e7f1   Thumb Code  1114  stm32f1xx_hal_rcc.o(i.HAL_RCC_OscConfig)
    HAL_SPI_Init                             0x0800ec55   Thumb Code   190  stm32f1xx_hal_spi.o(i.HAL_SPI_Init)
    HAL_SPI_MspInit                          0x0800ed15   Thumb Code   124  spi.o(i.HAL_SPI_MspInit)
    HAL_SPI_Receive                          0x0800ed9d   Thumb Code   386  stm32f1xx_hal_spi.o(i.HAL_SPI_Receive)
    HAL_SPI_Transmit                         0x0800ef1f   Thumb Code   446  stm32f1xx_hal_spi.o(i.HAL_SPI_Transmit)
    HAL_SPI_TransmitReceive                  0x0800f0dd   Thumb Code   584  stm32f1xx_hal_spi.o(i.HAL_SPI_TransmitReceive)
    HAL_TIMEx_BreakCallback                  0x0800f325   Thumb Code     2  stm32f1xx_hal_tim_ex.o(i.HAL_TIMEx_BreakCallback)
    HAL_TIMEx_CommutCallback                 0x0800f327   Thumb Code     2  stm32f1xx_hal_tim_ex.o(i.HAL_TIMEx_CommutCallback)
    HAL_TIM_Base_Init                        0x0800f329   Thumb Code   102  stm32f1xx_hal_tim.o(i.HAL_TIM_Base_Init)
    HAL_TIM_Base_MspInit                     0x0800f38f   Thumb Code     2  stm32f1xx_hal_tim.o(i.HAL_TIM_Base_MspInit)
    HAL_TIM_Base_Start_IT                    0x0800f391   Thumb Code   122  stm32f1xx_hal_tim.o(i.HAL_TIM_Base_Start_IT)
    HAL_TIM_IC_CaptureCallback               0x0800f421   Thumb Code     2  stm32f1xx_hal_tim.o(i.HAL_TIM_IC_CaptureCallback)
    HAL_TIM_IRQHandler                       0x0800f423   Thumb Code   364  stm32f1xx_hal_tim.o(i.HAL_TIM_IRQHandler)
    HAL_TIM_OC_DelayElapsedCallback          0x0800f58f   Thumb Code     2  stm32f1xx_hal_tim.o(i.HAL_TIM_OC_DelayElapsedCallback)
    HAL_TIM_PWM_PulseFinishedCallback        0x0800f591   Thumb Code     2  stm32f1xx_hal_tim.o(i.HAL_TIM_PWM_PulseFinishedCallback)
    HAL_TIM_PeriodElapsedCallback            0x0800f595   Thumb Code    18  main.o(i.HAL_TIM_PeriodElapsedCallback)
    HAL_TIM_TriggerCallback                  0x0800f5ad   Thumb Code     2  stm32f1xx_hal_tim.o(i.HAL_TIM_TriggerCallback)
    HAL_UARTEx_ReceiveToIdle_IT              0x0800f5af   Thumb Code   114  stm32f1xx_hal_uart.o(i.HAL_UARTEx_ReceiveToIdle_IT)
    HAL_UARTEx_RxEventCallback               0x0800f621   Thumb Code   118  usart.o(i.HAL_UARTEx_RxEventCallback)
    HAL_UART_ErrorCallback                   0x0800f6e1   Thumb Code     2  stm32f1xx_hal_uart.o(i.HAL_UART_ErrorCallback)
    HAL_UART_IRQHandler                      0x0800f6e5   Thumb Code   736  stm32f1xx_hal_uart.o(i.HAL_UART_IRQHandler)
    HAL_UART_Init                            0x0800f9c9   Thumb Code   118  stm32f1xx_hal_uart.o(i.HAL_UART_Init)
    HAL_UART_MspInit                         0x0800fa41   Thumb Code   466  usart.o(i.HAL_UART_MspInit)
    HAL_UART_Receive_DMA                     0x0800fc39   Thumb Code    44  stm32f1xx_hal_uart.o(i.HAL_UART_Receive_DMA)
    HAL_UART_Receive_IT                      0x0800fc65   Thumb Code    44  stm32f1xx_hal_uart.o(i.HAL_UART_Receive_IT)
    HAL_UART_RxCpltCallback                  0x0800fc91   Thumb Code   174  usart.o(i.HAL_UART_RxCpltCallback)
    HAL_UART_RxHalfCpltCallback              0x0800fd8d   Thumb Code     2  stm32f1xx_hal_uart.o(i.HAL_UART_RxHalfCpltCallback)
    HAL_UART_Transmit                        0x0800fd8f   Thumb Code   190  stm32f1xx_hal_uart.o(i.HAL_UART_Transmit)
    HAL_UART_TxCpltCallback                  0x0800fe4d   Thumb Code     2  stm32f1xx_hal_uart.o(i.HAL_UART_TxCpltCallback)
    HardFault_Handler                        0x0800fe4f   Thumb Code     4  stm32f1xx_it.o(i.HardFault_Handler)
    Int_CAN_init_IT                          0x08010239   Thumb Code    34  int_can.o(i.Int_CAN_init_IT)
    Int_CAN_send                             0x08010261   Thumb Code    58  int_can.o(i.Int_CAN_send)
    Int_w24c02_write_bytes                   0x080102a1   Thumb Code   168  int_w24c02.o(i.Int_w24c02_write_bytes)
    Int_w25q32_erase_sector                  0x0801036d   Thumb Code    54  int_w25q32.o(i.Int_w25q32_erase_sector)
    Int_w25q32_read_byte                     0x080103a5   Thumb Code    20  int_w25q32.o(i.Int_w25q32_read_byte)
    Int_w25q32_read_data_with_32addr         0x080103bd   Thumb Code    72  int_w25q32.o(i.Int_w25q32_read_data_with_32addr)
    Int_w25q32_start                         0x08010405   Thumb Code    16  int_w25q32.o(i.Int_w25q32_start)
    Int_w25q32_stop                          0x08010419   Thumb Code    14  int_w25q32.o(i.Int_w25q32_stop)
    Int_w25q32_write_byte                    0x08010455   Thumb Code    16  int_w25q32.o(i.Int_w25q32_write_byte)
    Int_w25q32_write_data_with_32addr        0x08010469   Thumb Code    72  int_w25q32.o(i.Int_w25q32_write_data_with_32addr)
    MX_CAN_Init                              0x080104c9   Thumb Code    68  can.o(i.MX_CAN_Init)
    MX_CRC_Init                              0x08010515   Thumb Code    22  crc.o(i.MX_CRC_Init)
    MX_DMA_Init                              0x08010535   Thumb Code    48  dma.o(i.MX_DMA_Init)
    MX_FREERTOS_Init                         0x08010569   Thumb Code    22  freertos.o(i.MX_FREERTOS_Init)
    MX_GPIO_Init                             0x0801058d   Thumb Code   222  gpio.o(i.MX_GPIO_Init)
    MX_I2C1_Init                             0x08010675   Thumb Code    48  i2c.o(i.MX_I2C1_Init)
    MX_SPI2_Init                             0x080106b1   Thumb Code    60  spi.o(i.MX_SPI2_Init)
    MX_USART1_UART_Init                      0x080106f5   Thumb Code    56  usart.o(i.MX_USART1_UART_Init)
    MX_USART2_UART_Init                      0x08010739   Thumb Code    56  usart.o(i.MX_USART2_UART_Init)
    MX_USART3_UART_Init                      0x0801077d   Thumb Code    58  usart.o(i.MX_USART3_UART_Init)
    MemManage_Handler                        0x080107c9   Thumb Code     4  stm32f1xx_it.o(i.MemManage_Handler)
    NMI_Handler                              0x080107cd   Thumb Code     4  stm32f1xx_it.o(i.NMI_Handler)
    OLED_Clear                               0x080107d1   Thumb Code    36  oled.o(i.OLED_Clear)
    OLED_ClearArea                           0x080107f9   Thumb Code   140  oled.o(i.OLED_ClearArea)
    OLED_I2C_SendByte                        0x08010889   Thumb Code    62  oled.o(i.OLED_I2C_SendByte)
    OLED_I2C_Start                           0x080108c7   Thumb Code    28  oled.o(i.OLED_I2C_Start)
    OLED_I2C_Stop                            0x080108e3   Thumb Code    22  oled.o(i.OLED_I2C_Stop)
    OLED_Init                                0x080108f9   Thumb Code   162  oled.o(i.OLED_Init)
    OLED_Printf                              0x080109a1   Thumb Code    50  oled.o(i.OLED_Printf)
    OLED_SetCursor                           0x080109d3   Thumb Code    34  oled.o(i.OLED_SetCursor)
    OLED_ShowChar                            0x080109f5   Thumb Code    74  oled.o(i.OLED_ShowChar)
    OLED_ShowImage                           0x08010a49   Thumb Code   248  oled.o(i.OLED_ShowImage)
    OLED_ShowString                          0x08010b45   Thumb Code   442  oled.o(i.OLED_ShowString)
    OLED_Update                              0x08010d09   Thumb Code    36  oled.o(i.OLED_Update)
    OLED_UpdateArea                          0x08010d31   Thumb Code   120  oled.o(i.OLED_UpdateArea)
    OLED_W_SCL                               0x08010dad   Thumb Code    32  oled.o(i.OLED_W_SCL)
    OLED_W_SDA                               0x08010dd1   Thumb Code    32  oled.o(i.OLED_W_SDA)
    OLED_WriteCommand                        0x08010df5   Thumb Code    32  oled.o(i.OLED_WriteCommand)
    OLED_WriteData                           0x08010e15   Thumb Code    46  oled.o(i.OLED_WriteData)
    StartDefaultTask                         0x08011001   Thumb Code   188  freertos.o(i.StartDefaultTask)
    SysTick_Handler                          0x08011155   Thumb Code    22  cmsis_os2.o(i.SysTick_Handler)
    SystemClock_Config                       0x0801116b   Thumb Code   102  main.o(i.SystemClock_Config)
    SystemInit                               0x080111d1   Thumb Code     2  system_stm32f1xx.o(i.SystemInit)
    TIM4_IRQHandler                          0x080111d5   Thumb Code    10  stm32f1xx_it.o(i.TIM4_IRQHandler)
    TIM_Base_SetConfig                       0x080111e5   Thumb Code   150  stm32f1xx_hal_tim.o(i.TIM_Base_SetConfig)
    UART_Start_Receive_DMA                   0x08011679   Thumb Code   186  stm32f1xx_hal_uart.o(i.UART_Start_Receive_DMA)
    UART_Start_Receive_IT                    0x08011741   Thumb Code    64  stm32f1xx_hal_uart.o(i.UART_Start_Receive_IT)
    USART1_IRQHandler                        0x0801186d   Thumb Code    10  stm32f1xx_it.o(i.USART1_IRQHandler)
    USART2_IRQHandler                        0x0801187d   Thumb Code    10  stm32f1xx_it.o(i.USART2_IRQHandler)
    USART3_IRQHandler                        0x0801188d   Thumb Code    10  stm32f1xx_it.o(i.USART3_IRQHandler)
    USB_LP_CAN1_RX0_IRQHandler               0x0801189d   Thumb Code    10  stm32f1xx_it.o(i.USB_LP_CAN1_RX0_IRQHandler)
    UsageFault_Handler                       0x080118ad   Thumb Code     4  stm32f1xx_it.o(i.UsageFault_Handler)
    __0printf                                0x080118b1   Thumb Code    22  printfa.o(i.__0printf)
    __1printf                                0x080118b1   Thumb Code     0  printfa.o(i.__0printf)
    __2printf                                0x080118b1   Thumb Code     0  printfa.o(i.__0printf)
    __c89printf                              0x080118b1   Thumb Code     0  printfa.o(i.__0printf)
    printf                                   0x080118b1   Thumb Code     0  printfa.o(i.__0printf)
    __0vsprintf                              0x080118d1   Thumb Code    30  printfa.o(i.__0vsprintf)
    __1vsprintf                              0x080118d1   Thumb Code     0  printfa.o(i.__0vsprintf)
    __2vsprintf                              0x080118d1   Thumb Code     0  printfa.o(i.__0vsprintf)
    __c89vsprintf                            0x080118d1   Thumb Code     0  printfa.o(i.__0vsprintf)
    vsprintf                                 0x080118d1   Thumb Code     0  printfa.o(i.__0vsprintf)
    __scatterload_copy                       0x08011933   Thumb Code    14  handlers.o(i.__scatterload_copy)
    __scatterload_null                       0x08011941   Thumb Code     2  handlers.o(i.__scatterload_null)
    __scatterload_zeroinit                   0x08011943   Thumb Code    14  handlers.o(i.__scatterload_zeroinit)
    can_adapter_init                         0x0801220d   Thumb Code     8  can_adapter.o(i.can_adapter_init)
    can_adapter_send                         0x08012215   Thumb Code    20  can_adapter.o(i.can_adapter_send)
    can_bus_init                             0x08012229   Thumb Code     8  can_bus.o(i.can_bus_init)
    can_bus_send                             0x08012231   Thumb Code    20  can_bus.o(i.can_bus_send)
    can_task                                 0x08012245   Thumb Code    26  freertos.o(i.can_task)
    circle_buf_init                          0x08012275   Thumb Code    12  circle_buffer.o(i.circle_buf_init)
    circle_buf_write                         0x08012281   Thumb Code    42  circle_buffer.o(i.circle_buf_write)
    fputc                                    0x080122ad   Thumb Code    20  usart.o(i.fputc)
    main                                     0x0801257d   Thumb Code    84  main.o(i.main)
    oled_task                                0x080125dd   Thumb Code   470  freertos.o(i.oled_task)
    osDelay                                  0x080127e9   Thumb Code    30  cmsis_os2.o(i.osDelay)
    osKernelInitialize                       0x08012809   Thumb Code    38  cmsis_os2.o(i.osKernelInitialize)
    osKernelStart                            0x08012835   Thumb Code    82  cmsis_os2.o(i.osKernelStart)
    osThreadNew                              0x08012895   Thumb Code   184  cmsis_os2.o(i.osThreadNew)
    ota_task                                 0x0801294d   Thumb Code   130  freertos.o(i.ota_task)
    platform_mutex_init                      0x08012a65   Thumb Code    32  platform_mutex.o(i.platform_mutex_init)
    platform_mutex_lock                      0x08012a85   Thumb Code    16  platform_mutex.o(i.platform_mutex_lock)
    pvPortMalloc                             0x080134f1   Thumb Code   306  heap_4.o(i.pvPortMalloc)
    pvTaskIncrementMutexHeldCount            0x0801363d   Thumb Code    26  tasks.o(i.pvTaskIncrementMutexHeldCount)
    pxPortInitialiseStack                    0x0801365d   Thumb Code    30  port.o(i.pxPortInitialiseStack)
    storage_adapter_erase_sector             0x08013681   Thumb Code    16  storage_adapter.o(i.storage_adapter_erase_sector)
    storage_adapter_read_flash               0x08013691   Thumb Code    20  storage_adapter.o(i.storage_adapter_read_flash)
    storage_adapter_write_eeprom             0x080136a5   Thumb Code    20  storage_adapter.o(i.storage_adapter_write_eeprom)
    storage_adapter_write_flash              0x080136b9   Thumb Code    20  storage_adapter.o(i.storage_adapter_write_flash)
    storage_erase_firmware_area              0x080136cd   Thumb Code    24  storage.o(i.storage_erase_firmware_area)
    storage_read_firmware                    0x080136e5   Thumb Code    20  storage.o(i.storage_read_firmware)
    storage_set_boot_flag                    0x080136f9   Thumb Code    36  storage.o(i.storage_set_boot_flag)
    storage_write_firmware                   0x0801371d   Thumb Code    20  storage.o(i.storage_write_firmware)
    storage_write_metadata                   0x08013731   Thumb Code    80  storage.o(i.storage_write_metadata)
    uxListRemove                             0x08013781   Thumb Code    40  list.o(i.uxListRemove)
    vApplicationGetIdleTaskMemory            0x080137a9   Thumb Code    14  cmsis_os2.o(i.vApplicationGetIdleTaskMemory)
    vApplicationGetTimerTaskMemory           0x080137c1   Thumb Code    16  cmsis_os2.o(i.vApplicationGetTimerTaskMemory)
    vApplicationIdleHook                     0x080137d9   Thumb Code     2  cmsis_os2.o(i.vApplicationIdleHook)
    vListInitialise                          0x080137db   Thumb Code    26  list.o(i.vListInitialise)
    vListInitialiseItem                      0x080137f5   Thumb Code     6  list.o(i.vListInitialiseItem)
    vListInsert                              0x080137fb   Thumb Code    52  list.o(i.vListInsert)
    vListInsertEnd                           0x0801382f   Thumb Code    24  list.o(i.vListInsertEnd)
    vPortEnterCritical                       0x08013849   Thumb Code    76  port.o(i.vPortEnterCritical)
    vPortExitCritical                        0x0801389d   Thumb Code    56  port.o(i.vPortExitCritical)
    vPortFree                                0x080138d9   Thumb Code   150  heap_4.o(i.vPortFree)
    vPortSetupTimerInterrupt                 0x0801397d   Thumb Code    36  port.o(i.vPortSetupTimerInterrupt)
    vPortValidateInterruptPriority           0x080139a5   Thumb Code   106  port.o(i.vPortValidateInterruptPriority)
    vQueueAddToRegistry                      0x08013a1d   Thumb Code    38  queue.o(i.vQueueAddToRegistry)
    vQueueWaitForMessageRestricted           0x08013a49   Thumb Code    74  queue.o(i.vQueueWaitForMessageRestricted)
    vTaskDelay                               0x08013a95   Thumb Code    82  tasks.o(i.vTaskDelay)
    vTaskDelete                              0x08013af1   Thumb Code   168  tasks.o(i.vTaskDelete)
    vTaskInternalSetTimeOutState             0x08013bb9   Thumb Code    14  tasks.o(i.vTaskInternalSetTimeOutState)
    vTaskMissedYield                         0x08013bd1   Thumb Code     8  tasks.o(i.vTaskMissedYield)
    vTaskNotifyGiveFromISR                   0x08013bdd   Thumb Code   212  tasks.o(i.vTaskNotifyGiveFromISR)
    vTaskPlaceOnEventList                    0x08013cc9   Thumb Code    52  tasks.o(i.vTaskPlaceOnEventList)
    vTaskPlaceOnEventListRestricted          0x08013d01   Thumb Code    60  tasks.o(i.vTaskPlaceOnEventListRestricted)
    vTaskPriorityDisinheritAfterTimeout      0x08013d41   Thumb Code   194  tasks.o(i.vTaskPriorityDisinheritAfterTimeout)
    vTaskStartScheduler                      0x08013e11   Thumb Code   156  tasks.o(i.vTaskStartScheduler)
    vTaskSuspend                             0x08013ec9   Thumb Code   176  tasks.o(i.vTaskSuspend)
    vTaskSuspendAll                          0x08013f91   Thumb Code    12  tasks.o(i.vTaskSuspendAll)
    vTaskSwitchContext                       0x08013fa1   Thumb Code   122  tasks.o(i.vTaskSwitchContext)
    voice_task                               0x08014031   Thumb Code   216  freertos.o(i.voice_task)
    xPortStartScheduler                      0x08014111   Thumb Code   228  port.o(i.xPortStartScheduler)
    xPortSysTickHandler                      0x08014209   Thumb Code    46  port.o(i.xPortSysTickHandler)
    xQueueCreateMutex                        0x0801423d   Thumb Code    34  queue.o(i.xQueueCreateMutex)
    xQueueGenericCreate                      0x0801425f   Thumb Code    90  queue.o(i.xQueueGenericCreate)
    xQueueGenericCreateStatic                0x080142b9   Thumb Code   224  queue.o(i.xQueueGenericCreateStatic)
    xQueueGenericReset                       0x08014399   Thumb Code   146  queue.o(i.xQueueGenericReset)
    xQueueGenericSend                        0x08014431   Thumb Code   420  queue.o(i.xQueueGenericSend)
    xQueueGenericSendFromISR                 0x080145d9   Thumb Code   252  queue.o(i.xQueueGenericSendFromISR)
    xQueueGiveFromISR                        0x080146d5   Thumb Code   224  queue.o(i.xQueueGiveFromISR)
    xQueueReceive                            0x080147b5   Thumb Code   356  queue.o(i.xQueueReceive)
    xQueueSemaphoreTake                      0x0801491d   Thumb Code   434  queue.o(i.xQueueSemaphoreTake)
    xTaskCheckForTimeOut                     0x08014ad5   Thumb Code   132  tasks.o(i.xTaskCheckForTimeOut)
    xTaskCreate                              0x08014b61   Thumb Code   100  tasks.o(i.xTaskCreate)
    xTaskCreateStatic                        0x08014bc5   Thumb Code   186  tasks.o(i.xTaskCreateStatic)
    xTaskGetSchedulerState                   0x08014c81   Thumb Code    24  tasks.o(i.xTaskGetSchedulerState)
    xTaskGetTickCount                        0x08014ca1   Thumb Code     6  tasks.o(i.xTaskGetTickCount)
    xTaskIncrementTick                       0x08014cad   Thumb Code   280  tasks.o(i.xTaskIncrementTick)
    xTaskPriorityDisinherit                  0x08014df1   Thumb Code   152  tasks.o(i.xTaskPriorityDisinherit)
    xTaskPriorityInherit                     0x08014e95   Thumb Code   150  tasks.o(i.xTaskPriorityInherit)
    xTaskRemoveFromEventList                 0x08014f39   Thumb Code   126  tasks.o(i.xTaskRemoveFromEventList)
    xTaskResumeAll                           0x08014fd1   Thumb Code   222  tasks.o(i.xTaskResumeAll)
    xTimerCreateTimerTask                    0x080150d5   Thumb Code   100  timers.o(i.xTimerCreateTimerTask)
    xTimerGenericCommand                     0x0801514d   Thumb Code   128  timers.o(i.xTimerGenericCommand)
    defaultTask_attributes                   0x080151d0   Data          36  freertos.o(.constdata)
    AHBPrescTable                            0x08015218   Data          16  system_stm32f1xx.o(.constdata)
    APBPrescTable                            0x08015228   Data           8  system_stm32f1xx.o(.constdata)
    OLED_F8x16                               0x08015230   Data        1520  oled_data.o(.constdata)
    OLED_F6x8                                0x08015820   Data         570  oled_data.o(.constdata)
    OLED_CF16x16                             0x08015a5a   Data         555  oled_data.o(.constdata)
    Diode                                    0x08015c85   Data          32  oled_data.o(.constdata)
    Region$$Table$$Base                      0x08015cb4   Number         0  anon$$obj.o(Region$$Table)
    Region$$Table$$Limit                     0x08015cd4   Number         0  anon$$obj.o(Region$$Table)
    oled_handler                             0x20000000   Data           4  freertos.o(.data)
    can_handler                              0x20000004   Data           4  freertos.o(.data)
    voice_handler                            0x20000008   Data           4  freertos.o(.data)
    AT_pars_handle                           0x2000000c   Data           4  freertos.o(.data)
    ota_task_handle                          0x20000010   Data           4  freertos.o(.data)
    mqtt_handler                             0x20000014   Data           4  freertos.o(.data)
    ota_sem                                  0x20000018   Data           4  freertos.o(.data)
    can_rx_queue                             0x2000001c   Data           4  freertos.o(.data)
    mqtt_can_rx_queue                        0x20000020   Data           4  freertos.o(.data)
    voice_rx_queue                           0x20000024   Data           4  freertos.o(.data)
    defaultTaskHandle                        0x20000028   Data           4  freertos.o(.data)
    hcrc                                     0x2000002c   Data           8  crc.o(.data)
    g_uart3_rx_char                          0x20000038   Data           1  usart.o(.data)
    uwTick                                   0x2000003c   Data           4  stm32f1xx_hal.o(.data)
    uwTickPrio                               0x20000040   Data           4  stm32f1xx_hal.o(.data)
    uwTickFreq                               0x20000044   Data           1  stm32f1xx_hal.o(.data)
    SystemCoreClock                          0x20000048   Data           4  system_stm32f1xx.o(.data)
    pxCurrentTCB                             0x2000004c   Data           4  tasks.o(.data)
    g_at_send_mutex                          0x200000cc   Data           4  platform_esp8266_at.o(.data)
    g_at_rece_mutex                          0x200000d0   Data           4  platform_esp8266_at.o(.data)
    g_at_send_mutex_x                        0x200000d4   Data           4  platform_esp8266_at.o(.data)
    g_at_typte                               0x200000e0   Data           1  platform_esp8266_at.o(.data)
    update_state                             0x200000e4   Data           1  app_update.o(.data)
    total_rec_len                            0x200000f4   Data           4  app_update.o(.data)
    flash_write_addr                         0x200000f8   Data           4  app_update.o(.data)
    can_last_tick                            0x200000fc   Data           4  app_update.o(.data)
    page_ready                               0x20000100   Data           1  app_update.o(.data)
    crc_rx_flag                              0x20000101   Data           1  app_update.o(.data)
    __stdout                                 0x2000010c   Data           4  stdout.o(.data)
    hcan                                     0x20000110   Data          40  can.o(.bss)
    hi2c1                                    0x20000138   Data          84  i2c.o(.bss)
    hspi2                                    0x2000018c   Data          88  spi.o(.bss)
    g_circle_buff                            0x200003e4   Data          16  usart.o(.bss)
    huart1                                   0x20000414   Data          72  usart.o(.bss)
    huart2                                   0x2000045c   Data          72  usart.o(.bss)
    huart3                                   0x200004a4   Data          72  usart.o(.bss)
    hdma_usart3_rx                           0x200004ec   Data          68  usart.o(.bss)
    htim4                                    0x20000530   Data          72  stm32f1xx_hal_timebase_tim.o(.bss)
    OLED_DisplayBuf                          0x20000578   Data        1024  oled.o(.bss)
    xQueueRegistry                           0x20000978   Data          64  queue.o(.bss)
    g_AT_process_data_buff                   0x2000358c   Data          16  platform_esp8266_at.o(.bss)
    __initial_sp                             0x20003ca0   Data           0  startup_stm32f103xe.o(STACK)



==============================================================================

Memory Map of the image

  Image Entry point : 0x0800c131

  Load Region LR_IROM1 (Base: 0x0800c000, Size: 0x00009de4, Max: 0x00080000, ABSOLUTE)

    Execution Region ER_IROM1 (Exec base: 0x0800c000, Load base: 0x0800c000, Size: 0x00009cd4, Max: 0x00080000, ABSOLUTE)

    Exec Addr    Load Addr    Size         Type   Attr      Idx    E Section Name        Object

    0x0800c000   0x0800c000   0x00000130   Data   RO            3    RESET               startup_stm32f103xe.o
    0x0800c130   0x0800c130   0x00000000   Code   RO         8534  * .ARM.Collect$$$$00000000  mc_w.l(entry.o)
    0x0800c130   0x0800c130   0x00000004   Code   RO         8874    .ARM.Collect$$$$00000001  mc_w.l(entry2.o)
    0x0800c134   0x0800c134   0x00000004   Code   RO         8877    .ARM.Collect$$$$00000004  mc_w.l(entry5.o)
    0x0800c138   0x0800c138   0x00000000   Code   RO         8879    .ARM.Collect$$$$00000008  mc_w.l(entry7b.o)
    0x0800c138   0x0800c138   0x00000000   Code   RO         8881    .ARM.Collect$$$$0000000A  mc_w.l(entry8b.o)
    0x0800c138   0x0800c138   0x00000008   Code   RO         8882    .ARM.Collect$$$$0000000B  mc_w.l(entry9a.o)
    0x0800c140   0x0800c140   0x00000000   Code   RO         8884    .ARM.Collect$$$$0000000D  mc_w.l(entry10a.o)
    0x0800c140   0x0800c140   0x00000000   Code   RO         8886    .ARM.Collect$$$$0000000F  mc_w.l(entry11a.o)
    0x0800c140   0x0800c140   0x00000004   Code   RO         8875    .ARM.Collect$$$$00002712  mc_w.l(entry2.o)
    0x0800c144   0x0800c144   0x00000096   Code   RO         6518    .emb_text           port.o
    0x0800c1da   0x0800c1da   0x00000002   PAD
    0x0800c1dc   0x0800c1dc   0x00000024   Code   RO            4    .text               startup_stm32f103xe.o
    0x0800c200   0x0800c200   0x00000020   Code   RO         8537    .text               mc_w.l(llushr.o)
    0x0800c220   0x0800c220   0x00000024   Code   RO         8542    .text               mc_w.l(memcpya.o)
    0x0800c244   0x0800c244   0x00000024   Code   RO         8546    .text               mc_w.l(memseta.o)
    0x0800c268   0x0800c268   0x00000024   Code   RO         8548    .text               mc_w.l(strstr.o)
    0x0800c28c   0x0800c28c   0x0000000e   Code   RO         8550    .text               mc_w.l(strlen.o)
    0x0800c29a   0x0800c29a   0x0000001c   Code   RO         8552    .text               mc_w.l(strcmp.o)
    0x0800c2b6   0x0800c2b6   0x0000014e   Code   RO         8825    .text               mf_w.l(dadd.o)
    0x0800c404   0x0800c404   0x000000e4   Code   RO         8827    .text               mf_w.l(dmul.o)
    0x0800c4e8   0x0800c4e8   0x000000de   Code   RO         8829    .text               mf_w.l(ddiv.o)
    0x0800c5c6   0x0800c5c6   0x00000002   PAD
    0x0800c5c8   0x0800c5c8   0x00000030   Code   RO         8843    .text               mf_w.l(cdrcmple.o)
    0x0800c5f8   0x0800c5f8   0x0000002c   Code   RO         8889    .text               mc_w.l(uidiv.o)
    0x0800c624   0x0800c624   0x00000062   Code   RO         8891    .text               mc_w.l(uldiv.o)
    0x0800c686   0x0800c686   0x0000001e   Code   RO         8893    .text               mc_w.l(llshl.o)
    0x0800c6a4   0x0800c6a4   0x00000024   Code   RO         8895    .text               mc_w.l(llsshr.o)
    0x0800c6c8   0x0800c6c8   0x00000000   Code   RO         8904    .text               mc_w.l(iusefp.o)
    0x0800c6c8   0x0800c6c8   0x000000ba   Code   RO         8907    .text               mf_w.l(depilogue.o)
    0x0800c782   0x0800c782   0x00000030   Code   RO         8911    .text               mf_w.l(dfixul.o)
    0x0800c7b2   0x0800c7b2   0x00000002   PAD
    0x0800c7b4   0x0800c7b4   0x00000024   Code   RO         8917    .text               mc_w.l(init.o)
    0x0800c7d8   0x0800c7d8   0x00000044   Code   RO         7802    i.AT_Init           platform_esp8266_at.o
    0x0800c81c   0x0800c81c   0x00000014   Code   RO         8128    i.App_update_init   app_update.o
    0x0800c830   0x0800c830   0x00000054   Code   RO         8129    i.App_update_work   app_update.o
    0x0800c884   0x0800c884   0x00000004   Code   RO          792    i.BusFault_Handler  stm32f1xx_it.o
    0x0800c888   0x0800c888   0x00000010   Code   RO          793    i.CAN1_RX1_IRQHandler  stm32f1xx_it.o
    0x0800c898   0x0800c898   0x0000005c   Code   RO          494    i.CAN_FilterConfig  can.o
    0x0800c8f4   0x0800c8f4   0x00000054   Code   RO          495    i.CAN_ReceiveMsg    can.o
    0x0800c948   0x0800c948   0x00000044   Code   RO          496    i.CAN_SendMsg       can.o
    0x0800c98c   0x0800c98c   0x00000010   Code   RO          794    i.DMA1_Channel3_IRQHandler  stm32f1xx_it.o
    0x0800c99c   0x0800c99c   0x0000002c   Code   RO         2594    i.DMA_SetConfig     stm32f1xx_hal_dma.o
    0x0800c9c8   0x0800c9c8   0x00000002   Code   RO          795    i.DebugMon_Handler  stm32f1xx_it.o
    0x0800c9ca   0x0800c9ca   0x00000006   Code   RO           13    i.Error_Handler     main.o
    0x0800c9d0   0x0800c9d0   0x0000002a   Code   RO         1976    i.HAL_CAN_ActivateNotification  stm32f1xx_hal_can.o
    0x0800c9fa   0x0800c9fa   0x0000014a   Code   RO         1977    i.HAL_CAN_AddTxMessage  stm32f1xx_hal_can.o
    0x0800cb44   0x0800cb44   0x0000010a   Code   RO         1978    i.HAL_CAN_ConfigFilter  stm32f1xx_hal_can.o
    0x0800cc4e   0x0800cc4e   0x00000002   Code   RO         1981    i.HAL_CAN_ErrorCallback  stm32f1xx_hal_can.o
    0x0800cc50   0x0800cc50   0x00000028   Code   RO         1983    i.HAL_CAN_GetRxFifoFillLevel  stm32f1xx_hal_can.o
    0x0800cc78   0x0800cc78   0x00000194   Code   RO         1984    i.HAL_CAN_GetRxMessage  stm32f1xx_hal_can.o
    0x0800ce0c   0x0800ce0c   0x00000036   Code   RO         1986    i.HAL_CAN_GetTxMailboxesFreeLevel  stm32f1xx_hal_can.o
    0x0800ce42   0x0800ce42   0x0000024e   Code   RO         1988    i.HAL_CAN_IRQHandler  stm32f1xx_hal_can.o
    0x0800d090   0x0800d090   0x00000174   Code   RO         1989    i.HAL_CAN_Init      stm32f1xx_hal_can.o
    0x0800d204   0x0800d204   0x000000a8   Code   RO          498    i.HAL_CAN_MspInit   can.o
    0x0800d2ac   0x0800d2ac   0x00000002   Code   RO         1996    i.HAL_CAN_RxFifo0FullCallback  stm32f1xx_hal_can.o
    0x0800d2ae   0x0800d2ae   0x00000002   PAD
    0x0800d2b0   0x0800d2b0   0x00000098   Code   RO          499    i.HAL_CAN_RxFifo0MsgPendingCallback  can.o
    0x0800d348   0x0800d348   0x00000002   Code   RO         1998    i.HAL_CAN_RxFifo1FullCallback  stm32f1xx_hal_can.o
    0x0800d34a   0x0800d34a   0x00000002   PAD
    0x0800d34c   0x0800d34c   0x000000d8   Code   RO         8130    i.HAL_CAN_RxFifo1MsgPendingCallback  app_update.o
    0x0800d424   0x0800d424   0x00000002   Code   RO         2000    i.HAL_CAN_SleepCallback  stm32f1xx_hal_can.o
    0x0800d426   0x0800d426   0x0000005e   Code   RO         2001    i.HAL_CAN_Start     stm32f1xx_hal_can.o
    0x0800d484   0x0800d484   0x00000002   Code   RO         2003    i.HAL_CAN_TxMailbox0AbortCallback  stm32f1xx_hal_can.o
    0x0800d486   0x0800d486   0x00000002   Code   RO         2004    i.HAL_CAN_TxMailbox0CompleteCallback  stm32f1xx_hal_can.o
    0x0800d488   0x0800d488   0x00000002   Code   RO         2005    i.HAL_CAN_TxMailbox1AbortCallback  stm32f1xx_hal_can.o
    0x0800d48a   0x0800d48a   0x00000002   Code   RO         2006    i.HAL_CAN_TxMailbox1CompleteCallback  stm32f1xx_hal_can.o
    0x0800d48c   0x0800d48c   0x00000002   Code   RO         2007    i.HAL_CAN_TxMailbox2AbortCallback  stm32f1xx_hal_can.o
    0x0800d48e   0x0800d48e   0x00000002   Code   RO         2008    i.HAL_CAN_TxMailbox2CompleteCallback  stm32f1xx_hal_can.o
    0x0800d490   0x0800d490   0x00000002   Code   RO         2010    i.HAL_CAN_WakeUpFromRxMsgCallback  stm32f1xx_hal_can.o
    0x0800d492   0x0800d492   0x00000028   Code   RO         3217    i.HAL_CRC_Accumulate  stm32f1xx_hal_crc.o
    0x0800d4ba   0x0800d4ba   0x00000020   Code   RO         3221    i.HAL_CRC_Init      stm32f1xx_hal_crc.o
    0x0800d4da   0x0800d4da   0x00000002   PAD
    0x0800d4dc   0x0800d4dc   0x00000030   Code   RO          562    i.HAL_CRC_MspInit   crc.o
    0x0800d50c   0x0800d50c   0x00000056   Code   RO         2595    i.HAL_DMA_Abort     stm32f1xx_hal_dma.o
    0x0800d562   0x0800d562   0x00000002   PAD
    0x0800d564   0x0800d564   0x000001a8   Code   RO         2596    i.HAL_DMA_Abort_IT  stm32f1xx_hal_dma.o
    0x0800d70c   0x0800d70c   0x00000398   Code   RO         2600    i.HAL_DMA_IRQHandler  stm32f1xx_hal_dma.o
    0x0800daa4   0x0800daa4   0x0000008c   Code   RO         2601    i.HAL_DMA_Init      stm32f1xx_hal_dma.o
    0x0800db30   0x0800db30   0x0000009c   Code   RO         2605    i.HAL_DMA_Start_IT  stm32f1xx_hal_dma.o
    0x0800dbcc   0x0800dbcc   0x00000028   Code   RO         2216    i.HAL_Delay         stm32f1xx_hal.o
    0x0800dbf4   0x0800dbf4   0x00000340   Code   RO         2531    i.HAL_GPIO_Init     stm32f1xx_hal_gpio.o
    0x0800df34   0x0800df34   0x00000014   Code   RO         2534    i.HAL_GPIO_TogglePin  stm32f1xx_hal_gpio.o
    0x0800df48   0x0800df48   0x0000000c   Code   RO         2535    i.HAL_GPIO_WritePin  stm32f1xx_hal_gpio.o
    0x0800df54   0x0800df54   0x0000000c   Code   RO         2220    i.HAL_GetTick       stm32f1xx_hal.o
    0x0800df60   0x0800df60   0x000001d0   Code   RO         3288    i.HAL_I2C_Init      stm32f1xx_hal_i2c.o
    0x0800e130   0x0800e130   0x00000164   Code   RO         3309    i.HAL_I2C_Mem_Write  stm32f1xx_hal_i2c.o
    0x0800e294   0x0800e294   0x00000074   Code   RO          628    i.HAL_I2C_MspInit   i2c.o
    0x0800e308   0x0800e308   0x00000018   Code   RO         2226    i.HAL_IncTick       stm32f1xx_hal.o
    0x0800e320   0x0800e320   0x00000028   Code   RO         2227    i.HAL_Init          stm32f1xx_hal.o
    0x0800e348   0x0800e348   0x000000b4   Code   RO          916    i.HAL_InitTick      stm32f1xx_hal_timebase_tim.o
    0x0800e3fc   0x0800e3fc   0x00000060   Code   RO          892    i.HAL_MspInit       stm32f1xx_hal_msp.o
    0x0800e45c   0x0800e45c   0x00000020   Code   RO         2691    i.HAL_NVIC_EnableIRQ  stm32f1xx_hal_cortex.o
    0x0800e47c   0x0800e47c   0x0000007c   Code   RO         2697    i.HAL_NVIC_SetPriority  stm32f1xx_hal_cortex.o
    0x0800e4f8   0x0800e4f8   0x00000028   Code   RO         2698    i.HAL_NVIC_SetPriorityGrouping  stm32f1xx_hal_cortex.o
    0x0800e520   0x0800e520   0x00000044   Code   RO         2699    i.HAL_NVIC_SystemReset  stm32f1xx_hal_cortex.o
    0x0800e564   0x0800e564   0x0000018c   Code   RO         2384    i.HAL_RCC_ClockConfig  stm32f1xx_hal_rcc.o
    0x0800e6f0   0x0800e6f0   0x00000044   Code   RO         2388    i.HAL_RCC_GetClockConfig  stm32f1xx_hal_rcc.o
    0x0800e734   0x0800e734   0x0000000c   Code   RO         2389    i.HAL_RCC_GetHCLKFreq  stm32f1xx_hal_rcc.o
    0x0800e740   0x0800e740   0x00000020   Code   RO         2391    i.HAL_RCC_GetPCLK1Freq  stm32f1xx_hal_rcc.o
    0x0800e760   0x0800e760   0x00000020   Code   RO         2392    i.HAL_RCC_GetPCLK2Freq  stm32f1xx_hal_rcc.o
    0x0800e780   0x0800e780   0x00000070   Code   RO         2393    i.HAL_RCC_GetSysClockFreq  stm32f1xx_hal_rcc.o
    0x0800e7f0   0x0800e7f0   0x00000464   Code   RO         2396    i.HAL_RCC_OscConfig  stm32f1xx_hal_rcc.o
    0x0800ec54   0x0800ec54   0x000000be   Code   RO         3765    i.HAL_SPI_Init      stm32f1xx_hal_spi.o
    0x0800ed12   0x0800ed12   0x00000002   PAD
    0x0800ed14   0x0800ed14   0x00000088   Code   RO          670    i.HAL_SPI_MspInit   spi.o
    0x0800ed9c   0x0800ed9c   0x00000182   Code   RO         3768    i.HAL_SPI_Receive   stm32f1xx_hal_spi.o
    0x0800ef1e   0x0800ef1e   0x000001be   Code   RO         3773    i.HAL_SPI_Transmit  stm32f1xx_hal_spi.o
    0x0800f0dc   0x0800f0dc   0x00000248   Code   RO         3774    i.HAL_SPI_TransmitReceive  stm32f1xx_hal_spi.o
    0x0800f324   0x0800f324   0x00000002   Code   RO         1708    i.HAL_TIMEx_BreakCallback  stm32f1xx_hal_tim_ex.o
    0x0800f326   0x0800f326   0x00000002   Code   RO         1709    i.HAL_TIMEx_CommutCallback  stm32f1xx_hal_tim_ex.o
    0x0800f328   0x0800f328   0x00000066   Code   RO          993    i.HAL_TIM_Base_Init  stm32f1xx_hal_tim.o
    0x0800f38e   0x0800f38e   0x00000002   Code   RO          995    i.HAL_TIM_Base_MspInit  stm32f1xx_hal_tim.o
    0x0800f390   0x0800f390   0x00000090   Code   RO          998    i.HAL_TIM_Base_Start_IT  stm32f1xx_hal_tim.o
    0x0800f420   0x0800f420   0x00000002   Code   RO         1027    i.HAL_TIM_IC_CaptureCallback  stm32f1xx_hal_tim.o
    0x0800f422   0x0800f422   0x0000016c   Code   RO         1041    i.HAL_TIM_IRQHandler  stm32f1xx_hal_tim.o
    0x0800f58e   0x0800f58e   0x00000002   Code   RO         1044    i.HAL_TIM_OC_DelayElapsedCallback  stm32f1xx_hal_tim.o
    0x0800f590   0x0800f590   0x00000002   Code   RO         1071    i.HAL_TIM_PWM_PulseFinishedCallback  stm32f1xx_hal_tim.o
    0x0800f592   0x0800f592   0x00000002   PAD
    0x0800f594   0x0800f594   0x00000018   Code   RO           14    i.HAL_TIM_PeriodElapsedCallback  main.o
    0x0800f5ac   0x0800f5ac   0x00000002   Code   RO         1084    i.HAL_TIM_TriggerCallback  stm32f1xx_hal_tim.o
    0x0800f5ae   0x0800f5ae   0x00000072   Code   RO         4087    i.HAL_UARTEx_ReceiveToIdle_IT  stm32f1xx_hal_uart.o
    0x0800f620   0x0800f620   0x000000c0   Code   RO          711    i.HAL_UARTEx_RxEventCallback  usart.o
    0x0800f6e0   0x0800f6e0   0x00000002   Code   RO         4102    i.HAL_UART_ErrorCallback  stm32f1xx_hal_uart.o
    0x0800f6e2   0x0800f6e2   0x00000002   PAD
    0x0800f6e4   0x0800f6e4   0x000002e4   Code   RO         4105    i.HAL_UART_IRQHandler  stm32f1xx_hal_uart.o
    0x0800f9c8   0x0800f9c8   0x00000076   Code   RO         4106    i.HAL_UART_Init     stm32f1xx_hal_uart.o
    0x0800fa3e   0x0800fa3e   0x00000002   PAD
    0x0800fa40   0x0800fa40   0x000001f8   Code   RO          713    i.HAL_UART_MspInit  usart.o
    0x0800fc38   0x0800fc38   0x0000002c   Code   RO         4110    i.HAL_UART_Receive_DMA  stm32f1xx_hal_uart.o
    0x0800fc64   0x0800fc64   0x0000002c   Code   RO         4111    i.HAL_UART_Receive_IT  stm32f1xx_hal_uart.o
    0x0800fc90   0x0800fc90   0x000000fc   Code   RO          714    i.HAL_UART_RxCpltCallback  usart.o
    0x0800fd8c   0x0800fd8c   0x00000002   Code   RO         4113    i.HAL_UART_RxHalfCpltCallback  stm32f1xx_hal_uart.o
    0x0800fd8e   0x0800fd8e   0x000000be   Code   RO         4114    i.HAL_UART_Transmit  stm32f1xx_hal_uart.o
    0x0800fe4c   0x0800fe4c   0x00000002   Code   RO         4117    i.HAL_UART_TxCpltCallback  stm32f1xx_hal_uart.o
    0x0800fe4e   0x0800fe4e   0x00000004   Code   RO          796    i.HardFault_Handler  stm32f1xx_it.o
    0x0800fe52   0x0800fe52   0x0000003e   Code   RO         3332    i.I2C_IsAcknowledgeFailed  stm32f1xx_hal_i2c.o
    0x0800fe90   0x0800fe90   0x000000e0   Code   RO         3344    i.I2C_RequestMemoryWrite  stm32f1xx_hal_i2c.o
    0x0800ff70   0x0800ff70   0x00000066   Code   RO         3352    i.I2C_WaitOnBTFFlagUntilTimeout  stm32f1xx_hal_i2c.o
    0x0800ffd6   0x0800ffd6   0x000000be   Code   RO         3353    i.I2C_WaitOnFlagUntilTimeout  stm32f1xx_hal_i2c.o
    0x08010094   0x08010094   0x000000fa   Code   RO         3354    i.I2C_WaitOnMasterAddressFlagUntilTimeout  stm32f1xx_hal_i2c.o
    0x0801018e   0x0801018e   0x00000066   Code   RO         3358    i.I2C_WaitOnTXEFlagUntilTimeout  stm32f1xx_hal_i2c.o
    0x080101f4   0x080101f4   0x00000044   Code   RO         8263    i.Int_CAN_config_filter  int_can.o
    0x08010238   0x08010238   0x00000028   Code   RO         8265    i.Int_CAN_init_IT   int_can.o
    0x08010260   0x08010260   0x00000040   Code   RO         8267    i.Int_CAN_send      int_can.o
    0x080102a0   0x080102a0   0x000000cc   Code   RO         8313    i.Int_w24c02_write_bytes  int_w24c02.o
    0x0801036c   0x0801036c   0x00000036   Code   RO         8355    i.Int_w25q32_erase_sector  int_w25q32.o
    0x080103a2   0x080103a2   0x00000002   PAD
    0x080103a4   0x080103a4   0x00000018   Code   RO         8356    i.Int_w25q32_read_byte  int_w25q32.o
    0x080103bc   0x080103bc   0x00000048   Code   RO         8358    i.Int_w25q32_read_data_with_32addr  int_w25q32.o
    0x08010404   0x08010404   0x00000014   Code   RO         8360    i.Int_w25q32_start  int_w25q32.o
    0x08010418   0x08010418   0x00000014   Code   RO         8361    i.Int_w25q32_stop   int_w25q32.o
    0x0801042c   0x0801042c   0x00000028   Code   RO         8362    i.Int_w25q32_wait_busy  int_w25q32.o
    0x08010454   0x08010454   0x00000014   Code   RO         8363    i.Int_w25q32_write_byte  int_w25q32.o
    0x08010468   0x08010468   0x00000048   Code   RO         8365    i.Int_w25q32_write_data_with_32addr  int_w25q32.o
    0x080104b0   0x080104b0   0x00000016   Code   RO         8366    i.Int_w25q32_write_enable  int_w25q32.o
    0x080104c6   0x080104c6   0x00000002   PAD
    0x080104c8   0x080104c8   0x0000004c   Code   RO          500    i.MX_CAN_Init       can.o
    0x08010514   0x08010514   0x00000020   Code   RO          563    i.MX_CRC_Init       crc.o
    0x08010534   0x08010534   0x00000034   Code   RO          603    i.MX_DMA_Init       dma.o
    0x08010568   0x08010568   0x00000024   Code   RO          266    i.MX_FREERTOS_Init  freertos.o
    0x0801058c   0x0801058c   0x000000e8   Code   RO          240    i.MX_GPIO_Init      gpio.o
    0x08010674   0x08010674   0x0000003c   Code   RO          629    i.MX_I2C1_Init      i2c.o
    0x080106b0   0x080106b0   0x00000044   Code   RO          671    i.MX_SPI2_Init      spi.o
    0x080106f4   0x080106f4   0x00000044   Code   RO          715    i.MX_USART1_UART_Init  usart.o
    0x08010738   0x08010738   0x00000044   Code   RO          716    i.MX_USART2_UART_Init  usart.o
    0x0801077c   0x0801077c   0x0000004c   Code   RO          717    i.MX_USART3_UART_Init  usart.o
    0x080107c8   0x080107c8   0x00000004   Code   RO          797    i.MemManage_Handler  stm32f1xx_it.o
    0x080107cc   0x080107cc   0x00000004   Code   RO          798    i.NMI_Handler       stm32f1xx_it.o
    0x080107d0   0x080107d0   0x00000028   Code   RO         4498    i.OLED_Clear        oled.o
    0x080107f8   0x080107f8   0x00000090   Code   RO         4499    i.OLED_ClearArea    oled.o
    0x08010888   0x08010888   0x0000003e   Code   RO         4508    i.OLED_I2C_SendByte  oled.o
    0x080108c6   0x080108c6   0x0000001c   Code   RO         4509    i.OLED_I2C_Start    oled.o
    0x080108e2   0x080108e2   0x00000016   Code   RO         4510    i.OLED_I2C_Stop     oled.o
    0x080108f8   0x080108f8   0x000000a8   Code   RO         4511    i.OLED_Init         oled.o
    0x080109a0   0x080109a0   0x00000032   Code   RO         4514    i.OLED_Printf       oled.o
    0x080109d2   0x080109d2   0x00000022   Code   RO         4517    i.OLED_SetCursor    oled.o
    0x080109f4   0x080109f4   0x00000054   Code   RO         4519    i.OLED_ShowChar     oled.o
    0x08010a48   0x08010a48   0x000000fc   Code   RO         4522    i.OLED_ShowImage    oled.o
    0x08010b44   0x08010b44   0x000001c4   Code   RO         4525    i.OLED_ShowString   oled.o
    0x08010d08   0x08010d08   0x00000028   Code   RO         4526    i.OLED_Update       oled.o
    0x08010d30   0x08010d30   0x0000007c   Code   RO         4527    i.OLED_UpdateArea   oled.o
    0x08010dac   0x08010dac   0x00000024   Code   RO         4528    i.OLED_W_SCL        oled.o
    0x08010dd0   0x08010dd0   0x00000024   Code   RO         4529    i.OLED_W_SDA        oled.o
    0x08010df4   0x08010df4   0x00000020   Code   RO         4530    i.OLED_WriteCommand  oled.o
    0x08010e14   0x08010e14   0x0000002e   Code   RO         4531    i.OLED_WriteData    oled.o
    0x08010e42   0x08010e42   0x00000002   PAD
    0x08010e44   0x08010e44   0x00000028   Code   RO         2397    i.RCC_Delay         stm32f1xx_hal_rcc.o
    0x08010e6c   0x08010e6c   0x00000078   Code   RO         3802    i.SPI_EndRxTransaction  stm32f1xx_hal_spi.o
    0x08010ee4   0x08010ee4   0x00000044   Code   RO         3803    i.SPI_EndRxTxTransaction  stm32f1xx_hal_spi.o
    0x08010f28   0x08010f28   0x000000d8   Code   RO         3808    i.SPI_WaitFlagStateUntilTimeout  stm32f1xx_hal_spi.o
    0x08011000   0x08011000   0x00000154   Code   RO          267    i.StartDefaultTask  freertos.o
    0x08011154   0x08011154   0x00000016   Code   RO         5930    i.SysTick_Handler   cmsis_os2.o
    0x0801116a   0x0801116a   0x00000066   Code   RO           15    i.SystemClock_Config  main.o
    0x080111d0   0x080111d0   0x00000002   Code   RO         4450    i.SystemInit        system_stm32f1xx.o
    0x080111d2   0x080111d2   0x00000002   PAD
    0x080111d4   0x080111d4   0x00000010   Code   RO          799    i.TIM4_IRQHandler   stm32f1xx_it.o
    0x080111e4   0x080111e4   0x000000ac   Code   RO         1086    i.TIM_Base_SetConfig  stm32f1xx_hal_tim.o
    0x08011290   0x08011290   0x00000014   Code   RO         4119    i.UART_DMAAbortOnError  stm32f1xx_hal_uart.o
    0x080112a4   0x080112a4   0x00000050   Code   RO         4120    i.UART_DMAError     stm32f1xx_hal_uart.o
    0x080112f4   0x080112f4   0x000000b4   Code   RO         4121    i.UART_DMAReceiveCplt  stm32f1xx_hal_uart.o
    0x080113a8   0x080113a8   0x00000024   Code   RO         4123    i.UART_DMARxHalfCplt  stm32f1xx_hal_uart.o
    0x080113cc   0x080113cc   0x0000006c   Code   RO         4129    i.UART_EndRxTransfer  stm32f1xx_hal_uart.o
    0x08011438   0x08011438   0x00000020   Code   RO         4130    i.UART_EndTransmit_IT  stm32f1xx_hal_uart.o
    0x08011458   0x08011458   0x00000026   Code   RO         4131    i.UART_EndTxTransfer  stm32f1xx_hal_uart.o
    0x0801147e   0x0801147e   0x000000fc   Code   RO         4132    i.UART_Receive_IT   stm32f1xx_hal_uart.o
    0x0801157a   0x0801157a   0x00000002   PAD
    0x0801157c   0x0801157c   0x000000fc   Code   RO         4133    i.UART_SetConfig    stm32f1xx_hal_uart.o
    0x08011678   0x08011678   0x000000c8   Code   RO         4134    i.UART_Start_Receive_DMA  stm32f1xx_hal_uart.o
    0x08011740   0x08011740   0x00000040   Code   RO         4135    i.UART_Start_Receive_IT  stm32f1xx_hal_uart.o
    0x08011780   0x08011780   0x00000060   Code   RO         4136    i.UART_Transmit_IT  stm32f1xx_hal_uart.o
    0x080117e0   0x080117e0   0x0000008c   Code   RO         4137    i.UART_WaitOnFlagUntilTimeout  stm32f1xx_hal_uart.o
    0x0801186c   0x0801186c   0x00000010   Code   RO          800    i.USART1_IRQHandler  stm32f1xx_it.o
    0x0801187c   0x0801187c   0x00000010   Code   RO          801    i.USART2_IRQHandler  stm32f1xx_it.o
    0x0801188c   0x0801188c   0x00000010   Code   RO          802    i.USART3_IRQHandler  stm32f1xx_it.o
    0x0801189c   0x0801189c   0x00000010   Code   RO          803    i.USB_LP_CAN1_RX0_IRQHandler  stm32f1xx_it.o
    0x080118ac   0x080118ac   0x00000004   Code   RO          804    i.UsageFault_Handler  stm32f1xx_it.o
    0x080118b0   0x080118b0   0x00000020   Code   RO         8795    i.__0printf         mc_w.l(printfa.o)
    0x080118d0   0x080118d0   0x00000024   Code   RO         8801    i.__0vsprintf       mc_w.l(printfa.o)
    0x080118f4   0x080118f4   0x00000010   Code   RO         2704    i.__NVIC_GetPriorityGrouping  stm32f1xx_hal_cortex.o
    0x08011904   0x08011904   0x00000028   Code   RO         2705    i.__NVIC_SetPriority  stm32f1xx_hal_cortex.o
    0x0801192c   0x0801192c   0x00000006   Code   RO         5932    i.__get_IPSR        cmsis_os2.o
    0x08011932   0x08011932   0x0000000e   Code   RO         8923    i.__scatterload_copy  mc_w.l(handlers.o)
    0x08011940   0x08011940   0x00000002   Code   RO         8924    i.__scatterload_null  mc_w.l(handlers.o)
    0x08011942   0x08011942   0x0000000e   Code   RO         8925    i.__scatterload_zeroinit  mc_w.l(handlers.o)
    0x08011950   0x08011950   0x00000184   Code   RO         8802    i._fp_digits        mc_w.l(printfa.o)
    0x08011ad4   0x08011ad4   0x000006dc   Code   RO         8803    i._printf_core      mc_w.l(printfa.o)
    0x080121b0   0x080121b0   0x00000024   Code   RO         8804    i._printf_post_padding  mc_w.l(printfa.o)
    0x080121d4   0x080121d4   0x0000002e   Code   RO         8805    i._printf_pre_padding  mc_w.l(printfa.o)
    0x08012202   0x08012202   0x0000000a   Code   RO         8807    i._sputc            mc_w.l(printfa.o)
    0x0801220c   0x0801220c   0x00000008   Code   RO         8197    i.can_adapter_init  can_adapter.o
    0x08012214   0x08012214   0x00000014   Code   RO         8198    i.can_adapter_send  can_adapter.o
    0x08012228   0x08012228   0x00000008   Code   RO         8233    i.can_bus_init      can_bus.o
    0x08012230   0x08012230   0x00000014   Code   RO         8234    i.can_bus_send      can_bus.o
    0x08012244   0x08012244   0x00000030   Code   RO          268    i.can_task          freertos.o
    0x08012274   0x08012274   0x0000000c   Code   RO         4744    i.circle_buf_init   circle_buffer.o
    0x08012280   0x08012280   0x0000002a   Code   RO         4746    i.circle_buf_write  circle_buffer.o
    0x080122aa   0x080122aa   0x00000002   PAD
    0x080122ac   0x080122ac   0x00000018   Code   RO          718    i.fputc             usart.o
    0x080122c4   0x080122c4   0x00000030   Code   RO         8131    i.handle_boot_update  app_update.o
    0x080122f4   0x080122f4   0x00000108   Code   RO         8132    i.handle_check_data  app_update.o
    0x080123fc   0x080123fc   0x000000a4   Code   RO         8133    i.handle_recv_data  app_update.o
    0x080124a0   0x080124a0   0x000000dc   Code   RO         8134    i.handle_send_cmd   app_update.o
    0x0801257c   0x0801257c   0x00000060   Code   RO           16    i.main              main.o
    0x080125dc   0x080125dc   0x0000020c   Code   RO          269    i.oled_task         freertos.o
    0x080127e8   0x080127e8   0x0000001e   Code   RO         5933    i.osDelay           cmsis_os2.o
    0x08012806   0x08012806   0x00000002   PAD
    0x08012808   0x08012808   0x0000002c   Code   RO         5947    i.osKernelInitialize  cmsis_os2.o
    0x08012834   0x08012834   0x00000060   Code   RO         5950    i.osKernelStart     cmsis_os2.o
    0x08012894   0x08012894   0x000000b8   Code   RO         5992    i.osThreadNew       cmsis_os2.o
    0x0801294c   0x0801294c   0x00000118   Code   RO          270    i.ota_task          freertos.o
    0x08012a64   0x08012a64   0x00000020   Code   RO         7916    i.platform_mutex_init  platform_mutex.o
    0x08012a84   0x08012a84   0x00000010   Code   RO         7917    i.platform_mutex_lock  platform_mutex.o
    0x08012a94   0x08012a94   0x0000007c   Code   RO         5355    i.prvAddCurrentTaskToDelayedList  tasks.o
    0x08012b10   0x08012b10   0x000000b8   Code   RO         5356    i.prvAddNewTaskToReadyList  tasks.o
    0x08012bc8   0x08012bc8   0x00000074   Code   RO         5746    i.prvCheckForValidListAndQueue  timers.o
    0x08012c3c   0x08012c3c   0x00000048   Code   RO         5357    i.prvCheckTasksWaitingTermination  tasks.o
    0x08012c84   0x08012c84   0x0000002a   Code   RO         4942    i.prvCopyDataFromQueue  queue.o
    0x08012cae   0x08012cae   0x0000007e   Code   RO         4943    i.prvCopyDataToQueue  queue.o
    0x08012d2c   0x08012d2c   0x00000050   Code   RO         5358    i.prvDeleteTCB      tasks.o
    0x08012d7c   0x08012d7c   0x00000014   Code   RO         4944    i.prvGetDisinheritPriorityAfterTimeout  queue.o
    0x08012d90   0x08012d90   0x00000028   Code   RO         5747    i.prvGetNextExpireTime  timers.o
    0x08012db8   0x08012db8   0x0000007c   Code   RO         6463    i.prvHeapInit       heap_4.o
    0x08012e34   0x08012e34   0x0000002c   Code   RO         5359    i.prvIdleTask       tasks.o
    0x08012e60   0x08012e60   0x0000001e   Code   RO         4945    i.prvInitialiseMutex  queue.o
    0x08012e7e   0x08012e7e   0x0000002a   Code   RO         4946    i.prvInitialiseNewQueue  queue.o
    0x08012ea8   0x08012ea8   0x000000be   Code   RO         5360    i.prvInitialiseNewTask  tasks.o
    0x08012f66   0x08012f66   0x00000002   PAD
    0x08012f68   0x08012f68   0x00000068   Code   RO         5361    i.prvInitialiseTaskLists  tasks.o
    0x08012fd0   0x08012fd0   0x00000068   Code   RO         6464    i.prvInsertBlockIntoFreeList  heap_4.o
    0x08013038   0x08013038   0x00000058   Code   RO         5749    i.prvInsertTimerInActiveList  timers.o
    0x08013090   0x08013090   0x0000001a   Code   RO         4947    i.prvIsQueueEmpty   queue.o
    0x080130aa   0x080130aa   0x0000001e   Code   RO         4948    i.prvIsQueueFull    queue.o
    0x080130c8   0x080130c8   0x00000074   Code   RO         5750    i.prvProcessExpiredTimer  timers.o
    0x0801313c   0x0801313c   0x00000164   Code   RO         5751    i.prvProcessReceivedCommands  timers.o
    0x080132a0   0x080132a0   0x00000074   Code   RO         5752    i.prvProcessTimerOrBlockTask  timers.o
    0x08013314   0x08013314   0x00000034   Code   RO         5363    i.prvResetNextTaskUnblockTime  tasks.o
    0x08013348   0x08013348   0x0000002c   Code   RO         5753    i.prvSampleTimeNow  timers.o
    0x08013374   0x08013374   0x000000a4   Code   RO         5754    i.prvSwitchTimerLists  timers.o
    0x08013418   0x08013418   0x00000040   Code   RO         6519    i.prvTaskExitError  port.o
    0x08013458   0x08013458   0x0000001a   Code   RO         5755    i.prvTimerTask      timers.o
    0x08013472   0x08013472   0x0000007e   Code   RO         4949    i.prvUnlockQueue    queue.o
    0x080134f0   0x080134f0   0x0000014c   Code   RO         6465    i.pvPortMalloc      heap_4.o
    0x0801363c   0x0801363c   0x00000020   Code   RO         5367    i.pvTaskIncrementMutexHeldCount  tasks.o
    0x0801365c   0x0801365c   0x00000024   Code   RO         6520    i.pxPortInitialiseStack  port.o
    0x08013680   0x08013680   0x00000010   Code   RO         8485    i.storage_adapter_erase_sector  storage_adapter.o
    0x08013690   0x08013690   0x00000014   Code   RO         8486    i.storage_adapter_read_flash  storage_adapter.o
    0x080136a4   0x080136a4   0x00000014   Code   RO         8487    i.storage_adapter_write_eeprom  storage_adapter.o
    0x080136b8   0x080136b8   0x00000014   Code   RO         8488    i.storage_adapter_write_flash  storage_adapter.o
    0x080136cc   0x080136cc   0x00000018   Code   RO         8443    i.storage_erase_firmware_area  storage.o
    0x080136e4   0x080136e4   0x00000014   Code   RO         8444    i.storage_read_firmware  storage.o
    0x080136f8   0x080136f8   0x00000024   Code   RO         8445    i.storage_set_boot_flag  storage.o
    0x0801371c   0x0801371c   0x00000014   Code   RO         8446    i.storage_write_firmware  storage.o
    0x08013730   0x08013730   0x00000050   Code   RO         8447    i.storage_write_metadata  storage.o
    0x08013780   0x08013780   0x00000028   Code   RO         4902    i.uxListRemove      list.o
    0x080137a8   0x080137a8   0x00000018   Code   RO         6004    i.vApplicationGetIdleTaskMemory  cmsis_os2.o
    0x080137c0   0x080137c0   0x00000018   Code   RO         6005    i.vApplicationGetTimerTaskMemory  cmsis_os2.o
    0x080137d8   0x080137d8   0x00000002   Code   RO         6006    i.vApplicationIdleHook  cmsis_os2.o
    0x080137da   0x080137da   0x0000001a   Code   RO         4903    i.vListInitialise   list.o
    0x080137f4   0x080137f4   0x00000006   Code   RO         4904    i.vListInitialiseItem  list.o
    0x080137fa   0x080137fa   0x00000034   Code   RO         4905    i.vListInsert       list.o
    0x0801382e   0x0801382e   0x00000018   Code   RO         4906    i.vListInsertEnd    list.o
    0x08013846   0x08013846   0x00000002   PAD
    0x08013848   0x08013848   0x00000054   Code   RO         6522    i.vPortEnterCritical  port.o
    0x0801389c   0x0801389c   0x0000003c   Code   RO         6523    i.vPortExitCritical  port.o
    0x080138d8   0x080138d8   0x000000a4   Code   RO         6466    i.vPortFree         heap_4.o
    0x0801397c   0x0801397c   0x00000028   Code   RO         6524    i.vPortSetupTimerInterrupt  port.o
    0x080139a4   0x080139a4   0x00000078   Code   RO         6525    i.vPortValidateInterruptPriority  port.o
    0x08013a1c   0x08013a1c   0x0000002c   Code   RO         4955    i.vQueueAddToRegistry  queue.o
    0x08013a48   0x08013a48   0x0000004a   Code   RO         4959    i.vQueueWaitForMessageRestricted  queue.o
    0x08013a92   0x08013a92   0x00000002   PAD
    0x08013a94   0x08013a94   0x0000005c   Code   RO         5377    i.vTaskDelay        tasks.o
    0x08013af0   0x08013af0   0x000000c8   Code   RO         5379    i.vTaskDelete       tasks.o
    0x08013bb8   0x08013bb8   0x00000018   Code   RO         5382    i.vTaskInternalSetTimeOutState  tasks.o
    0x08013bd0   0x08013bd0   0x0000000c   Code   RO         5384    i.vTaskMissedYield  tasks.o
    0x08013bdc   0x08013bdc   0x000000ec   Code   RO         5385    i.vTaskNotifyGiveFromISR  tasks.o
    0x08013cc8   0x08013cc8   0x00000038   Code   RO         5386    i.vTaskPlaceOnEventList  tasks.o
    0x08013d00   0x08013d00   0x00000040   Code   RO         5387    i.vTaskPlaceOnEventListRestricted  tasks.o
    0x08013d40   0x08013d40   0x000000d0   Code   RO         5389    i.vTaskPriorityDisinheritAfterTimeout  tasks.o
    0x08013e10   0x08013e10   0x000000b8   Code   RO         5395    i.vTaskStartScheduler  tasks.o
    0x08013ec8   0x08013ec8   0x000000c8   Code   RO         5396    i.vTaskSuspend      tasks.o
    0x08013f90   0x08013f90   0x00000010   Code   RO         5397    i.vTaskSuspendAll   tasks.o
    0x08013fa0   0x08013fa0   0x00000090   Code   RO         5398    i.vTaskSwitchContext  tasks.o
    0x08014030   0x08014030   0x000000e0   Code   RO          271    i.voice_task        freertos.o
    0x08014110   0x08014110   0x000000f8   Code   RO         6526    i.xPortStartScheduler  port.o
    0x08014208   0x08014208   0x00000034   Code   RO         6527    i.xPortSysTickHandler  port.o
    0x0801423c   0x0801423c   0x00000022   Code   RO         4962    i.xQueueCreateMutex  queue.o
    0x0801425e   0x0801425e   0x0000005a   Code   RO         4964    i.xQueueGenericCreate  queue.o
    0x080142b8   0x080142b8   0x000000e0   Code   RO         4965    i.xQueueGenericCreateStatic  queue.o
    0x08014398   0x08014398   0x00000098   Code   RO         4966    i.xQueueGenericReset  queue.o
    0x08014430   0x08014430   0x000001a8   Code   RO         4967    i.xQueueGenericSend  queue.o
    0x080145d8   0x080145d8   0x000000fc   Code   RO         4968    i.xQueueGenericSendFromISR  queue.o
    0x080146d4   0x080146d4   0x000000e0   Code   RO         4971    i.xQueueGiveFromISR  queue.o
    0x080147b4   0x080147b4   0x00000168   Code   RO         4977    i.xQueueReceive     queue.o
    0x0801491c   0x0801491c   0x000001b8   Code   RO         4979    i.xQueueSemaphoreTake  queue.o
    0x08014ad4   0x08014ad4   0x0000008c   Code   RO         5400    i.xTaskCheckForTimeOut  tasks.o
    0x08014b60   0x08014b60   0x00000064   Code   RO         5401    i.xTaskCreate       tasks.o
    0x08014bc4   0x08014bc4   0x000000ba   Code   RO         5402    i.xTaskCreateStatic  tasks.o
    0x08014c7e   0x08014c7e   0x00000002   PAD
    0x08014c80   0x08014c80   0x00000020   Code   RO         5406    i.xTaskGetSchedulerState  tasks.o
    0x08014ca0   0x08014ca0   0x0000000c   Code   RO         5407    i.xTaskGetTickCount  tasks.o
    0x08014cac   0x08014cac   0x00000144   Code   RO         5409    i.xTaskIncrementTick  tasks.o
    0x08014df0   0x08014df0   0x000000a4   Code   RO         5412    i.xTaskPriorityDisinherit  tasks.o
    0x08014e94   0x08014e94   0x000000a4   Code   RO         5413    i.xTaskPriorityInherit  tasks.o
    0x08014f38   0x08014f38   0x00000098   Code   RO         5414    i.xTaskRemoveFromEventList  tasks.o
    0x08014fd0   0x08014fd0   0x00000104   Code   RO         5415    i.xTaskResumeAll    tasks.o
    0x080150d4   0x080150d4   0x00000078   Code   RO         5764    i.xTimerCreateTimerTask  timers.o
    0x0801514c   0x0801514c   0x00000084   Code   RO         5765    i.xTimerGenericCommand  timers.o
    0x080151d0   0x080151d0   0x00000036   Data   RO          272    .constdata          freertos.o
    0x08015206   0x08015206   0x00000012   Data   RO         2398    .constdata          stm32f1xx_hal_rcc.o
    0x08015218   0x08015218   0x00000018   Data   RO         4451    .constdata          system_stm32f1xx.o
    0x08015230   0x08015230   0x00000a75   Data   RO         4483    .constdata          oled_data.o
    0x08015ca5   0x08015ca5   0x00000003   PAD
    0x08015ca8   0x08015ca8   0x0000000c   Data   RO          273    .conststring        freertos.o
    0x08015cb4   0x08015cb4   0x00000020   Data   RO         8921    Region$$Table       anon$$obj.o


    Execution Region RW_IRAM1 (Exec base: 0x20000000, Load base: 0x08015cd4, Size: 0x00003ca0, Max: 0x00010000, ABSOLUTE)

    Exec Addr    Load Addr    Size         Type   Attr      Idx    E Section Name        Object

    0x20000000   0x08015cd4   0x0000002c   Data   RW          274    .data               freertos.o
    0x2000002c   0x08015d00   0x00000008   Data   RW          564    .data               crc.o
    0x20000034   0x08015d08   0x00000005   Data   RW          721    .data               usart.o
    0x20000039   0x08015d0d   0x00000003   PAD
    0x2000003c   0x08015d10   0x00000009   Data   RW         2234    .data               stm32f1xx_hal.o
    0x20000045   0x08015d19   0x00000003   PAD
    0x20000048   0x08015d1c   0x00000004   Data   RW         4452    .data               system_stm32f1xx.o
    0x2000004c   0x08015d20   0x0000003c   Data   RW         5418    .data               tasks.o
    0x20000088   0x08015d5c   0x00000014   Data   RW         5773    .data               timers.o
    0x2000009c   0x08015d70   0x00000004   Data   RW         6008    .data               cmsis_os2.o
    0x200000a0   0x08015d74   0x00000020   Data   RW         6472    .data               heap_4.o
    0x200000c0   0x08015d94   0x0000000c   Data   RW         6528    .data               port.o
    0x200000cc   0x08015da0   0x00000015   Data   RW         7812    .data               platform_esp8266_at.o
    0x200000e1   0x08015db5   0x00000003   PAD
    0x200000e4   0x08015db8   0x00000028   Data   RW         8136    .data               app_update.o
    0x2000010c   0x08015de0   0x00000004   Data   RW         8888    .data               mc_w.l(stdout.o)
    0x20000110        -       0x00000028   Zero   RW          501    .bss                can.o
    0x20000138        -       0x00000054   Zero   RW          630    .bss                i2c.o
    0x2000018c        -       0x00000058   Zero   RW          672    .bss                spi.o
    0x200001e4        -       0x0000034c   Zero   RW          720    .bss                usart.o
    0x20000530        -       0x00000048   Zero   RW          919    .bss                stm32f1xx_hal_timebase_tim.o
    0x20000578        -       0x00000400   Zero   RW         4533    .bss                oled.o
    0x20000978        -       0x00000040   Zero   RW         4981    .bss                queue.o
    0x200009b8        -       0x000004c4   Zero   RW         5417    .bss                tasks.o
    0x20000e7c        -       0x00000118   Zero   RW         5772    .bss                timers.o
    0x20000f94        -       0x000006b8   Zero   RW         6007    .bss                cmsis_os2.o
    0x2000164c        -       0x00001f40   Zero   RW         6471    .bss                heap_4.o
    0x2000358c        -       0x00000110   Zero   RW         7811    .bss                platform_esp8266_at.o
    0x2000369c        -       0x00000200   Zero   RW         8135    .bss                app_update.o
    0x2000389c   0x08015de4   0x00000004   PAD
    0x200038a0        -       0x00000400   Zero   RW            1    STACK               startup_stm32f103xe.o


==============================================================================

Image component sizes


      Code (inc. data)   RO Data    RW Data    ZI Data      Debug   Object Name

      1016        332          0         40        512       6035   app_update.o
       640         48          0          0         40       5190   can.o
        28          0          0          0          0       1914   can_adapter.o
        28          0          0          0          0       1438   can_bus.o
        54          0          0          0          0       2149   circle_buffer.o
       432         38          0          4       1720      56422   cmsis_os2.o
        80         18          0          8          0       1507   crc.o
        52          4          0          0          0        770   dma.o
         0          0          0          0          0      19640   event_groups.o
      1452        400         66         44          0      13498   freertos.o
       232         10          0          0          0       1007   gpio.o
       724         74          0         32       8000       4847   heap_4.o
       176         24          0          0         84       1665   i2c.o
       172         18          0          0          0       2133   int_can.o
       204         36          0          0          0       1229   int_w24c02.o
       344         18          0          0          0       5589   int_w25q32.o
       148          0          0          0          0       3502   list.o
       228         18          0          0          0     536280   main.o
      1650         54          0          0       1024      12166   oled.o
         0          0       2677          0          0       1194   oled_data.o
        68         20          0         21        272       3735   platform_esp8266_at.o
        48          0          0          0          0       1676   platform_mutex.o
       854         78          0         12          0      11073   port.o
      2760         26          0          0         64      23172   queue.o
       204         20          0          0         88       1693   spi.o
        36          8        304          0       1024        816   startup_stm32f103xe.o
       116         24          0          9          0       5954   stm32f1xx_hal.o
      2214          0          0          0          0      14894   stm32f1xx_hal_can.o
       320         30          0          0          0      29381   stm32f1xx_hal_cortex.o
        72          0          0          0          0       1824   stm32f1xx_hal_crc.o
      1770         28          0          0          0       5382   stm32f1xx_hal_dma.o
       864         40          0          0          0       3361   stm32f1xx_hal_gpio.o
      1750         30          0          0          0       8311   stm32f1xx_hal_i2c.o
        96         10          0          0          0        922   stm32f1xx_hal_msp.o
      1816        108         18          0          0       6713   stm32f1xx_hal_rcc.o
      2010          6          0          0          0       7594   stm32f1xx_hal_spi.o
       792         44          0          0          0       6458   stm32f1xx_hal_tim.o
         4          0          0          0          0       1593   stm32f1xx_hal_tim_ex.o
       180         22          0          0         72       1511   stm32f1xx_hal_timebase_tim.o
      2754         22          0          0          0      17483   stm32f1xx_hal_uart.o
       134         42          0          0          0       6073   stm32f1xx_it.o
       180          0          0          0          0       3400   storage.o
        76          0          0          0          0       3013   storage_adapter.o
         0          0          0          0          0        384   stream_buffer.o
         2          0         24          4          0       1163   system_stm32f1xx.o
      3852        460          0         60       1220      32613   tasks.o
      1318        124          0         20        280      30415   timers.o
      1184        236          0          5        844       5673   usart.o

    ----------------------------------------------------------------------
     33174       2470       3124        268      15248     914455   Object Totals
         0          0         32          0          0          0   (incl. Generated)
        40          0          3          9          4          0   (incl. Padding)

    ----------------------------------------------------------------------

      Code (inc. data)   RO Data    RW Data    ZI Data      Debug   Library Member Name

         0          0          0          0          0          0   entry.o
         0          0          0          0          0          0   entry10a.o
         0          0          0          0          0          0   entry11a.o
         8          4          0          0          0          0   entry2.o
         4          0          0          0          0          0   entry5.o
         0          0          0          0          0          0   entry7b.o
         0          0          0          0          0          0   entry8b.o
         8          4          0          0          0          0   entry9a.o
        30          0          0          0          0          0   handlers.o
        36          8          0          0          0         68   init.o
         0          0          0          0          0          0   iusefp.o
        30          0          0          0          0         68   llshl.o
        36          0          0          0          0         68   llsshr.o
        32          0          0          0          0         68   llushr.o
        36          0          0          0          0         68   memcpya.o
        36          0          0          0          0        108   memseta.o
      2304         96          0          0          0        600   printfa.o
         0          0          0          4          0          0   stdout.o
        28          0          0          0          0         76   strcmp.o
        14          0          0          0          0         68   strlen.o
        36          0          0          0          0         80   strstr.o
        44          0          0          0          0         80   uidiv.o
        98          0          0          0          0         92   uldiv.o
        48          0          0          0          0         68   cdrcmple.o
       334          0          0          0          0        148   dadd.o
       222          0          0          0          0        100   ddiv.o
       186          0          0          0          0        176   depilogue.o
        48          0          0          0          0         68   dfixul.o
       228          0          0          0          0         96   dmul.o

    ----------------------------------------------------------------------
      3850        112          0          4          0       2100   Library Totals
         4          0          0          0          0          0   (incl. Padding)

    ----------------------------------------------------------------------

      Code (inc. data)   RO Data    RW Data    ZI Data      Debug   Library Name

      2780        112          0          4          0       1444   mc_w.l
      1066          0          0          0          0        656   mf_w.l

    ----------------------------------------------------------------------
      3850        112          0          4          0       2100   Library Totals

    ----------------------------------------------------------------------

==============================================================================


      Code (inc. data)   RO Data    RW Data    ZI Data      Debug   

     37024       2582       3124        272      15248     900899   Grand Totals
     37024       2582       3124        272      15248     900899   ELF Image Totals
     37024       2582       3124        272          0          0   ROM Totals

==============================================================================

    Total RO  Size (Code + RO Data)                40148 (  39.21kB)
    Total RW  Size (RW Data + ZI Data)             15520 (  15.16kB)
    Total ROM Size (Code + RO Data + RW Data)      40420 (  39.47kB)

==============================================================================

